   Compiling vmm_core v0.0.0 (/home/ruize/openvmm-restore-v1/vmm_core)
    Finished `test` profile [unoptimized + debuginfo] target(s) in 1.58s
────────────
 Nextest run ID c3b406b5-4adf-40cb-8fe3-aebaa1524d62 with nextest profile: agent
    Starting 2 tests across 1 binary (31 tests skipped)
  stdout ───

    running 1 test
      2026-09-20T03:39:30.950380Z DEBUG vmm_core::partition_unit::vp_set: new
        at vmm_core/src/partition_unit/vp_set.rs:1513
        in vmm_core::partition_unit::vp_set::run_vp with vp_index: 0

    selected_vp=0 saved_tsc=1000 restored_tsc=1000 final_serialized_tsc=1000 policy_request_tsc=1000 full_register_image_equal=true adjustment=None
      2026-09-20T03:39:30.950873Z DEBUG vmm_core::partition_unit::vp_set: close, time.busy: 206µs, time.idle: 293µs
        at vmm_core/src/partition_unit/vp_set.rs:1513
        in vmm_core::partition_unit::vp_set::run_vp with vp_index: 0

    committed_tsc=[1000]
      2026-09-20T03:39:30.951275Z DEBUG vmm_core::partition_unit::vp_set: new
        at vmm_core/src/partition_unit/vp_set.rs:1513
        in vmm_core::partition_unit::vp_set::run_vp with vp_index: 0

    selected_vp=0 saved_tsc=1001 restored_tsc=1001 final_serialized_tsc=1001 policy_request_tsc=1001 full_register_image_equal=true adjustment=None
      2026-09-20T03:39:30.951681Z DEBUG vmm_core::partition_unit::vp_set: close, time.busy: 147µs, time.idle: 260µs
        at vmm_core/src/partition_unit/vp_set.rs:1513
        in vmm_core::partition_unit::vp_set::run_vp with vp_index: 0

    committed_tsc=[1001]
    test partition_unit::vp_set::restore_tsc_consistency_probe::production_restore_without_tsc_adjustment ... ok

    test result: ok. 1 passed; 0 failed; 0 ignored; 0 measured; 32 filtered out; finished in 0.00s


  stdout ───

    running 1 test
      2026-09-20T03:39:30.950350Z DEBUG vmm_core::partition_unit::vp_set: new
        at vmm_core/src/partition_unit/vp_set.rs:1513
        in vmm_core::partition_unit::vp_set::run_vp with vp_index: 0

      2026-09-20T03:39:30.950720Z DEBUG vmm_core::partition_unit::vp_set: adjusted restored vCPU TSC, previous_tsc: 1000, requested_tsc: 2000, observed_tsc: 2000, cycles: 1000, frequency_hz: 4003, duration: 250ms
        at vmm_core/src/partition_unit/vp_set.rs:287
        in vmm_core::partition_unit::vp_set::run_vp with vp_index: 0

    selected_vp=0 saved_tsc=1000 restored_tsc=1000 final_serialized_tsc=2000 policy_request_tsc=2000 full_register_image_equal=true adjustment=Some((250ms, 4003))
      2026-09-20T03:39:30.950928Z DEBUG vmm_core::partition_unit::vp_set: close, time.busy: 270µs, time.idle: 315µs
        at vmm_core/src/partition_unit/vp_set.rs:1513
        in vmm_core::partition_unit::vp_set::run_vp with vp_index: 0

    committed_tsc=[1000, 2000]
      2026-09-20T03:39:30.951322Z DEBUG vmm_core::partition_unit::vp_set: new
        at vmm_core/src/partition_unit/vp_set.rs:1513
        in vmm_core::partition_unit::vp_set::run_vp with vp_index: 0

      2026-09-20T03:39:30.951578Z DEBUG vmm_core::partition_unit::vp_set: adjusted restored vCPU TSC, previous_tsc: 1001, requested_tsc: 2001, observed_tsc: 2001, cycles: 1000, frequency_hz: 4003, duration: 250ms
        at vmm_core/src/partition_unit/vp_set.rs:287
        in vmm_core::partition_unit::vp_set::run_vp with vp_index: 0

    selected_vp=0 saved_tsc=1001 restored_tsc=1001 final_serialized_tsc=2001 policy_request_tsc=2001 full_register_image_equal=true adjustment=Some((250ms, 4003))
      2026-09-20T03:39:30.951778Z DEBUG vmm_core::partition_unit::vp_set: close, time.busy: 180µs, time.idle: 277µs
        at vmm_core/src/partition_unit/vp_set.rs:1513
        in vmm_core::partition_unit::vp_set::run_vp with vp_index: 0

    committed_tsc=[1001, 2001]
    test partition_unit::vp_set::restore_tsc_consistency_probe::production_restore_with_nonzero_tsc_adjustment ... ok

    test result: ok. 1 passed; 0 failed; 0 ignored; 0 measured; 32 filtered out; finished in 0.00s


────────────
     Summary [   0.006s] 2 tests run: 2 passed, 31 skipped
