   Compiling mesh_protobuf v0.0.0 (/home/ruize/openvmm-restore-v1/research/restore-vp-index-coverage/bitmap-candidate/support/mesh/mesh_protobuf)
   Compiling tdisp_proto v0.0.0 (/home/ruize/openvmm-restore-v1/research/restore-vp-index-coverage/bitmap-candidate/vm/devices/tdisp_proto)
    Checking mesh_node v0.0.0 (/home/ruize/openvmm-restore-v1/research/restore-vp-index-coverage/bitmap-candidate/support/mesh/mesh_node)
    Checking pal_event v0.0.0 (/home/ruize/openvmm-restore-v1/research/restore-vp-index-coverage/bitmap-candidate/support/pal/pal_event)
    Checking pal_async v0.0.0 (/home/ruize/openvmm-restore-v1/research/restore-vp-index-coverage/bitmap-candidate/support/pal/pal_async)
    Checking mesh_channel_core v0.0.0 (/home/ruize/openvmm-restore-v1/research/restore-vp-index-coverage/bitmap-candidate/support/mesh/mesh_channel_core)
    Checking mesh_channel v0.0.0 (/home/ruize/openvmm-restore-v1/research/restore-vp-index-coverage/bitmap-candidate/support/mesh/mesh_channel)
    Checking mesh v0.0.0 (/home/ruize/openvmm-restore-v1/research/restore-vp-index-coverage/bitmap-candidate/support/mesh)
    Checking inspect v0.0.0 (/home/ruize/openvmm-restore-v1/research/restore-vp-index-coverage/bitmap-candidate/support/inspect)
    Checking vm_resource v0.0.0 (/home/ruize/openvmm-restore-v1/research/restore-vp-index-coverage/bitmap-candidate/vm/vmcore/vm_resource)
    Checking guestmem v0.0.0 (/home/ruize/openvmm-restore-v1/research/restore-vp-index-coverage/bitmap-candidate/vm/vmcore/guestmem)
    Checking guid v0.0.0 (/home/ruize/openvmm-restore-v1/research/restore-vp-index-coverage/bitmap-candidate/support/guid)
    Checking memory_range v0.0.0 (/home/ruize/openvmm-restore-v1/research/restore-vp-index-coverage/bitmap-candidate/vm/vmcore/memory_range)
    Checking inspect_counters v0.0.0 (/home/ruize/openvmm-restore-v1/research/restore-vp-index-coverage/bitmap-candidate/support/inspect_counters)
    Checking task_control v0.0.0 (/home/ruize/openvmm-restore-v1/research/restore-vp-index-coverage/bitmap-candidate/support/task_control)
    Checking local_clock v0.0.0 (/home/ruize/openvmm-restore-v1/research/restore-vp-index-coverage/bitmap-candidate/support/local_clock)
    Checking hcl_compat_uefi_nvram_resources v0.0.0 (/home/ruize/openvmm-restore-v1/research/restore-vp-index-coverage/bitmap-candidate/vm/devices/firmware/hcl_compat_uefi_nvram_resources)
    Checking address_filter v0.0.0 (/home/ruize/openvmm-restore-v1/research/restore-vp-index-coverage/bitmap-candidate/support/address_filter)
    Checking vmbus_core v0.0.0 (/home/ruize/openvmm-restore-v1/research/restore-vp-index-coverage/bitmap-candidate/vm/devices/vmbus/vmbus_core)
    Checking uefi_specs v0.0.0 (/home/ruize/openvmm-restore-v1/research/restore-vp-index-coverage/bitmap-candidate/vm/devices/firmware/uefi_specs)
    Checking vpci_protocol v0.0.0 (/home/ruize/openvmm-restore-v1/research/restore-vp-index-coverage/bitmap-candidate/vm/devices/pci/vpci_protocol)
    Checking hybrid_vsock v0.0.0 (/home/ruize/openvmm-restore-v1/research/restore-vp-index-coverage/bitmap-candidate/support/hybrid_vsock)
    Checking tdisp v0.0.0 (/home/ruize/openvmm-restore-v1/research/restore-vp-index-coverage/bitmap-candidate/vm/devices/tdisp)
    Checking vmcore v0.0.0 (/home/ruize/openvmm-restore-v1/research/restore-vp-index-coverage/bitmap-candidate/vm/vmcore)
    Checking serial_core v0.0.0 (/home/ruize/openvmm-restore-v1/research/restore-vp-index-coverage/bitmap-candidate/vm/devices/serial/serial_core)
    Checking input_core v0.0.0 (/home/ruize/openvmm-restore-v1/research/restore-vp-index-coverage/bitmap-candidate/vm/devices/input_core)
    Checking chipset_resources v0.0.0 (/home/ruize/openvmm-restore-v1/research/restore-vp-index-coverage/bitmap-candidate/vm/devices/chipset_resources)
    Checking power_resources v0.0.0 (/home/ruize/openvmm-restore-v1/research/restore-vp-index-coverage/bitmap-candidate/vm/power_resources)
    Checking video_core v0.0.0 (/home/ruize/openvmm-restore-v1/research/restore-vp-index-coverage/bitmap-candidate/vm/devices/video_core)
    Checking ide_resources v0.0.0 (/home/ruize/openvmm-restore-v1/research/restore-vp-index-coverage/bitmap-candidate/vm/devices/storage/ide_resources)
    Checking missing_dev_resources v0.0.0 (/home/ruize/openvmm-restore-v1/research/restore-vp-index-coverage/bitmap-candidate/vm/devices/missing_dev_resources)
    Checking scsi_buffers v0.0.0 (/home/ruize/openvmm-restore-v1/research/restore-vp-index-coverage/bitmap-candidate/vm/devices/storage/scsi_buffers)
    Checking vmbus_ring v0.0.0 (/home/ruize/openvmm-restore-v1/research/restore-vp-index-coverage/bitmap-candidate/vm/devices/vmbus/vmbus_ring)
    Checking uefi_nvram_storage v0.0.0 (/home/ruize/openvmm-restore-v1/research/restore-vp-index-coverage/bitmap-candidate/vm/devices/firmware/uefi_nvram_storage)
    Checking chipset_device v0.0.0 (/home/ruize/openvmm-restore-v1/research/restore-vp-index-coverage/bitmap-candidate/vm/chipset_device)
    Checking disk_backend v0.0.0 (/home/ruize/openvmm-restore-v1/research/restore-vp-index-coverage/bitmap-candidate/vm/devices/storage/disk_backend)
    Checking vmbus_channel v0.0.0 (/home/ruize/openvmm-restore-v1/research/restore-vp-index-coverage/bitmap-candidate/vm/devices/vmbus/vmbus_channel)
    Checking generation_id v0.0.0 (/home/ruize/openvmm-restore-v1/research/restore-vp-index-coverage/bitmap-candidate/vm/devices/firmware/generation_id)
    Checking scsi_core v0.0.0 (/home/ruize/openvmm-restore-v1/research/restore-vp-index-coverage/bitmap-candidate/vm/devices/storage/scsi_core)
    Checking state_unit v0.0.0 (/home/ruize/openvmm-restore-v1/research/restore-vp-index-coverage/bitmap-candidate/vmm_core/state_unit)
    Checking hcl_compat_uefi_nvram_storage v0.0.0 (/home/ruize/openvmm-restore-v1/research/restore-vp-index-coverage/bitmap-candidate/vm/devices/firmware/hcl_compat_uefi_nvram_storage)
    Checking pci_core v0.0.0 (/home/ruize/openvmm-restore-v1/research/restore-vp-index-coverage/bitmap-candidate/vm/devices/pci/pci_core)
    Checking chipset_device_resources v0.0.0 (/home/ruize/openvmm-restore-v1/research/restore-vp-index-coverage/bitmap-candidate/vm/chipset_device_resources)
    Checking floppy v0.0.0 (/home/ruize/openvmm-restore-v1/research/restore-vp-index-coverage/bitmap-candidate/vm/devices/storage/floppy)
    Checking floppy_pcat_stub v0.0.0 (/home/ruize/openvmm-restore-v1/research/restore-vp-index-coverage/bitmap-candidate/vm/devices/storage/floppy_pcat_stub)
    Checking framebuffer v0.0.0 (/home/ruize/openvmm-restore-v1/research/restore-vp-index-coverage/bitmap-candidate/vm/devices/framebuffer)
    Checking chipset v0.0.0 (/home/ruize/openvmm-restore-v1/research/restore-vp-index-coverage/bitmap-candidate/vm/devices/chipset)
    Checking vmbus_async v0.0.0 (/home/ruize/openvmm-restore-v1/research/restore-vp-index-coverage/bitmap-candidate/vm/devices/vmbus/vmbus_async)
    Checking vmbus_server v0.0.0 (/home/ruize/openvmm-restore-v1/research/restore-vp-index-coverage/bitmap-candidate/vm/devices/vmbus/vmbus_server)
    Checking pci_resources v0.0.0 (/home/ruize/openvmm-restore-v1/research/restore-vp-index-coverage/bitmap-candidate/vm/devices/pci/pci_resources)
    Checking pci_bus v0.0.0 (/home/ruize/openvmm-restore-v1/research/restore-vp-index-coverage/bitmap-candidate/vm/devices/pci/pci_bus)
    Checking ide v0.0.0 (/home/ruize/openvmm-restore-v1/research/restore-vp-index-coverage/bitmap-candidate/vm/devices/storage/ide)
    Checking missing_dev v0.0.0 (/home/ruize/openvmm-restore-v1/research/restore-vp-index-coverage/bitmap-candidate/vm/devices/missing_dev)
    Checking vpci v0.0.0 (/home/ruize/openvmm-restore-v1/research/restore-vp-index-coverage/bitmap-candidate/vm/devices/pci/vpci)
    Checking cxl_spec v0.0.0 (/home/ruize/openvmm-restore-v1/research/restore-vp-index-coverage/bitmap-candidate/vm/devices/cxl)
    Checking chipset_legacy v0.0.0 (/home/ruize/openvmm-restore-v1/research/restore-vp-index-coverage/bitmap-candidate/vm/devices/chipset_legacy)
    Checking vm_topology v0.0.0 (/home/ruize/openvmm-restore-v1/research/restore-vp-index-coverage/bitmap-candidate/vm/vmcore/vm_topology)
    Checking pcie v0.0.0 (/home/ruize/openvmm-restore-v1/research/restore-vp-index-coverage/bitmap-candidate/vm/devices/pci/pcie)
    Checking acpi v0.0.0 (/home/ruize/openvmm-restore-v1/research/restore-vp-index-coverage/bitmap-candidate/vm/acpi)
    Checking firmware_pcat v0.0.0 (/home/ruize/openvmm-restore-v1/research/restore-vp-index-coverage/bitmap-candidate/vm/devices/firmware/firmware_pcat)
    Checking virt v0.0.0 (/home/ruize/openvmm-restore-v1/research/restore-vp-index-coverage/bitmap-candidate/vmm_core/virt)
    Checking vmotherboard v0.0.0 (/home/ruize/openvmm-restore-v1/research/restore-vp-index-coverage/bitmap-candidate/vmm_core/vmotherboard)
    Checking vmm_core_defs v0.0.0 (/home/ruize/openvmm-restore-v1/research/restore-vp-index-coverage/bitmap-candidate/vmm_core/vmm_core_defs)
warning: autoderive Clone impl does not take the form Verus expects; continuing, but without adding a specification for the derived Clone impl
  --> vmm_core/vmm_core_defs/src/lib.rs:36:17
   |
36 | #[derive(Debug, Clone, Eq, PartialEq, Protobuf, Inspect)]
   |                 ^^^^^
   |
   = help: to suppress this warning, use `#[verifier::allow(autoderive_clone_without_spec)]` on the surrounding function, datatype, or module or `#![verifier::allow(autoderive_clone_without_spec)]` in the module or crate

warning: `vmm_core_defs` (lib) generated 1 warning
    Checking vmm_core v0.0.0 (/home/ruize/openvmm-restore-v1/research/restore-vp-index-coverage/bitmap-candidate/vmm_core)
note: verifying module partition_unit::vp_set (selected functions)

verification results:: 1 verified, 0 errors (partial verification with `--verify-*`)
    Finished `dev` profile [unoptimized + debuginfo] target(s) in 13.60s
