warning: autoderive Clone impl does not take the form Verus expects; continuing, but without adding a specification for the derived Clone impl
  --> vmm_core/vmm_core_defs/src/lib.rs:36:17
   |
36 | #[derive(Debug, Clone, Eq, PartialEq, Protobuf, Inspect)]
   |                 ^^^^^
   |
   = help: to suppress this warning, use `#[verifier::allow(autoderive_clone_without_spec)]` on the surrounding function, datatype, or module or `#![verifier::allow(autoderive_clone_without_spec)]` in the module or crate

warning: `vmm_core_defs` (lib) generated 1 warning
    Checking vmm_core v0.0.0 (/home/ruize/openvmm-restore-v1/vmm_core)
error: cannot find attribute `verus_spec` in this scope
   --> vmm_core/src/partition_unit/vp_set.rs:888:1
    |
888 | #[vstd::prelude::verus_verify]
    | ^^^^^^^^^^^^^^^^^^^^^^^^^^^^^^
    |
    = note: this error originates in the attribute macro `vstd::prelude::verus_verify` (in Nightly builds, run with -Z macro-backtrace for more info)
help: consider importing this attribute macro
    |
  6 + use vstd::prelude::verus_spec;
    |

error: could not compile `vmm_core` (lib) due to 1 previous error
