# Caller Analysis (LSP): vp_set.rs

- **Source file:** `vmm_core/src/partition_unit/vp_set.rs`
- **Project dir:** `.`
- **Parser:** rust-analyzer LSP
- **Crate:** `vmm_core`
- **Depended on by:** `firmware_uefi`, `openvmm_core`, `underhill_core`

## Module Summary

| Category | Count |
|----------|------:|
| Total exec functions | 80 |
| Public / trait-pub | 55 |
| Private | 25 |
| Types | 22 |

## Implicit Callers (runtime/compiler)

### impl Drop for Halted<'_>
- **Trait:** `Drop`
- **Description:** Compiler inserts call to drop() when value goes out of scope
- **Methods dispatched:** `drop`

> These functions have **no explicit call sites** in source code. The Rust runtime dispatches to them via vtable / lang items.

## Public API — External Callers

### `save` (trait `ProtobufSaveRestore` for `BoundVp<'_, T, U>`) [trait-pub] — **0 external callers**
```
fn save(&mut self) -> Result<SavedStateBlob, SaveError>
```

### `restore` (trait `ProtobufSaveRestore` for `BoundVp<'_, T, U>`) [trait-pub] — **0 external callers**
```
fn restore(&mut self, state: SavedStateBlob) -> Result<(), RestoreError>
```

### `new` (impl `Halt`) [pub] — 2 external caller(s)
```
pub fn new() -> (Self, HaltReasonReceiver)
```
> Returns a new halt object, plus a receiver to asynchronously receive the
reason for a halt.


| File | Line | Context |
|------|-----:|---------|
| `openvmm/openvmm_core/src/worker/dispatch.rs` | 1681 | `let vmgs_client: Option<&dyn HvLiteVmgsNonVolatileStore> =` |
| `openhcl/underhill_core/src/worker.rs` | 2365 | `let (halt_vps, halt_request_recv) = Halt::new();` |


### `replay_mtrrs` (impl `Halt`) [pub] — **0 external callers**
```
pub fn replay_mtrrs(&self)
```
> Halts all VPs temporarily, resets their variable MTRRs to their initial
state, then resumes the VPs.

This is used by the legacy BIOS, since it stomps over the variable MTRRs
in undesirable ways and is difficult to fix.


### `halt` (impl `Halt`) [pub] — 9 external caller(s)
```
pub fn halt(&self, reason: HaltReason)
```
> Halts all VPs and sends the halt reason to the receiver returned by
[`Self::new()`].

After this returns, it's guaranteed that any VPs that try to run again
will instead halt. So if this is called from a VP thread, it will ensure
that that VP will not resume.


| File | Line | Context |
|------|-----:|---------|
| `vmm_core/src/platform_resolvers.rs` | 29 | `PowerRequest::PowerOff => halt.halt(HaltReason::PowerOff),` |
| `vmm_core/src/platform_resolvers.rs` | 31 | `halt.halt(HaltReason::PowerOffWithStatus { code })` |
| `vmm_core/src/platform_resolvers.rs` | 33 | `PowerRequest::Reset => halt.halt(HaltReason::Reset),` |
| `vmm_core/src/platform_resolvers.rs` | 34 | `PowerRequest::Hibernate => halt.halt(HaltReason::Hibernate),` |
| `vmm_core/src/platform_resolvers.rs` | 35 | `PowerRequest::TripleFault { vp } => halt.halt(HaltReason::TripleFault {` |
| `vmm_core/src/vmotherboard_adapter.rs` | 97 | `self.halt(reason)` |
| `vmm_core/src/vmotherboard_adapter.rs` | 103 | `self.halt(HaltReason::DebugBreak { vp })` |
| `openvmm/openvmm_core/src/worker/dispatch.rs` | 4969 | `PL011_SERIAL0_GSIV,` |
| `openhcl/underhill_core/src/worker.rs` | 4130 | `self.halt_vps.halt(HaltReason::Reset);` |

*Internal callers (2):*
- **VpSet::halt** (L1068): `self.inner.halt.halt(reason);`
- **VpRunner::run_inner** (L1628): `self.inner.inner.halt.halt(halt_reason);`

### `clone` (trait `Clone` for `Halted<'_>`) [trait-pub] — **0 external callers**
```
fn clone(&self) -> Self
```

### `poll` (trait `Future` for `Halted<'_>`) [trait-pub] — **0 external callers**
```
fn poll(mut self: Pin<&mut Self>, cx: &mut Context<'_>) -> Poll<Self::Output>
```

### `drop` (trait `Drop` for `Halted<'_>`) [trait-pub] — implicit via `Drop`
```
fn drop(&mut self)
```
> ⚡ **impl Drop for Halted<'_>**: Compiler inserts call to drop() when value goes out of scope


### `new` (impl `VpSet`) [pub] — 1 external caller(s)
```
pub fn new(
        vtl_guest_memory: [Option<GuestMemory>; NUM_VTLS],
        halt: Arc<Halt>,
        vp_capacity: usize,
    ) -> Self
```

| File | Line | Context |
|------|-----:|---------|
| `vmm_core/src/partition_unit.rs` | 215 | `let mut vp_set = VpSet::new(` |


### `add` (impl `VpSet`) [pub] — 1 external caller(s)
```
pub fn add(&mut self, vp: TargetVpInfo) -> VpRunner
```
> Adds a VP and returns its runner.


| File | Line | Context |
|------|-----:|---------|
| `vmm_core/src/partition_unit.rs` | 224 | `.map(|vp| vp_set.add(vp))` |


### `start` (impl `VpSet`) [pub] — 1 external caller(s)
```
pub fn start(&mut self)
```
> Starts all VPs.


| File | Line | Context |
|------|-----:|---------|
| `vmm_core/src/partition_unit.rs` | 577 | `self.vp_set.start();` |


### `clear_halt` (impl `VpSet`) [pub] — 3 external caller(s)
```
pub fn clear_halt(&mut self)
```
> Resets the halt state for all VPs.

The VPs must be stopped.


| File | Line | Context |
|------|-----:|---------|
| `vmm_core/src/partition_unit.rs` | 493 | `self.vp_set.clear_halt();` |
| `vmm_core/src/partition_unit.rs` | 515 | `self.vp_set.clear_halt();` |
| `vmm_core/src/partition_unit.rs` | 526 | `self.vp_set.clear_halt();` |


### `stop` (impl `VpSet`) [pub] — 4 external caller(s)
```
pub async fn stop(&mut self)
```
> Stops all VPs.


| File | Line | Context |
|------|-----:|---------|
| `vmm_core/src/partition_unit.rs` | 413 | `self.vp_set.stop().await;` |
| `vmm_core/src/partition_unit.rs` | 467 | `self.vp_set.stop().await;` |
| `vmm_core/src/partition_unit.rs` | 582 | `self.vp_set.stop().await;` |
| `vmm_core/src/partition_unit.rs` | 655 | `` |


### `stop_at_io_boundary` (impl `VpSet`) [pub] — 1 external caller(s)
```
pub async fn stop_at_io_boundary(
        &mut self,
        release_io: mesh::OneshotSender<()>,
        io_completed: mesh::OneshotReceiver<()>,
    ) -> anyhow::Result<()>
```
> Stops all VPs at a deferred I/O completion boundary.


| File | Line | Context |
|------|-----:|---------|
| `vmm_core/src/partition_unit.rs` | 434 | `.stop_at_io_boundary(release_io, io_completed)` |


### `reset` (impl `VpSet`) [pub] — 1 external caller(s)
```
pub async fn reset(&mut self) -> anyhow::Result<()>
```
> Resets per-VP state on all VPs concurrently.


| File | Line | Context |
|------|-----:|---------|
| `vmm_core/src/partition_unit.rs` | 667 | `async fn reset(&mut self) -> anyhow::Result<()> {` |


### `scrub` (impl `VpSet`) [pub] — 1 external caller(s)
```
pub async fn scrub(&mut self, vtl: Vtl) -> anyhow::Result<()>
```
> Scrubs per-VP state for a VTL on all VPs concurrently.


| File | Line | Context |
|------|-----:|---------|
| `vmm_core/src/partition_unit.rs` | 548 | `.scrub(vtl)` |


### `halt` (impl `VpSet`) [pub] — 1 external caller(s)
```
pub fn halt(&mut self, reason: HaltReason)
```
> Initiates a halt to the VPs.


| File | Line | Context |
|------|-----:|---------|
| `vmm_core/src/partition_unit/debug.rs` | 109 | `self.vp_set.halt(HaltReason::DebugBreak { vp: None });` |


### `save` (impl `VpSet`) [pub] — 1 external caller(s)
```
pub async fn save(&mut self) -> Result<Vec<(VpIndex, SavedStateBlob)>, SaveError>
```

| File | Line | Context |
|------|-----:|---------|
| `vmm_core/src/partition_unit.rs` | 720 | `pub async fn save(&mut self) -> Result<state::Partition, SaveError> {` |


### `advance_tsc` (impl `VpSet`) [pub] — **0 external callers**
```
pub async fn advance_tsc(
        &mut self,
        duration: std::time::Duration,
        frequency_hz: u64,
        apic_frequency_hz: Option<u64>,
    ) -> anyhow::Result<()>
```
> Advances TSC state on every stopped vCPU.


### `teardown` (impl `VpSet`) [pub] — 1 external caller(s)
```
pub async fn teardown(self)
```
> Tears down the VPs.


| File | Line | Context |
|------|-----:|---------|
| `vmm_core/src/partition_unit.rs` | 269 | `runner.vp_set.teardown().await;` |


### `set_initial_regs` (impl `VpSet`) [pub] — 2 external caller(s)
```
pub async fn set_initial_regs(
        &mut self,
        vtl: Vtl,
        initial_regs: Arc<InitialRegs>,
        to_set: RegistersToSet,
    ) -> Result<(), RegisterSetError>
```

| File | Line | Context |
|------|-----:|---------|
| `vmm_core/src/partition_unit.rs` | 500 | `.set_initial_regs(` |
| `vmm_core/src/partition_unit.rs` | 555 | `.set_initial_regs(vtl, state.clone(), vp_set::RegistersToSet::All)` |


### `restore` (impl `VpSet`) [pub] — 1 external caller(s)
```
pub async fn restore(
        &mut self,
        states: impl IntoIterator<Item = (VpIndex, SavedStateBlob)>,
    ) -> Result<(), RestoreError>
```

| File | Line | Context |
|------|-----:|---------|
| `vmm_core/src/partition_unit.rs` | 736 | `self.partition.restore(partition)?;` |


### `cancel` (impl `RunnerCanceller`) [pub] — 1 external caller(s)
```
pub fn cancel(&mut self)
```
> Requests that the current or next call to [`VpRunner::run`] return as
soon as possible.


| File | Line | Context |
|------|-----:|---------|
| `openhcl/underhill_core/src/vp.rs` | 285 | `canceller.cancel();` |


### `set_debug_state` (trait `DebugVp` for `BoundVp<'_, T, U>`) [trait-pub] — **0 external callers**
```
fn set_debug_state(
        &mut self,
        vtl: Vtl,
        state: Option<&virt::x86::DebugState>,
    ) -> anyhow::Result<()>
```

### `get_vp_state` (trait `DebugVp` for `BoundVp<'_, T, U>`) [trait-pub] — **0 external callers**
```
fn get_vp_state(&mut self, vtl: Vtl) -> anyhow::Result<Box<DebuggerVpState>>
```

### `get_vp_state` (trait `DebugVp` for `BoundVp<'_, T, U>`) [trait-pub] — **0 external callers**
```
fn get_vp_state(&mut self, vtl: Vtl) -> anyhow::Result<Box<DebuggerVpState>>
```

### `set_vp_state` (trait `DebugVp` for `BoundVp<'_, T, U>`) [trait-pub] — **0 external callers**
```
fn set_vp_state(&mut self, vtl: Vtl, state: &DebuggerVpState) -> anyhow::Result<()>
```

### `set_vp_state` (trait `DebugVp` for `BoundVp<'_, T, U>`) [trait-pub] — **0 external callers**
```
fn set_vp_state(&mut self, vtl: Vtl, state: &DebuggerVpState) -> anyhow::Result<()>
```

### `run_vp` (trait `ControlVp` for `BoundVp<'_, T, U>`) [trait-pub] — **0 external callers**
```
async fn run_vp(
        &mut self,
        vtl_guest_memory: &[Option<GuestMemory>; NUM_VTLS],
        stop: StopVp<'_>,
    ) -> Result<StopReason, HaltReason>
```

### `inspect_vp` (trait `ControlVp` for `BoundVp<'_, T, U>`) [trait-pub] — **0 external callers**
```
fn inspect_vp(
        &mut self,
        vtl_guest_memory: &[Option<GuestMemory>; NUM_VTLS],
        req: inspect::Request<'_>,
    )
```

### `reset` (trait `ControlVp` for `BoundVp<'_, T, U>`) [trait-pub] — **0 external callers**
```
fn reset(&mut self) -> anyhow::Result<()>
```

### `scrub` (trait `ControlVp` for `BoundVp<'_, T, U>`) [trait-pub] — **0 external callers**
```
fn scrub(&mut self, vtl: Vtl) -> anyhow::Result<()>
```

### `set_initial_regs` (trait `ControlVp` for `BoundVp<'_, T, U>`) [trait-pub] — **0 external callers**
```
fn set_initial_regs(
        &mut self,
        vtl: Vtl,
        state: &InitialRegs,
        to_set: RegistersToSet,
    ) -> Result<(), RegisterSetError>
```

### `advance_tsc` (trait `ControlVp` for `BoundVp<'_, T, U>`) [trait-pub] — **0 external callers**
```
fn advance_tsc(
        &mut self,
        duration: std::time::Duration,
        frequency_hz: u64,
        apic_frequency_hz: Option<u64>,
    ) -> anyhow::Result<()>
```

### `debug` (trait `ControlVp` for `BoundVp<'_, T, U>`) [trait-pub] — **0 external callers**
```
fn debug(&mut self) -> &mut dyn DebugVp
```

### `get_dump_vp_state` (trait `ControlVp` for `BoundVp<'_, T, U>`) [trait-pub] — **0 external callers**
```
fn get_dump_vp_state(&mut self, vtl: Vtl) -> anyhow::Result<hyperv_dump::VpState>
```

### `get_dump_vp_state` (trait `ControlVp` for `BoundVp<'_, T, U>`) [trait-pub] — **0 external callers**
```
fn get_dump_vp_state(&mut self, vtl: Vtl) -> anyhow::Result<hyperv_dump::VpState>
```

### `get_dump_vp_state` (impl `VpSet`) [pub] — 1 external caller(s)
```
pub async fn get_dump_vp_state(
        &self,
        vp: VpIndex,
        vtl: Vtl,
    ) -> anyhow::Result<hyperv_dump::VpState>
```
> Gets full VP state for dump generation.

Returns all registers needed for a `.vmrs` dump file.


| File | Line | Context |
|------|-----:|---------|
| `vmm_core/src/partition_unit.rs` | 627 | `.get_dump_vp_state(VpIndex::new(vp_idx), vtl)` |


### `set_debug_state` (impl `VpSet`) [pub] — 1 external caller(s)
```
pub async fn set_debug_state(
        &self,
        vp: VpIndex,
        state: virt::x86::DebugState,
    ) -> anyhow::Result<()>
```
> Set the debug state for a single VP.


| File | Line | Context |
|------|-----:|---------|
| `vmm_core/src/partition_unit/debug.rs` | 112 | `if let Err(err) = self.vp_set.set_debug_state(VpIndex::new(vp), state).await {` |


### `read_virtual_memory` (impl `VpSet`) [pub] — 1 external caller(s)
```
pub async fn read_virtual_memory(
        &self,
        vp: VpIndex,
        gva: u64,
        len: usize,
    ) -> anyhow::Result<Vec<u8>>
```

| File | Line | Context |
|------|-----:|---------|
| `vmm_core/src/partition_unit/debug.rs` | 134 | `.read_virtual_memory(VpIndex::new(vp), gva, len)` |


### `set_vp_state` (impl `VpSet`) [pub] — 1 external caller(s)
```
pub async fn set_vp_state(
        &self,
        vp: VpIndex,
        state: Box<DebuggerVpState>,
    ) -> anyhow::Result<()>
```

| File | Line | Context |
|------|-----:|---------|
| `vmm_core/src/partition_unit/debug.rs` | 126 | `self.vp_set.set_vp_state(VpIndex::new(vp), state).await` |


### `get_vp_state` (impl `VpSet`) [pub] — 1 external caller(s)
```
pub async fn get_vp_state(&self, vp: VpIndex) -> anyhow::Result<Box<DebuggerVpState>>
```

| File | Line | Context |
|------|-----:|---------|
| `vmm_core/src/partition_unit/debug.rs` | 121 | `rpc.handle_failable(async |vp| self.vp_set.get_vp_state(VpIndex::new(vp)).await)` |


### `clear_debug_state` (impl `VpSet`) [pub] — 1 external caller(s)
```
pub async fn clear_debug_state(&self) -> anyhow::Result<()>
```
> Clear the debug state for all VPs.


| File | Line | Context |
|------|-----:|---------|
| `vmm_core/src/partition_unit/debug.rs` | 84 | `if let Err(err) = self.vp_set.clear_debug_state().await {` |


### `write_virtual_memory` (impl `VpSet`) [pub] — 1 external caller(s)
```
pub async fn write_virtual_memory(
        &self,
        vp: VpIndex,
        gva: u64,
        data: Vec<u8>,
    ) -> anyhow::Result<()>
```

| File | Line | Context |
|------|-----:|---------|
| `vmm_core/src/partition_unit/debug.rs` | 152 | `.write_virtual_memory(VpIndex::new(vp), gva, data)` |


### `run` (impl `VpRunner`) [pub] — 2 external caller(s)
```
pub async fn run(
        &mut self,
        vp: &mut (impl Processor + ProtobufSaveRestore),
        io: &impl CpuIo,
    ) -> Result<(), RunCancelled>
```
> Runs the VP dispatch loop for `vp`, using `io` to handle CPU requests.

Returns [`RunCancelled`] if [`RunnerCanceller::cancel`] was called, or
if the VP returns [`VpHaltReason::Cancel`]. In this case, the call can
be reissued, with the same or different `vp` object, to continue running
the VP.

Do not reissue this call if it returns `Ok`. Do not drop this future
without awaiting it to completion.


| File | Line | Context |
|------|-----:|---------|
| `openvmm/openvmm_core/src/partition.rs` | 465 | `while let Err(RunCancelled { .. }) = runner.run(&mut WrappedVp(self), chipset).a` |
| `openhcl/underhill_core/src/vp.rs` | 102 | `match self.runner.run(&mut vp, &self.chipset).await {` |


### `canceller` (impl `VpRunner`) [pub] — 1 external caller(s)
```
pub fn canceller(&self) -> RunnerCanceller
```
> Returns an object that can be used to cancel a `run` call.


| File | Line | Context |
|------|-----:|---------|
| `openhcl/underhill_core/src/vp.rs` | 202 | `let canceller = self.runner.canceller();` |


### `wake_by_ref` (trait `std::task::Wake` for `VpWaker`) [trait-pub] — **0 external callers**
```
fn wake_by_ref(self: &Arc<Self>)
```
*Internal callers (1):*
- **VpWaker::wake** (L1927): `self.wake_by_ref()`

### `wake` (trait `std::task::Wake` for `VpWaker`) [trait-pub] — **0 external callers**
```
fn wake(self: Arc<Self>)
```

### `request_yield` (trait `RequestYield` for `T`) [trait-pub] — **0 external callers**
```
fn request_yield(&self, vp_index: VpIndex)
```

### `is_user_cancelled` (impl `RunCancelled`) [pub] — 1 external caller(s)
```
pub fn is_user_cancelled(&self) -> bool
```
> Returns `true` if the run was cancelled by the user, or `false` if it was
cancelled by the VP itself.


| File | Line | Context |
|------|-----:|---------|
| `openhcl/underhill_core/src/vp.rs` | 105 | `if cancelled.is_user_cancelled() {` |


### `write_virtual_memory` [pub(super)] — **0 external callers**
```
pub(super) fn write_virtual_memory(
        guest_memory: &GuestMemory,
        debug: &mut dyn DebugVp,
        vtl: Vtl,
        gva: u64,
        buf: &[u8],
    ) -> anyhow::Result<()>
```
*Internal callers (1):*
- **RunnerInner::state_event** (L1703): `vp_state::write_virtual_memory(`

### `previous_instruction` [pub(super)] — **0 external callers**
```
pub(super) fn previous_instruction(
        guest_memory: &GuestMemory,
        debug: &mut dyn DebugVp,
        vtl: Vtl,
        regs: &virt::x86::vp::Registers,
    ) -> anyhow::Result<iced_x86::Instruction>
```
> Get the previous instruction for debugging purposes.


### `next_instruction` [pub(super)] — **0 external callers**
```
pub(super) fn next_instruction(
        guest_memory: &GuestMemory,
        debug: &mut dyn DebugVp,
        vtl: Vtl,
        regs: &virt::x86::vp::Registers,
    ) -> anyhow::Result<(iced_x86::Instruction, [u8; 16])>
```
> Get the next instruction for debugging purposes.


### `read_virtual_memory` [pub(super)] — **0 external callers**
```
pub(super) fn read_virtual_memory(
        guest_memory: &GuestMemory,
        debug: &mut dyn DebugVp,
        vtl: Vtl,
        gva: u64,
        buf: &mut [u8],
    ) -> anyhow::Result<()>
```
*Internal callers (3):*
- **RunnerInner::state_event** (L1691): `vp_state::read_virtual_memory(`
- **previous_instruction** (L1865): `read_virtual_memory(guest_memory, debug, vtl, linear_ip(regs, rip), &mut bytes)`
- **next_instruction** (L1890): `read_virtual_memory(`

### `block_on_vp` [pub] — 3 external caller(s)
```
pub fn block_on_vp<F: Future>(partition: Arc<dyn RequestYield>, vp: VpIndex, fut: F) -> F::Output
```
> Blocks on a future, where the future may run a VP (and so the associated
waker needs to ask the VP to yield).


| File | Line | Context |
|------|-----:|---------|
| `vmm_core/src/partition_unit.rs` | 14 | `pub use vp_set::block_on_vp;` |
| `openvmm/openvmm_core/src/worker/dispatch.rs` | 171 | `use vmm_core::partition_unit::block_on_vp;` |
| `openvmm/openvmm_core/src/worker/dispatch.rs` | 3235 | `match bind_result {` |


## Private Functions — Internal Call Graph

These are implementation details. Listed to show which public functions depend on them.

### `halt_internal` (impl `Halt`) [private]
```
fn halt_internal(&self, reason: InternalHaltReason)
```
*Called by (2):*
- **Halt::halt** (L773): `self.halt_internal(InternalHaltReason::Halt(reason));`
- **Halt::replay_mtrrs** (L782): `self.halt_internal(InternalHaltReason::ReplayMtrrs);`

### `clear_halt` (impl `Halt`) [private]
```
fn clear_halt(&self)
```
> Clears a single halt reason. Must be called for each halt reason that
arrives in order to resume the VM.

*Called by (1):*
- **VpSet::clear_halt** (L1076): `self.inner.halt.clear_halt();`

### `is_halted` (impl `Halt`) [private]
```
fn is_halted(&self) -> bool
```
*Called by (1):*
- **VpRunner::run_inner** (L1536): `if self.inner.inner.halt.is_halted() {`

### `halted` (impl `Halt`) [private]
```
fn halted(&self) -> Halted<'_>
```
*Called by (1):*
- **VpRunner::run_inner** (L1560): `let halt = self`

### `inspect_vtl` (impl `BoundVp<'_, T, U>`) [private]
```
fn inspect_vtl(&mut self, gm: Option<&GuestMemory>, req: inspect::Request<'_>, vtl: Vtl)
```
*Called by (1):*
- **BoundVp<'_, T, U>::inspect_vp** (L311): `self.inspect_vtl(vtl_guest_memory[vtl as usize].as_ref(), req, vtl)`

### `trace_fault` (impl `BoundVp<'_, T, U>`) [private]
```
fn trace_fault(
        &mut self,
        vtl: Vtl,
        guest_memory: Option<&GuestMemory>,
        registers: Option<&virt::x86::vp::Registers>,
    )
```
*Called by (1):*
- **BoundVp<'_, T, U>::run_vp** (L206): `self.trace_fault(`

### `trace_fault` (impl `BoundVp<'_, T, U>`) [private]
```
fn trace_fault(
        &mut self,
        _vtl: Vtl,
        _guest_memory: Option<&GuestMemory>,
        _registers: Option<&virt::aarch64::vp::Registers>,
    )
```
*Called by (1):*
- **BoundVp<'_, T, U>::run_vp** (L206): `self.trace_fault(`

### `instantiated_vp` (impl `VpSet`) [private]
```
fn instantiated_vp(&self, vp: VpIndex) -> anyhow::Result<&Vp>
```
*Called by (6):*
- **VpSet::get_dump_vp_state** (L1308): `self.instantiated_vp(vp)?`
- **VpSet::set_debug_state** (L1324): `self.instantiated_vp(vp)?`
- **VpSet::set_vp_state** (L1353): `self.instantiated_vp(vp)?`
- **VpSet::get_vp_state** (L1364): `self.instantiated_vp(vp)?`
- **VpSet::read_virtual_memory** (L1380): `self.instantiated_vp(vp)?`
- **VpSet::write_virtual_memory** (L1396): `self.instantiated_vp(vp)?`

### `state_event` (impl `RunnerInner`) [private]
```
fn state_event(&mut self, vp: &mut dyn ControlVp, event: StateEvent)
```
*Called by (2):*
- **VpRunner::run_inner** (L1529): `Some(VpEvent::State(event)) => self.inner.state_event(vp, event),`
- **VpRunner::run_inner** (L1637): `self.inner.state_event(vp, event);`

### `run_inner` (impl `VpRunner`) [private]
```
async fn run_inner(&mut self, vp: &mut dyn ControlVp) -> Result<(), RunCancelled>
```
*Called by (1):*
- **VpRunner::run** (L1502): `self.run_inner(&mut BoundVp { vp, io, vp_index }).await`

### `new` (impl `VpWaker`) [private]
```
fn new(partition: Arc<dyn RequestYield>, vp: VpIndex, waker: Waker) -> Self
```
*Called by (14):*
- **BoundVp<'_, T, U>::get_vp_state** (L627): `Ok(Box::new(DebuggerVpState::X86_64(`
- **BoundVp<'_, T, U>::get_vp_state** (L714): `Ok(Box::new(DebuggerVpState::Aarch64(`
- **validates_full_inventory_before_selecting_instantiated_prefix** (L971): `let states = (0..4).map(|index| (VpIndex::new(index), index)).collect();`
- **validates_full_inventory_before_selecting_instantiated_prefix** (L982): `.map(|index| (VpIndex::new(index), index))`
- **VpSet::new** (L1024): `inner: Arc::new(inner),`
- **VpSet::new** (L1025): `vps: Vec::new(),`
- **VpSet::save** (L1176): `.map_err(|err| SaveError::ChildError(format!("vp{index}"), Box::new(err)))?;`
- **VpSet::save** (L1177): `Ok((VpIndex::new(index as u32), data))`
- **VpSet::restore** (L1209): `Box::new(err),`
- **VpRunner::run_inner** (L1542): `let mut state_requests = Vec::new();`

### `bits` [private]
```
fn bits(regs: &virt::x86::vp::Registers) -> u32
```
*Called by (3):*
- **linear_ip** (L1846): `if bits(regs) == 64 {`
- **previous_instruction** (L1867): `let mut decoder = iced_x86::Decoder::new(bits(regs), &bytes, 0);`
- **next_instruction** (L1898): `let mut decoder = iced_x86::Decoder::new(bits(regs), &bytes, 0);`

### `validate_save_vp_count` [private]
```
fn validate_save_vp_count(
    instantiated_vp_count: usize,
    vp_capacity: usize,
) -> Result<(), SaveError>
```
*Called by (1):*
- **VpSet::save** (L1165): `validate_save_vp_count(self.vps.len(), self.vp_capacity)?;`

### `validate_restore_vp_indices` [private]
```
fn validate_restore_vp_indices(
    vp_count: usize,
    indices: impl IntoIterator<Item = VpIndex>,
) -> Result<(), RestoreError>
```
*Called by (5):*
- **select_instantiated_vp_states** (L919): `validate_restore_vp_indices(vp_capacity, states.iter().map(|(vp_index, _)| *vp_i`
- **requires_exactly_one_restore_entry_per_vp** (L951): `validate_restore_vp_indices(4, (0..4).map(VpIndex::new)).unwrap();`
- **requires_exactly_one_restore_entry_per_vp** (L953): `let missing = validate_restore_vp_indices(4, [0, 1, 3].map(VpIndex::new)).unwrap`
- **requires_exactly_one_restore_entry_per_vp** (L959): `let duplicate = validate_restore_vp_indices(4, [0, 1, 1, 3].map(VpIndex::new)).u`
- **requires_exactly_one_restore_entry_per_vp** (L965): `let unknown = validate_restore_vp_indices(4, [0, 1, 2, 4].map(VpIndex::new)).unw`

### `downtime_rejects_tsc_overflow` [private]
```
fn downtime_rejects_tsc_overflow()
```
*No internal callers found (may be called via macro, closure, or conditional compilation).*

### `instantiated_vp_index` [private]
```
fn instantiated_vp_index(vp_count: usize, vp: VpIndex) -> anyhow::Result<usize>
```
*Called by (1):*
- **VpSet::instantiated_vp** (L1285): `Ok(&self.vps[instantiated_vp_index(self.vps.len(), vp)?])`

### `rejects_access_to_an_uninstantiated_vp` [private]
```
fn rejects_access_to_an_uninstantiated_vp()
```
*No internal callers found (may be called via macro, closure, or conditional compilation).*

### `rejects_saving_an_instantiated_prefix` [private]
```
fn rejects_saving_an_instantiated_prefix()
```
*No internal callers found (may be called via macro, closure, or conditional compilation).*

### `downtime_advances_tsc_by_elapsed_cycles` [private]
```
fn downtime_advances_tsc_by_elapsed_cycles()
```
*No internal callers found (may be called via macro, closure, or conditional compilation).*

### `linear_ip` [private]
```
fn linear_ip(regs: &virt::x86::vp::Registers, rip: u64) -> u64
```
*Called by (2):*
- **previous_instruction** (L1865): `read_virtual_memory(guest_memory, debug, vtl, linear_ip(regs, rip), &mut bytes)`
- **next_instruction** (L1894): `linear_ip(regs, regs.rip),`

### `select_instantiated_vp_states` [private]
```
fn select_instantiated_vp_states<T>(
    vp_capacity: usize,
    instantiated_vp_count: usize,
    states: Vec<(VpIndex, T)>,
) -> Result<Vec<(VpIndex, T)>, RestoreError>
```
*Called by (3):*
- **validates_full_inventory_before_selecting_instantiated_prefix** (L972): `let selected = select_instantiated_vp_states(4, 2, states).unwrap();`
- **validates_full_inventory_before_selecting_instantiated_prefix** (L985): `let error = select_instantiated_vp_states(4, 2, missing_dormant_vp).unwrap_err()`
- **VpSet::restore** (L1188): `let states = select_instantiated_vp_states(`

### `advance_tsc_state` [private]
```
fn advance_tsc_state(
    previous_tsc: u64,
    duration: std::time::Duration,
    frequency_hz: u64,
) -> anyhow::Result<AdvancedTsc>
```
*Called by (2):*
- **downtime_advances_tsc_by_elapsed_cycles** (L86): `let advanced = advance_tsc_state(1_000, Duration::from_secs(1), 1_000).unwrap();`
- **BoundVp<'_, T, U>::advance_tsc** (L257): `let advanced = advance_tsc_state(previous_tsc, duration, frequency_hz)?;`

### `translate_gva` [private]
```
fn translate_gva(
        guest_memory: &GuestMemory,
        debug: &mut dyn DebugVp,
        vtl: Vtl,
        gva: u64,
    ) -> anyhow::Result<u64>
```
*Called by (2):*
- **read_virtual_memory** (L1804): `let gpa = translate_gva(guest_memory, debug, vtl, gva + offset as u64)`
- **write_virtual_memory** (L1822): `let gpa = translate_gva(guest_memory, debug, vtl, gva + offset as u64)`

### `requires_exactly_one_restore_entry_per_vp` [private]
```
fn requires_exactly_one_restore_entry_per_vp()
```
*No internal callers found (may be called via macro, closure, or conditional compilation).*

### `validates_full_inventory_before_selecting_instantiated_prefix` [private]
```
fn validates_full_inventory_before_selecting_instantiated_prefix()
```
*No internal callers found (may be called via macro, closure, or conditional compilation).*

## Type References

### `Halted` [private] — 0 external reference(s)

### `BoundVp` [private] — 0 external reference(s)

### `RunnerCanceller` [pub] — 2 external reference(s)
| File | Line | Context |
|------|-----:|---------|
| `vmm_core/src/partition_unit.rs` | 12 | `pub use vp_set::RunnerCanceller;` |
| `openhcl/underhill_core/src/vp.rs` | 261 | `mut canceller: vmm_core::partition_unit::RunnerCanceller,` |

### `RunnerInner` [private] — 0 external reference(s)

### `VpWaker` [private] — 0 external reference(s)

### `AdvancedTsc` [private] — 0 external reference(s)

### `Halt` [pub] — 21 external reference(s)
| File | Line | Context |
|------|-----:|---------|
| `vmm_core/src/vmotherboard_adapter.rs` | 7 | `use crate::partition_unit::Halt;` |
| `vmm_core/src/vmotherboard_adapter.rs` | 90 | `impl vmotherboard::PowerEventHandler for Halt {` |
| `vmm_core/src/vmotherboard_adapter.rs` | 101 | `impl vmotherboard::DebugEventHandler for Halt {` |
| `openvmm/openvmm_core/src/worker/dispatch.rs` | 168 | `use vmm_core::partition_unit::Halt;` |
| `openvmm/openvmm_core/src/worker/dispatch.rs` | 1681 | `let vmgs_client: Option<&dyn HvLiteVmgsNonVolatileStore> =` |
| `openvmm/openvmm_core/src/worker/dispatch.rs` | 4960 | `dsdt.add_vmbus(false, Some(VMBUS_INTID));` |
| `openhcl/underhill_core/src/worker.rs` | 176 | `use vmm_core::partition_unit::Halt;` |
| `openhcl/underhill_core/src/worker.rs` | 2365 | `let (halt_vps, halt_request_recv) = Halt::new();` |
| `openhcl/underhill_core/src/worker.rs` | 4121 | `halt_vps: Arc<Halt>,` |
| `openhcl/underhill_core/src/emuplat/uefi.rs` | 25 | `use vmm_core::partition_unit::Halt;` |
| `openhcl/underhill_core/src/emuplat/uefi.rs` | 62 | `halt_vps: Arc<Halt>,` |
| `openhcl/underhill_core/src/emuplat/uefi.rs` | 69 | `halt_vps: Arc<Halt>,` |
| `openhcl/underhill_core/src/emuplat/uefi.rs` | 163 | `halt_vps: Arc<Halt>,` |
| `vmm_core/src/partition_unit.rs` | 9 | `pub use vp_set::Halt;` |
| `vmm_core/src/partition_unit.rs` | 145 | `pub halt_vps: Arc<Halt>,` |
| `openvmm/openvmm_core/src/emuplat/uefi.rs` | 15 | `use vmm_core::partition_unit::Halt;` |
| `openvmm/openvmm_core/src/emuplat/uefi.rs` | 26 | `halt_vps: Arc<Halt>,` |
| `openvmm/openvmm_core/src/emuplat/uefi.rs` | 30 | `pub fn new(partition: Arc<dyn HvlitePartition>, halt_vps: Arc<Halt>) -> Self {` |
| `openvmm/openvmm_core/src/emuplat/uefi.rs` | 96 | `halt_vps: Arc<Halt>,` |
| `vmm_core/src/platform_resolvers.rs` | 4 | `use crate::partition_unit::Halt;` |

### `HaltState` [private] — 0 external reference(s)

### `Inner` [private] — 0 external reference(s)

### `VpSet` [pub] — 3 external reference(s)
| File | Line | Context |
|------|-----:|---------|
| `vmm_core/src/partition_unit.rs` | 48 | `use vp_set::VpSet;` |
| `vmm_core/src/partition_unit.rs` | 80 | `vp_set: VpSet,` |
| `vmm_core/src/partition_unit.rs` | 215 | `let mut vp_set = VpSet::new(` |

### `Vp` [private] — 0 external reference(s)

### `RegisterSetError` [pub] — 2 external reference(s)
| File | Line | Context |
|------|-----:|---------|
| `vmm_core/src/partition_unit.rs` | 16 | `use self::vp_set::RegisterSetError;` |
| `vmm_core/src/partition_unit.rs` | 179 | `RegisterSet(#[source] RegisterSetError),` |

### `RunnerGoneError` [private] — 0 external reference(s)

### `VpRunner` [pub] — 7 external reference(s)
| File | Line | Context |
|------|-----:|---------|
| `openvmm/openvmm_core/src/partition.rs` | 54 | `use vmm_core::partition_unit::VpRunner;` |
| `openvmm/openvmm_core/src/partition.rs` | 453 | `runner: VpRunner,` |
| `openvmm/openvmm_core/src/partition.rs` | 462 | `mut runner: VpRunner,` |
| `vmm_core/src/partition_unit.rs` | 13 | `pub use vp_set::VpRunner;` |
| `vmm_core/src/partition_unit.rs` | 201 | `) -> Result<(Self, Vec<VpRunner>), Error> {` |
| `openhcl/underhill_core/src/vp.rs` | 18 | `runners: Vec<vmm_core::partition_unit::VpRunner>,` |
| `openhcl/underhill_core/src/vp.rs` | 50 | `runner: vmm_core::partition_unit::VpRunner,` |

### `RunCancelled` [pub] — 3 external reference(s)
| File | Line | Context |
|------|-----:|---------|
| `vmm_core/src/partition_unit.rs` | 11 | `pub use vp_set::RunCancelled;` |
| `openvmm/openvmm_core/src/partition.rs` | 52 | `use vmm_core::partition_unit::RunCancelled;` |
| `openvmm/openvmm_core/src/partition.rs` | 465 | `while let Err(RunCancelled { .. }) = runner.run(&mut WrappedVp(self), chipset).a` |

### `StopReason` [private] — 0 external reference(s)

### `Event` [private] — 0 external reference(s)

### `DebugEvent` [private] — 0 external reference(s)

### `StateEvent` [private] — 0 external reference(s)

### `RegistersToSet` [pub] — 2 external reference(s)
| File | Line | Context |
|------|-----:|---------|
| `vmm_core/src/partition_unit.rs` | 503 | `vp_set::RegistersToSet::MtrrsOnly,` |
| `vmm_core/src/partition_unit.rs` | 555 | `.set_initial_regs(vtl, state.clone(), vp_set::RegistersToSet::All)` |

### `VpEvent` [private] — 0 external reference(s)

### `VpState` [private] — 0 external reference(s)

## ⚠️ Public Functions with No External Callers

These are public but have no call sites outside the module. They may be dead code or intended for future use.

- `save`
- `restore`
- `replay_mtrrs`
- `clone`
- `poll`
- `advance_tsc`
- `set_debug_state`
- `get_vp_state`
- `get_vp_state`
- `set_vp_state`
- `set_vp_state`
- `run_vp`
- `inspect_vp`
- `reset`
- `scrub`
- `set_initial_regs`
- `advance_tsc`
- `debug`
- `get_dump_vp_state`
- `get_dump_vp_state`
- `wake_by_ref`
- `wake`
- `request_yield`
- `write_virtual_memory`
- `previous_instruction`
- `next_instruction`
- `read_virtual_memory`

