   Compiling vm_topology v0.0.0 (/home/ruize/openvmm-restore-v1/vm/vmcore/vm_topology)
    Checking unix_socket v0.0.0 (/home/ruize/openvmm-restore-v1/support/unix_socket)
warning: unexpected `cfg` condition name: `target_has_atomic_primitive_alignment`
   --> toolchain/verus-src/source/vstd/atomic.rs:518:15
    |
518 |         #[cfg(target_has_atomic_primitive_alignment = $width)]
    |               ^^^^^^^^^^^^^^^^^^^^^^^^^^^^^^^^^^^^^^^^^^^^^^
...
603 | ptr_atomic_methods!(PAtomicU64, AtomicU64, u64, "64");
    | ----------------------------------------------------- in this macro invocation
    |
    = help: consider using a Cargo feature instead
    = help: or consider adding in `Cargo.toml` the `check-cfg` lint config for the lint:
             [lints.rust]
             unexpected_cfgs = { level = "warn", check-cfg = ['cfg(target_has_atomic_primitive_alignment, values("64"))'] }
    = help: or consider adding `println!("cargo::rustc-check-cfg=cfg(target_has_atomic_primitive_alignment, values(\"64\"))");` to the top of the `build.rs`
    = note: see <https://doc.rust-lang.org/nightly/rustc/check-cfg/cargo-specifics.html> for more information about checking conditional configuration
    = note: requested on the command line with `-W unexpected-cfgs`
    = note: this warning originates in the macro `ptr_atomic_methods` (in Nightly builds, run with -Z macro-backtrace for more info)
help: there is a config with a similar name and value
    |
518 -         #[cfg(target_has_atomic_primitive_alignment = $width)]
518 +         #[cfg(target_has_atomic_equal_alignment = $width)]
    |

warning: unexpected `cfg` condition name: `target_has_atomic_primitive_alignment`
   --> toolchain/verus-src/source/vstd/atomic.rs:531:15
    |
531 |         #[cfg(target_has_atomic_primitive_alignment = $width)]
    |               ^^^^^^^^^^^^^^^^^^^^^^^^^^^^^^^^^^^^^^^^^^^^^^
...
603 | ptr_atomic_methods!(PAtomicU64, AtomicU64, u64, "64");
    | ----------------------------------------------------- in this macro invocation
    |
    = help: consider using a Cargo feature instead
    = help: or consider adding in `Cargo.toml` the `check-cfg` lint config for the lint:
             [lints.rust]
             unexpected_cfgs = { level = "warn", check-cfg = ['cfg(target_has_atomic_primitive_alignment, values("64"))'] }
    = help: or consider adding `println!("cargo::rustc-check-cfg=cfg(target_has_atomic_primitive_alignment, values(\"64\"))");` to the top of the `build.rs`
    = note: see <https://doc.rust-lang.org/nightly/rustc/check-cfg/cargo-specifics.html> for more information about checking conditional configuration
    = note: this warning originates in the macro `ptr_atomic_methods` (in Nightly builds, run with -Z macro-backtrace for more info)
help: there is a config with a similar name and value
    |
531 -         #[cfg(target_has_atomic_primitive_alignment = $width)]
531 +         #[cfg(target_has_atomic_equal_alignment = $width)]
    |

warning: unexpected `cfg` condition name: `target_has_atomic_primitive_alignment`
   --> toolchain/verus-src/source/vstd/atomic.rs:518:15
    |
518 |         #[cfg(target_has_atomic_primitive_alignment = $width)]
    |               ^^^^^^^^^^^^^^^^^^^^^^^^^^^^^^^^^^^^^^^^^^^^^^
...
605 | ptr_atomic_methods!(PAtomicU32, AtomicU32, u32, "32");
    | ----------------------------------------------------- in this macro invocation
    |
    = help: consider using a Cargo feature instead
    = help: or consider adding in `Cargo.toml` the `check-cfg` lint config for the lint:
             [lints.rust]
             unexpected_cfgs = { level = "warn", check-cfg = ['cfg(target_has_atomic_primitive_alignment, values("32"))'] }
    = help: or consider adding `println!("cargo::rustc-check-cfg=cfg(target_has_atomic_primitive_alignment, values(\"32\"))");` to the top of the `build.rs`
    = note: see <https://doc.rust-lang.org/nightly/rustc/check-cfg/cargo-specifics.html> for more information about checking conditional configuration
    = note: this warning originates in the macro `ptr_atomic_methods` (in Nightly builds, run with -Z macro-backtrace for more info)
help: there is a config with a similar name and value
    |
518 -         #[cfg(target_has_atomic_primitive_alignment = $width)]
518 +         #[cfg(target_has_atomic_equal_alignment = $width)]
    |

warning: unexpected `cfg` condition name: `target_has_atomic_primitive_alignment`
   --> toolchain/verus-src/source/vstd/atomic.rs:531:15
    |
531 |         #[cfg(target_has_atomic_primitive_alignment = $width)]
    |               ^^^^^^^^^^^^^^^^^^^^^^^^^^^^^^^^^^^^^^^^^^^^^^
...
605 | ptr_atomic_methods!(PAtomicU32, AtomicU32, u32, "32");
    | ----------------------------------------------------- in this macro invocation
    |
    = help: consider using a Cargo feature instead
    = help: or consider adding in `Cargo.toml` the `check-cfg` lint config for the lint:
             [lints.rust]
             unexpected_cfgs = { level = "warn", check-cfg = ['cfg(target_has_atomic_primitive_alignment, values("32"))'] }
    = help: or consider adding `println!("cargo::rustc-check-cfg=cfg(target_has_atomic_primitive_alignment, values(\"32\"))");` to the top of the `build.rs`
    = note: see <https://doc.rust-lang.org/nightly/rustc/check-cfg/cargo-specifics.html> for more information about checking conditional configuration
    = note: this warning originates in the macro `ptr_atomic_methods` (in Nightly builds, run with -Z macro-backtrace for more info)
help: there is a config with a similar name and value
    |
531 -         #[cfg(target_has_atomic_primitive_alignment = $width)]
531 +         #[cfg(target_has_atomic_equal_alignment = $width)]
    |

warning: unexpected `cfg` condition name: `target_has_atomic_primitive_alignment`
   --> toolchain/verus-src/source/vstd/atomic.rs:518:15
    |
518 |         #[cfg(target_has_atomic_primitive_alignment = $width)]
    |               ^^^^^^^^^^^^^^^^^^^^^^^^^^^^^^^^^^^^^^^^^^^^^^
...
606 | ptr_atomic_methods!(PAtomicU16, AtomicU16, u16, "16");
    | ----------------------------------------------------- in this macro invocation
    |
    = help: consider using a Cargo feature instead
    = help: or consider adding in `Cargo.toml` the `check-cfg` lint config for the lint:
             [lints.rust]
             unexpected_cfgs = { level = "warn", check-cfg = ['cfg(target_has_atomic_primitive_alignment, values("16"))'] }
    = help: or consider adding `println!("cargo::rustc-check-cfg=cfg(target_has_atomic_primitive_alignment, values(\"16\"))");` to the top of the `build.rs`
    = note: see <https://doc.rust-lang.org/nightly/rustc/check-cfg/cargo-specifics.html> for more information about checking conditional configuration
    = note: this warning originates in the macro `ptr_atomic_methods` (in Nightly builds, run with -Z macro-backtrace for more info)
help: there is a config with a similar name and value
    |
518 -         #[cfg(target_has_atomic_primitive_alignment = $width)]
518 +         #[cfg(target_has_atomic_equal_alignment = $width)]
    |

warning: unexpected `cfg` condition name: `target_has_atomic_primitive_alignment`
   --> toolchain/verus-src/source/vstd/atomic.rs:531:15
    |
531 |         #[cfg(target_has_atomic_primitive_alignment = $width)]
    |               ^^^^^^^^^^^^^^^^^^^^^^^^^^^^^^^^^^^^^^^^^^^^^^
...
606 | ptr_atomic_methods!(PAtomicU16, AtomicU16, u16, "16");
    | ----------------------------------------------------- in this macro invocation
    |
    = help: consider using a Cargo feature instead
    = help: or consider adding in `Cargo.toml` the `check-cfg` lint config for the lint:
             [lints.rust]
             unexpected_cfgs = { level = "warn", check-cfg = ['cfg(target_has_atomic_primitive_alignment, values("16"))'] }
    = help: or consider adding `println!("cargo::rustc-check-cfg=cfg(target_has_atomic_primitive_alignment, values(\"16\"))");` to the top of the `build.rs`
    = note: see <https://doc.rust-lang.org/nightly/rustc/check-cfg/cargo-specifics.html> for more information about checking conditional configuration
    = note: this warning originates in the macro `ptr_atomic_methods` (in Nightly builds, run with -Z macro-backtrace for more info)
help: there is a config with a similar name and value
    |
531 -         #[cfg(target_has_atomic_primitive_alignment = $width)]
531 +         #[cfg(target_has_atomic_equal_alignment = $width)]
    |

warning: unexpected `cfg` condition name: `target_has_atomic_primitive_alignment`
   --> toolchain/verus-src/source/vstd/atomic.rs:518:15
    |
518 |         #[cfg(target_has_atomic_primitive_alignment = $width)]
    |               ^^^^^^^^^^^^^^^^^^^^^^^^^^^^^^^^^^^^^^^^^^^^^^
...
607 | ptr_atomic_methods!(PAtomicU8, AtomicU8, u8, "8");
    | ------------------------------------------------- in this macro invocation
    |
    = help: consider using a Cargo feature instead
    = help: or consider adding in `Cargo.toml` the `check-cfg` lint config for the lint:
             [lints.rust]
             unexpected_cfgs = { level = "warn", check-cfg = ['cfg(target_has_atomic_primitive_alignment, values("8"))'] }
    = help: or consider adding `println!("cargo::rustc-check-cfg=cfg(target_has_atomic_primitive_alignment, values(\"8\"))");` to the top of the `build.rs`
    = note: see <https://doc.rust-lang.org/nightly/rustc/check-cfg/cargo-specifics.html> for more information about checking conditional configuration
    = note: this warning originates in the macro `ptr_atomic_methods` (in Nightly builds, run with -Z macro-backtrace for more info)
help: there is a config with a similar name and value
    |
518 -         #[cfg(target_has_atomic_primitive_alignment = $width)]
518 +         #[cfg(target_has_atomic_equal_alignment = $width)]
    |

warning: unexpected `cfg` condition name: `target_has_atomic_primitive_alignment`
   --> toolchain/verus-src/source/vstd/atomic.rs:531:15
    |
531 |         #[cfg(target_has_atomic_primitive_alignment = $width)]
    |               ^^^^^^^^^^^^^^^^^^^^^^^^^^^^^^^^^^^^^^^^^^^^^^
...
607 | ptr_atomic_methods!(PAtomicU8, AtomicU8, u8, "8");
    | ------------------------------------------------- in this macro invocation
    |
    = help: consider using a Cargo feature instead
    = help: or consider adding in `Cargo.toml` the `check-cfg` lint config for the lint:
             [lints.rust]
             unexpected_cfgs = { level = "warn", check-cfg = ['cfg(target_has_atomic_primitive_alignment, values("8"))'] }
    = help: or consider adding `println!("cargo::rustc-check-cfg=cfg(target_has_atomic_primitive_alignment, values(\"8\"))");` to the top of the `build.rs`
    = note: see <https://doc.rust-lang.org/nightly/rustc/check-cfg/cargo-specifics.html> for more information about checking conditional configuration
    = note: this warning originates in the macro `ptr_atomic_methods` (in Nightly builds, run with -Z macro-backtrace for more info)
help: there is a config with a similar name and value
    |
531 -         #[cfg(target_has_atomic_primitive_alignment = $width)]
531 +         #[cfg(target_has_atomic_equal_alignment = $width)]
    |

warning: unexpected `cfg` condition name: `target_has_atomic_primitive_alignment`
   --> toolchain/verus-src/source/vstd/atomic.rs:518:15
    |
518 |         #[cfg(target_has_atomic_primitive_alignment = $width)]
    |               ^^^^^^^^^^^^^^^^^^^^^^^^^^^^^^^^^^^^^^^^^^^^^^
...
608 | ptr_atomic_methods!(PAtomicUsize, AtomicUsize, usize, "ptr");
    | ------------------------------------------------------------ in this macro invocation
    |
    = help: consider using a Cargo feature instead
    = help: or consider adding in `Cargo.toml` the `check-cfg` lint config for the lint:
             [lints.rust]
             unexpected_cfgs = { level = "warn", check-cfg = ['cfg(target_has_atomic_primitive_alignment, values("ptr"))'] }
    = help: or consider adding `println!("cargo::rustc-check-cfg=cfg(target_has_atomic_primitive_alignment, values(\"ptr\"))");` to the top of the `build.rs`
    = note: see <https://doc.rust-lang.org/nightly/rustc/check-cfg/cargo-specifics.html> for more information about checking conditional configuration
    = note: this warning originates in the macro `ptr_atomic_methods` (in Nightly builds, run with -Z macro-backtrace for more info)
help: there is a config with a similar name and value
    |
518 -         #[cfg(target_has_atomic_primitive_alignment = $width)]
518 +         #[cfg(target_has_atomic_equal_alignment = $width)]
    |

warning: unexpected `cfg` condition name: `target_has_atomic_primitive_alignment`
   --> toolchain/verus-src/source/vstd/atomic.rs:531:15
    |
531 |         #[cfg(target_has_atomic_primitive_alignment = $width)]
    |               ^^^^^^^^^^^^^^^^^^^^^^^^^^^^^^^^^^^^^^^^^^^^^^
...
608 | ptr_atomic_methods!(PAtomicUsize, AtomicUsize, usize, "ptr");
    | ------------------------------------------------------------ in this macro invocation
    |
    = help: consider using a Cargo feature instead
    = help: or consider adding in `Cargo.toml` the `check-cfg` lint config for the lint:
             [lints.rust]
             unexpected_cfgs = { level = "warn", check-cfg = ['cfg(target_has_atomic_primitive_alignment, values("ptr"))'] }
    = help: or consider adding `println!("cargo::rustc-check-cfg=cfg(target_has_atomic_primitive_alignment, values(\"ptr\"))");` to the top of the `build.rs`
    = note: see <https://doc.rust-lang.org/nightly/rustc/check-cfg/cargo-specifics.html> for more information about checking conditional configuration
    = note: this warning originates in the macro `ptr_atomic_methods` (in Nightly builds, run with -Z macro-backtrace for more info)
help: there is a config with a similar name and value
    |
531 -         #[cfg(target_has_atomic_primitive_alignment = $width)]
531 +         #[cfg(target_has_atomic_equal_alignment = $width)]
    |

warning: unexpected `cfg` condition name: `target_has_atomic_primitive_alignment`
   --> toolchain/verus-src/source/vstd/atomic.rs:518:15
    |
518 |         #[cfg(target_has_atomic_primitive_alignment = $width)]
    |               ^^^^^^^^^^^^^^^^^^^^^^^^^^^^^^^^^^^^^^^^^^^^^^
...
611 | ptr_atomic_methods!(PAtomicI64, AtomicI64, i64, "64");
    | ----------------------------------------------------- in this macro invocation
    |
    = help: consider using a Cargo feature instead
    = help: or consider adding in `Cargo.toml` the `check-cfg` lint config for the lint:
             [lints.rust]
             unexpected_cfgs = { level = "warn", check-cfg = ['cfg(target_has_atomic_primitive_alignment, values("64"))'] }
    = help: or consider adding `println!("cargo::rustc-check-cfg=cfg(target_has_atomic_primitive_alignment, values(\"64\"))");` to the top of the `build.rs`
    = note: see <https://doc.rust-lang.org/nightly/rustc/check-cfg/cargo-specifics.html> for more information about checking conditional configuration
    = note: this warning originates in the macro `ptr_atomic_methods` (in Nightly builds, run with -Z macro-backtrace for more info)
help: there is a config with a similar name and value
    |
518 -         #[cfg(target_has_atomic_primitive_alignment = $width)]
518 +         #[cfg(target_has_atomic_equal_alignment = $width)]
    |

warning: unexpected `cfg` condition name: `target_has_atomic_primitive_alignment`
   --> toolchain/verus-src/source/vstd/atomic.rs:531:15
    |
531 |         #[cfg(target_has_atomic_primitive_alignment = $width)]
    |               ^^^^^^^^^^^^^^^^^^^^^^^^^^^^^^^^^^^^^^^^^^^^^^
...
611 | ptr_atomic_methods!(PAtomicI64, AtomicI64, i64, "64");
    | ----------------------------------------------------- in this macro invocation
    |
    = help: consider using a Cargo feature instead
    = help: or consider adding in `Cargo.toml` the `check-cfg` lint config for the lint:
             [lints.rust]
             unexpected_cfgs = { level = "warn", check-cfg = ['cfg(target_has_atomic_primitive_alignment, values("64"))'] }
    = help: or consider adding `println!("cargo::rustc-check-cfg=cfg(target_has_atomic_primitive_alignment, values(\"64\"))");` to the top of the `build.rs`
    = note: see <https://doc.rust-lang.org/nightly/rustc/check-cfg/cargo-specifics.html> for more information about checking conditional configuration
    = note: this warning originates in the macro `ptr_atomic_methods` (in Nightly builds, run with -Z macro-backtrace for more info)
help: there is a config with a similar name and value
    |
531 -         #[cfg(target_has_atomic_primitive_alignment = $width)]
531 +         #[cfg(target_has_atomic_equal_alignment = $width)]
    |

warning: unexpected `cfg` condition name: `target_has_atomic_primitive_alignment`
   --> toolchain/verus-src/source/vstd/atomic.rs:518:15
    |
518 |         #[cfg(target_has_atomic_primitive_alignment = $width)]
    |               ^^^^^^^^^^^^^^^^^^^^^^^^^^^^^^^^^^^^^^^^^^^^^^
...
613 | ptr_atomic_methods!(PAtomicI32, AtomicI32, i32, "32");
    | ----------------------------------------------------- in this macro invocation
    |
    = help: consider using a Cargo feature instead
    = help: or consider adding in `Cargo.toml` the `check-cfg` lint config for the lint:
             [lints.rust]
             unexpected_cfgs = { level = "warn", check-cfg = ['cfg(target_has_atomic_primitive_alignment, values("32"))'] }
    = help: or consider adding `println!("cargo::rustc-check-cfg=cfg(target_has_atomic_primitive_alignment, values(\"32\"))");` to the top of the `build.rs`
    = note: see <https://doc.rust-lang.org/nightly/rustc/check-cfg/cargo-specifics.html> for more information about checking conditional configuration
    = note: this warning originates in the macro `ptr_atomic_methods` (in Nightly builds, run with -Z macro-backtrace for more info)
help: there is a config with a similar name and value
    |
518 -         #[cfg(target_has_atomic_primitive_alignment = $width)]
518 +         #[cfg(target_has_atomic_equal_alignment = $width)]
    |

warning: unexpected `cfg` condition name: `target_has_atomic_primitive_alignment`
   --> toolchain/verus-src/source/vstd/atomic.rs:531:15
    |
531 |         #[cfg(target_has_atomic_primitive_alignment = $width)]
    |               ^^^^^^^^^^^^^^^^^^^^^^^^^^^^^^^^^^^^^^^^^^^^^^
...
613 | ptr_atomic_methods!(PAtomicI32, AtomicI32, i32, "32");
    | ----------------------------------------------------- in this macro invocation
    |
    = help: consider using a Cargo feature instead
    = help: or consider adding in `Cargo.toml` the `check-cfg` lint config for the lint:
             [lints.rust]
             unexpected_cfgs = { level = "warn", check-cfg = ['cfg(target_has_atomic_primitive_alignment, values("32"))'] }
    = help: or consider adding `println!("cargo::rustc-check-cfg=cfg(target_has_atomic_primitive_alignment, values(\"32\"))");` to the top of the `build.rs`
    = note: see <https://doc.rust-lang.org/nightly/rustc/check-cfg/cargo-specifics.html> for more information about checking conditional configuration
    = note: this warning originates in the macro `ptr_atomic_methods` (in Nightly builds, run with -Z macro-backtrace for more info)
help: there is a config with a similar name and value
    |
531 -         #[cfg(target_has_atomic_primitive_alignment = $width)]
531 +         #[cfg(target_has_atomic_equal_alignment = $width)]
    |

warning: unexpected `cfg` condition name: `target_has_atomic_primitive_alignment`
   --> toolchain/verus-src/source/vstd/atomic.rs:518:15
    |
518 |         #[cfg(target_has_atomic_primitive_alignment = $width)]
    |               ^^^^^^^^^^^^^^^^^^^^^^^^^^^^^^^^^^^^^^^^^^^^^^
...
614 | ptr_atomic_methods!(PAtomicI16, AtomicI16, i16, "16");
    | ----------------------------------------------------- in this macro invocation
    |
    = help: consider using a Cargo feature instead
    = help: or consider adding in `Cargo.toml` the `check-cfg` lint config for the lint:
             [lints.rust]
             unexpected_cfgs = { level = "warn", check-cfg = ['cfg(target_has_atomic_primitive_alignment, values("16"))'] }
    = help: or consider adding `println!("cargo::rustc-check-cfg=cfg(target_has_atomic_primitive_alignment, values(\"16\"))");` to the top of the `build.rs`
    = note: see <https://doc.rust-lang.org/nightly/rustc/check-cfg/cargo-specifics.html> for more information about checking conditional configuration
    = note: this warning originates in the macro `ptr_atomic_methods` (in Nightly builds, run with -Z macro-backtrace for more info)
help: there is a config with a similar name and value
    |
518 -         #[cfg(target_has_atomic_primitive_alignment = $width)]
518 +         #[cfg(target_has_atomic_equal_alignment = $width)]
    |

warning: unexpected `cfg` condition name: `target_has_atomic_primitive_alignment`
   --> toolchain/verus-src/source/vstd/atomic.rs:531:15
    |
531 |         #[cfg(target_has_atomic_primitive_alignment = $width)]
    |               ^^^^^^^^^^^^^^^^^^^^^^^^^^^^^^^^^^^^^^^^^^^^^^
...
614 | ptr_atomic_methods!(PAtomicI16, AtomicI16, i16, "16");
    | ----------------------------------------------------- in this macro invocation
    |
    = help: consider using a Cargo feature instead
    = help: or consider adding in `Cargo.toml` the `check-cfg` lint config for the lint:
             [lints.rust]
             unexpected_cfgs = { level = "warn", check-cfg = ['cfg(target_has_atomic_primitive_alignment, values("16"))'] }
    = help: or consider adding `println!("cargo::rustc-check-cfg=cfg(target_has_atomic_primitive_alignment, values(\"16\"))");` to the top of the `build.rs`
    = note: see <https://doc.rust-lang.org/nightly/rustc/check-cfg/cargo-specifics.html> for more information about checking conditional configuration
    = note: this warning originates in the macro `ptr_atomic_methods` (in Nightly builds, run with -Z macro-backtrace for more info)
help: there is a config with a similar name and value
    |
531 -         #[cfg(target_has_atomic_primitive_alignment = $width)]
531 +         #[cfg(target_has_atomic_equal_alignment = $width)]
    |

warning: unexpected `cfg` condition name: `target_has_atomic_primitive_alignment`
   --> toolchain/verus-src/source/vstd/atomic.rs:518:15
    |
518 |         #[cfg(target_has_atomic_primitive_alignment = $width)]
    |               ^^^^^^^^^^^^^^^^^^^^^^^^^^^^^^^^^^^^^^^^^^^^^^
...
615 | ptr_atomic_methods!(PAtomicI8, AtomicI8, i8, "8");
    | ------------------------------------------------- in this macro invocation
    |
    = help: consider using a Cargo feature instead
    = help: or consider adding in `Cargo.toml` the `check-cfg` lint config for the lint:
             [lints.rust]
             unexpected_cfgs = { level = "warn", check-cfg = ['cfg(target_has_atomic_primitive_alignment, values("8"))'] }
    = help: or consider adding `println!("cargo::rustc-check-cfg=cfg(target_has_atomic_primitive_alignment, values(\"8\"))");` to the top of the `build.rs`
    = note: see <https://doc.rust-lang.org/nightly/rustc/check-cfg/cargo-specifics.html> for more information about checking conditional configuration
    = note: this warning originates in the macro `ptr_atomic_methods` (in Nightly builds, run with -Z macro-backtrace for more info)
help: there is a config with a similar name and value
    |
518 -         #[cfg(target_has_atomic_primitive_alignment = $width)]
518 +         #[cfg(target_has_atomic_equal_alignment = $width)]
    |

warning: unexpected `cfg` condition name: `target_has_atomic_primitive_alignment`
   --> toolchain/verus-src/source/vstd/atomic.rs:531:15
    |
531 |         #[cfg(target_has_atomic_primitive_alignment = $width)]
    |               ^^^^^^^^^^^^^^^^^^^^^^^^^^^^^^^^^^^^^^^^^^^^^^
...
615 | ptr_atomic_methods!(PAtomicI8, AtomicI8, i8, "8");
    | ------------------------------------------------- in this macro invocation
    |
    = help: consider using a Cargo feature instead
    = help: or consider adding in `Cargo.toml` the `check-cfg` lint config for the lint:
             [lints.rust]
             unexpected_cfgs = { level = "warn", check-cfg = ['cfg(target_has_atomic_primitive_alignment, values("8"))'] }
    = help: or consider adding `println!("cargo::rustc-check-cfg=cfg(target_has_atomic_primitive_alignment, values(\"8\"))");` to the top of the `build.rs`
    = note: see <https://doc.rust-lang.org/nightly/rustc/check-cfg/cargo-specifics.html> for more information about checking conditional configuration
    = note: this warning originates in the macro `ptr_atomic_methods` (in Nightly builds, run with -Z macro-backtrace for more info)
help: there is a config with a similar name and value
    |
531 -         #[cfg(target_has_atomic_primitive_alignment = $width)]
531 +         #[cfg(target_has_atomic_equal_alignment = $width)]
    |

warning: unexpected `cfg` condition name: `target_has_atomic_primitive_alignment`
   --> toolchain/verus-src/source/vstd/atomic.rs:518:15
    |
518 |         #[cfg(target_has_atomic_primitive_alignment = $width)]
    |               ^^^^^^^^^^^^^^^^^^^^^^^^^^^^^^^^^^^^^^^^^^^^^^
...
616 | ptr_atomic_methods!(PAtomicIsize, AtomicIsize, isize, "ptr");
    | ------------------------------------------------------------ in this macro invocation
    |
    = help: consider using a Cargo feature instead
    = help: or consider adding in `Cargo.toml` the `check-cfg` lint config for the lint:
             [lints.rust]
             unexpected_cfgs = { level = "warn", check-cfg = ['cfg(target_has_atomic_primitive_alignment, values("ptr"))'] }
    = help: or consider adding `println!("cargo::rustc-check-cfg=cfg(target_has_atomic_primitive_alignment, values(\"ptr\"))");` to the top of the `build.rs`
    = note: see <https://doc.rust-lang.org/nightly/rustc/check-cfg/cargo-specifics.html> for more information about checking conditional configuration
    = note: this warning originates in the macro `ptr_atomic_methods` (in Nightly builds, run with -Z macro-backtrace for more info)
help: there is a config with a similar name and value
    |
518 -         #[cfg(target_has_atomic_primitive_alignment = $width)]
518 +         #[cfg(target_has_atomic_equal_alignment = $width)]
    |

warning: unexpected `cfg` condition name: `target_has_atomic_primitive_alignment`
   --> toolchain/verus-src/source/vstd/atomic.rs:531:15
    |
531 |         #[cfg(target_has_atomic_primitive_alignment = $width)]
    |               ^^^^^^^^^^^^^^^^^^^^^^^^^^^^^^^^^^^^^^^^^^^^^^
...
616 | ptr_atomic_methods!(PAtomicIsize, AtomicIsize, isize, "ptr");
    | ------------------------------------------------------------ in this macro invocation
    |
    = help: consider using a Cargo feature instead
    = help: or consider adding in `Cargo.toml` the `check-cfg` lint config for the lint:
             [lints.rust]
             unexpected_cfgs = { level = "warn", check-cfg = ['cfg(target_has_atomic_primitive_alignment, values("ptr"))'] }
    = help: or consider adding `println!("cargo::rustc-check-cfg=cfg(target_has_atomic_primitive_alignment, values(\"ptr\"))");` to the top of the `build.rs`
    = note: see <https://doc.rust-lang.org/nightly/rustc/check-cfg/cargo-specifics.html> for more information about checking conditional configuration
    = note: this warning originates in the macro `ptr_atomic_methods` (in Nightly builds, run with -Z macro-backtrace for more info)
help: there is a config with a similar name and value
    |
531 -         #[cfg(target_has_atomic_primitive_alignment = $width)]
531 +         #[cfg(target_has_atomic_equal_alignment = $width)]
    |

    Checking hvdef v0.0.0 (/home/ruize/openvmm-restore-v1/vm/hv1/hvdef)
    Checking tracelimit v0.0.0 (/home/ruize/openvmm-restore-v1/support/tracelimit)
    Checking memory_range v0.0.0 (/home/ruize/openvmm-restore-v1/vm/vmcore/memory_range)
    Checking x86defs v0.0.0 (/home/ruize/openvmm-restore-v1/vm/x86/x86defs)
    Checking aarch64defs v0.0.0 (/home/ruize/openvmm-restore-v1/vm/aarch64/aarch64defs)
warning: `vstd` (lib) generated 20 warnings
    Checking mesh_protobuf v0.0.0 (/home/ruize/openvmm-restore-v1/support/mesh/mesh_protobuf)
    Checking pal v0.0.0 (/home/ruize/openvmm-restore-v1/support/pal)
    Checking sparse_mmap v0.0.0 (/home/ruize/openvmm-restore-v1/support/sparse_mmap)
    Checking mesh_node v0.0.0 (/home/ruize/openvmm-restore-v1/support/mesh/mesh_node)
    Checking pal_event v0.0.0 (/home/ruize/openvmm-restore-v1/support/pal/pal_event)
    Checking pal_async v0.0.0 (/home/ruize/openvmm-restore-v1/support/pal/pal_async)
    Checking mesh_channel_core v0.0.0 (/home/ruize/openvmm-restore-v1/support/mesh/mesh_channel_core)
    Checking mesh_channel v0.0.0 (/home/ruize/openvmm-restore-v1/support/mesh/mesh_channel)
    Checking mesh v0.0.0 (/home/ruize/openvmm-restore-v1/support/mesh)
    Checking inspect v0.0.0 (/home/ruize/openvmm-restore-v1/support/inspect)
    Checking vm_resource v0.0.0 (/home/ruize/openvmm-restore-v1/vm/vmcore/vm_resource)
    Checking tdisp_proto v0.0.0 (/home/ruize/openvmm-restore-v1/vm/devices/tdisp_proto)
    Checking guestmem v0.0.0 (/home/ruize/openvmm-restore-v1/vm/vmcore/guestmem)
    Checking tdisp v0.0.0 (/home/ruize/openvmm-restore-v1/vm/devices/tdisp)
    Checking vmcore v0.0.0 (/home/ruize/openvmm-restore-v1/vm/vmcore)
    Checking chipset_device v0.0.0 (/home/ruize/openvmm-restore-v1/vm/chipset_device)
    Checking pci_core v0.0.0 (/home/ruize/openvmm-restore-v1/vm/devices/pci/pci_core)
    Checking chipset_device_resources v0.0.0 (/home/ruize/openvmm-restore-v1/vm/chipset_device_resources)
    Checking pci_resources v0.0.0 (/home/ruize/openvmm-restore-v1/vm/devices/pci/pci_resources)
    Checking cxl_spec v0.0.0 (/home/ruize/openvmm-restore-v1/vm/devices/cxl)
 Documenting vm_topology v0.0.0 (/home/ruize/openvmm-restore-v1/vm/vmcore/vm_topology)
warning: unexpected `cfg` condition name: `verus_keep_ghost`
  --> vm/vmcore/vm_topology/src/processor.rs:25:7
   |
25 | #[cfg(verus_keep_ghost)]
   |       ^^^^^^^^^^^^^^^^
   |
   = help: expected names are: `docsrs`, `feature`, `guest_arch`, `guest_is_native`, `test`, and `trick_rust_analyzer_into_highlighting_interpolated_bits` and 31 more
   = help: consider using a Cargo feature instead
   = help: or consider adding in `Cargo.toml` the `check-cfg` lint config for the lint:
            [lints.rust]
            unexpected_cfgs = { level = "warn", check-cfg = ['cfg(verus_keep_ghost)'] }
   = help: or consider adding `println!("cargo::rustc-check-cfg=cfg(verus_keep_ghost)");` to the top of the `build.rs`
   = note: see <https://doc.rust-lang.org/nightly/rustc/check-cfg/cargo-specifics.html> for more information about checking conditional configuration
   = note: requested on the command line with `-W unexpected-cfgs`

warning: `vm_topology` (lib doc) generated 1 warning
    Finished `dev` profile [unoptimized + debuginfo] target(s) in 6.50s
   Generated /home/ruize/openvmm-restore-v1/target/doc/vm_topology/index.html
