    Finished `light` profile [optimized + debuginfo] target(s) in 0.29s
     Running `/home/ruize/openvmm-restore-v1/target/light/xtask fmt --fix`
[checking] rustfmt[0m
[complete] rustfmt (665.22ms)[0m
[checking] lints[0m
[complete] lints (2.03s)[0m
[checking] verify-fuzzers[0m
[complete] verify-fuzzers (422.27ms)[0m
[checking] verify-flowey[0m
warning: unexpected `cfg` condition name: `target_has_atomic_primitive_alignment`
   --> toolchain/verus-src/source/vstd/atomic.rs:518:15
    |
518 |         #[cfg(target_has_atomic_primitive_alignment = $width)]
    |               ^^^^^^^^^^^^^^^^^^^^^^^^^^^^^^^^^^^^^^^^^^^^^^
...
603 | ptr_atomic_methods!(PAtomicU64, AtomicU64, u64, "64");
    | ----------------------------------------------------- in this macro invocation
    |
    = help: consider using a Cargo feature instead
    = help: or consider adding in `Cargo.toml` the `check-cfg` lint config for the lint:
             [lints.rust]
             unexpected_cfgs = { level = "warn", check-cfg = ['cfg(target_has_atomic_primitive_alignment, values("64"))'] }
    = help: or consider adding `println!("cargo::rustc-check-cfg=cfg(target_has_atomic_primitive_alignment, values(\"64\"))");` to the top of the `build.rs`
    = note: see <https://doc.rust-lang.org/nightly/rustc/check-cfg/cargo-specifics.html> for more information about checking conditional configuration
    = note: requested on the command line with `-W unexpected-cfgs`
    = note: this warning originates in the macro `ptr_atomic_methods` (in Nightly builds, run with -Z macro-backtrace for more info)
help: there is a config with a similar name and value
    |
518 -         #[cfg(target_has_atomic_primitive_alignment = $width)]
518 +         #[cfg(target_has_atomic_equal_alignment = $width)]
    |

warning: unexpected `cfg` condition name: `target_has_atomic_primitive_alignment`
   --> toolchain/verus-src/source/vstd/atomic.rs:531:15
    |
531 |         #[cfg(target_has_atomic_primitive_alignment = $width)]
    |               ^^^^^^^^^^^^^^^^^^^^^^^^^^^^^^^^^^^^^^^^^^^^^^
...
603 | ptr_atomic_methods!(PAtomicU64, AtomicU64, u64, "64");
    | ----------------------------------------------------- in this macro invocation
    |
    = help: consider using a Cargo feature instead
    = help: or consider adding in `Cargo.toml` the `check-cfg` lint config for the lint:
             [lints.rust]
             unexpected_cfgs = { level = "warn", check-cfg = ['cfg(target_has_atomic_primitive_alignment, values("64"))'] }
    = help: or consider adding `println!("cargo::rustc-check-cfg=cfg(target_has_atomic_primitive_alignment, values(\"64\"))");` to the top of the `build.rs`
    = note: see <https://doc.rust-lang.org/nightly/rustc/check-cfg/cargo-specifics.html> for more information about checking conditional configuration
    = note: this warning originates in the macro `ptr_atomic_methods` (in Nightly builds, run with -Z macro-backtrace for more info)
help: there is a config with a similar name and value
    |
531 -         #[cfg(target_has_atomic_primitive_alignment = $width)]
531 +         #[cfg(target_has_atomic_equal_alignment = $width)]
    |

warning: unexpected `cfg` condition name: `target_has_atomic_primitive_alignment`
   --> toolchain/verus-src/source/vstd/atomic.rs:518:15
    |
518 |         #[cfg(target_has_atomic_primitive_alignment = $width)]
    |               ^^^^^^^^^^^^^^^^^^^^^^^^^^^^^^^^^^^^^^^^^^^^^^
...
605 | ptr_atomic_methods!(PAtomicU32, AtomicU32, u32, "32");
    | ----------------------------------------------------- in this macro invocation
    |
    = help: consider using a Cargo feature instead
    = help: or consider adding in `Cargo.toml` the `check-cfg` lint config for the lint:
             [lints.rust]
             unexpected_cfgs = { level = "warn", check-cfg = ['cfg(target_has_atomic_primitive_alignment, values("32"))'] }
    = help: or consider adding `println!("cargo::rustc-check-cfg=cfg(target_has_atomic_primitive_alignment, values(\"32\"))");` to the top of the `build.rs`
    = note: see <https://doc.rust-lang.org/nightly/rustc/check-cfg/cargo-specifics.html> for more information about checking conditional configuration
    = note: this warning originates in the macro `ptr_atomic_methods` (in Nightly builds, run with -Z macro-backtrace for more info)
help: there is a config with a similar name and value
    |
518 -         #[cfg(target_has_atomic_primitive_alignment = $width)]
518 +         #[cfg(target_has_atomic_equal_alignment = $width)]
    |

warning: unexpected `cfg` condition name: `target_has_atomic_primitive_alignment`
   --> toolchain/verus-src/source/vstd/atomic.rs:531:15
    |
531 |         #[cfg(target_has_atomic_primitive_alignment = $width)]
    |               ^^^^^^^^^^^^^^^^^^^^^^^^^^^^^^^^^^^^^^^^^^^^^^
...
605 | ptr_atomic_methods!(PAtomicU32, AtomicU32, u32, "32");
    | ----------------------------------------------------- in this macro invocation
    |
    = help: consider using a Cargo feature instead
    = help: or consider adding in `Cargo.toml` the `check-cfg` lint config for the lint:
             [lints.rust]
             unexpected_cfgs = { level = "warn", check-cfg = ['cfg(target_has_atomic_primitive_alignment, values("32"))'] }
    = help: or consider adding `println!("cargo::rustc-check-cfg=cfg(target_has_atomic_primitive_alignment, values(\"32\"))");` to the top of the `build.rs`
    = note: see <https://doc.rust-lang.org/nightly/rustc/check-cfg/cargo-specifics.html> for more information about checking conditional configuration
    = note: this warning originates in the macro `ptr_atomic_methods` (in Nightly builds, run with -Z macro-backtrace for more info)
help: there is a config with a similar name and value
    |
531 -         #[cfg(target_has_atomic_primitive_alignment = $width)]
531 +         #[cfg(target_has_atomic_equal_alignment = $width)]
    |

warning: unexpected `cfg` condition name: `target_has_atomic_primitive_alignment`
   --> toolchain/verus-src/source/vstd/atomic.rs:518:15
    |
518 |         #[cfg(target_has_atomic_primitive_alignment = $width)]
    |               ^^^^^^^^^^^^^^^^^^^^^^^^^^^^^^^^^^^^^^^^^^^^^^
...
606 | ptr_atomic_methods!(PAtomicU16, AtomicU16, u16, "16");
    | ----------------------------------------------------- in this macro invocation
    |
    = help: consider using a Cargo feature instead
    = help: or consider adding in `Cargo.toml` the `check-cfg` lint config for the lint:
             [lints.rust]
             unexpected_cfgs = { level = "warn", check-cfg = ['cfg(target_has_atomic_primitive_alignment, values("16"))'] }
    = help: or consider adding `println!("cargo::rustc-check-cfg=cfg(target_has_atomic_primitive_alignment, values(\"16\"))");` to the top of the `build.rs`
    = note: see <https://doc.rust-lang.org/nightly/rustc/check-cfg/cargo-specifics.html> for more information about checking conditional configuration
    = note: this warning originates in the macro `ptr_atomic_methods` (in Nightly builds, run with -Z macro-backtrace for more info)
help: there is a config with a similar name and value
    |
518 -         #[cfg(target_has_atomic_primitive_alignment = $width)]
518 +         #[cfg(target_has_atomic_equal_alignment = $width)]
    |

warning: unexpected `cfg` condition name: `target_has_atomic_primitive_alignment`
   --> toolchain/verus-src/source/vstd/atomic.rs:531:15
    |
531 |         #[cfg(target_has_atomic_primitive_alignment = $width)]
    |               ^^^^^^^^^^^^^^^^^^^^^^^^^^^^^^^^^^^^^^^^^^^^^^
...
606 | ptr_atomic_methods!(PAtomicU16, AtomicU16, u16, "16");
    | ----------------------------------------------------- in this macro invocation
    |
    = help: consider using a Cargo feature instead
    = help: or consider adding in `Cargo.toml` the `check-cfg` lint config for the lint:
             [lints.rust]
             unexpected_cfgs = { level = "warn", check-cfg = ['cfg(target_has_atomic_primitive_alignment, values("16"))'] }
    = help: or consider adding `println!("cargo::rustc-check-cfg=cfg(target_has_atomic_primitive_alignment, values(\"16\"))");` to the top of the `build.rs`
    = note: see <https://doc.rust-lang.org/nightly/rustc/check-cfg/cargo-specifics.html> for more information about checking conditional configuration
    = note: this warning originates in the macro `ptr_atomic_methods` (in Nightly builds, run with -Z macro-backtrace for more info)
help: there is a config with a similar name and value
    |
531 -         #[cfg(target_has_atomic_primitive_alignment = $width)]
531 +         #[cfg(target_has_atomic_equal_alignment = $width)]
    |

warning: unexpected `cfg` condition name: `target_has_atomic_primitive_alignment`
   --> toolchain/verus-src/source/vstd/atomic.rs:518:15
    |
518 |         #[cfg(target_has_atomic_primitive_alignment = $width)]
    |               ^^^^^^^^^^^^^^^^^^^^^^^^^^^^^^^^^^^^^^^^^^^^^^
...
607 | ptr_atomic_methods!(PAtomicU8, AtomicU8, u8, "8");
    | ------------------------------------------------- in this macro invocation
    |
    = help: consider using a Cargo feature instead
    = help: or consider adding in `Cargo.toml` the `check-cfg` lint config for the lint:
             [lints.rust]
             unexpected_cfgs = { level = "warn", check-cfg = ['cfg(target_has_atomic_primitive_alignment, values("8"))'] }
    = help: or consider adding `println!("cargo::rustc-check-cfg=cfg(target_has_atomic_primitive_alignment, values(\"8\"))");` to the top of the `build.rs`
    = note: see <https://doc.rust-lang.org/nightly/rustc/check-cfg/cargo-specifics.html> for more information about checking conditional configuration
    = note: this warning originates in the macro `ptr_atomic_methods` (in Nightly builds, run with -Z macro-backtrace for more info)
help: there is a config with a similar name and value
    |
518 -         #[cfg(target_has_atomic_primitive_alignment = $width)]
518 +         #[cfg(target_has_atomic_equal_alignment = $width)]
    |

warning: unexpected `cfg` condition name: `target_has_atomic_primitive_alignment`
   --> toolchain/verus-src/source/vstd/atomic.rs:531:15
    |
531 |         #[cfg(target_has_atomic_primitive_alignment = $width)]
    |               ^^^^^^^^^^^^^^^^^^^^^^^^^^^^^^^^^^^^^^^^^^^^^^
...
607 | ptr_atomic_methods!(PAtomicU8, AtomicU8, u8, "8");
    | ------------------------------------------------- in this macro invocation
    |
    = help: consider using a Cargo feature instead
    = help: or consider adding in `Cargo.toml` the `check-cfg` lint config for the lint:
             [lints.rust]
             unexpected_cfgs = { level = "warn", check-cfg = ['cfg(target_has_atomic_primitive_alignment, values("8"))'] }
    = help: or consider adding `println!("cargo::rustc-check-cfg=cfg(target_has_atomic_primitive_alignment, values(\"8\"))");` to the top of the `build.rs`
    = note: see <https://doc.rust-lang.org/nightly/rustc/check-cfg/cargo-specifics.html> for more information about checking conditional configuration
    = note: this warning originates in the macro `ptr_atomic_methods` (in Nightly builds, run with -Z macro-backtrace for more info)
help: there is a config with a similar name and value
    |
531 -         #[cfg(target_has_atomic_primitive_alignment = $width)]
531 +         #[cfg(target_has_atomic_equal_alignment = $width)]
    |

warning: unexpected `cfg` condition name: `target_has_atomic_primitive_alignment`
   --> toolchain/verus-src/source/vstd/atomic.rs:518:15
    |
518 |         #[cfg(target_has_atomic_primitive_alignment = $width)]
    |               ^^^^^^^^^^^^^^^^^^^^^^^^^^^^^^^^^^^^^^^^^^^^^^
...
608 | ptr_atomic_methods!(PAtomicUsize, AtomicUsize, usize, "ptr");
    | ------------------------------------------------------------ in this macro invocation
    |
    = help: consider using a Cargo feature instead
    = help: or consider adding in `Cargo.toml` the `check-cfg` lint config for the lint:
             [lints.rust]
             unexpected_cfgs = { level = "warn", check-cfg = ['cfg(target_has_atomic_primitive_alignment, values("ptr"))'] }
    = help: or consider adding `println!("cargo::rustc-check-cfg=cfg(target_has_atomic_primitive_alignment, values(\"ptr\"))");` to the top of the `build.rs`
    = note: see <https://doc.rust-lang.org/nightly/rustc/check-cfg/cargo-specifics.html> for more information about checking conditional configuration
    = note: this warning originates in the macro `ptr_atomic_methods` (in Nightly builds, run with -Z macro-backtrace for more info)
help: there is a config with a similar name and value
    |
518 -         #[cfg(target_has_atomic_primitive_alignment = $width)]
518 +         #[cfg(target_has_atomic_equal_alignment = $width)]
    |

warning: unexpected `cfg` condition name: `target_has_atomic_primitive_alignment`
   --> toolchain/verus-src/source/vstd/atomic.rs:531:15
    |
531 |         #[cfg(target_has_atomic_primitive_alignment = $width)]
    |               ^^^^^^^^^^^^^^^^^^^^^^^^^^^^^^^^^^^^^^^^^^^^^^
...
608 | ptr_atomic_methods!(PAtomicUsize, AtomicUsize, usize, "ptr");
    | ------------------------------------------------------------ in this macro invocation
    |
    = help: consider using a Cargo feature instead
    = help: or consider adding in `Cargo.toml` the `check-cfg` lint config for the lint:
             [lints.rust]
             unexpected_cfgs = { level = "warn", check-cfg = ['cfg(target_has_atomic_primitive_alignment, values("ptr"))'] }
    = help: or consider adding `println!("cargo::rustc-check-cfg=cfg(target_has_atomic_primitive_alignment, values(\"ptr\"))");` to the top of the `build.rs`
    = note: see <https://doc.rust-lang.org/nightly/rustc/check-cfg/cargo-specifics.html> for more information about checking conditional configuration
    = note: this warning originates in the macro `ptr_atomic_methods` (in Nightly builds, run with -Z macro-backtrace for more info)
help: there is a config with a similar name and value
    |
531 -         #[cfg(target_has_atomic_primitive_alignment = $width)]
531 +         #[cfg(target_has_atomic_equal_alignment = $width)]
    |

warning: unexpected `cfg` condition name: `target_has_atomic_primitive_alignment`
   --> toolchain/verus-src/source/vstd/atomic.rs:518:15
    |
518 |         #[cfg(target_has_atomic_primitive_alignment = $width)]
    |               ^^^^^^^^^^^^^^^^^^^^^^^^^^^^^^^^^^^^^^^^^^^^^^
...
611 | ptr_atomic_methods!(PAtomicI64, AtomicI64, i64, "64");
    | ----------------------------------------------------- in this macro invocation
    |
    = help: consider using a Cargo feature instead
    = help: or consider adding in `Cargo.toml` the `check-cfg` lint config for the lint:
             [lints.rust]
             unexpected_cfgs = { level = "warn", check-cfg = ['cfg(target_has_atomic_primitive_alignment, values("64"))'] }
    = help: or consider adding `println!("cargo::rustc-check-cfg=cfg(target_has_atomic_primitive_alignment, values(\"64\"))");` to the top of the `build.rs`
    = note: see <https://doc.rust-lang.org/nightly/rustc/check-cfg/cargo-specifics.html> for more information about checking conditional configuration
    = note: this warning originates in the macro `ptr_atomic_methods` (in Nightly builds, run with -Z macro-backtrace for more info)
help: there is a config with a similar name and value
    |
518 -         #[cfg(target_has_atomic_primitive_alignment = $width)]
518 +         #[cfg(target_has_atomic_equal_alignment = $width)]
    |

warning: unexpected `cfg` condition name: `target_has_atomic_primitive_alignment`
   --> toolchain/verus-src/source/vstd/atomic.rs:531:15
    |
531 |         #[cfg(target_has_atomic_primitive_alignment = $width)]
    |               ^^^^^^^^^^^^^^^^^^^^^^^^^^^^^^^^^^^^^^^^^^^^^^
...
611 | ptr_atomic_methods!(PAtomicI64, AtomicI64, i64, "64");
    | ----------------------------------------------------- in this macro invocation
    |
    = help: consider using a Cargo feature instead
    = help: or consider adding in `Cargo.toml` the `check-cfg` lint config for the lint:
             [lints.rust]
             unexpected_cfgs = { level = "warn", check-cfg = ['cfg(target_has_atomic_primitive_alignment, values("64"))'] }
    = help: or consider adding `println!("cargo::rustc-check-cfg=cfg(target_has_atomic_primitive_alignment, values(\"64\"))");` to the top of the `build.rs`
    = note: see <https://doc.rust-lang.org/nightly/rustc/check-cfg/cargo-specifics.html> for more information about checking conditional configuration
    = note: this warning originates in the macro `ptr_atomic_methods` (in Nightly builds, run with -Z macro-backtrace for more info)
help: there is a config with a similar name and value
    |
531 -         #[cfg(target_has_atomic_primitive_alignment = $width)]
531 +         #[cfg(target_has_atomic_equal_alignment = $width)]
    |

warning: unexpected `cfg` condition name: `target_has_atomic_primitive_alignment`
   --> toolchain/verus-src/source/vstd/atomic.rs:518:15
    |
518 |         #[cfg(target_has_atomic_primitive_alignment = $width)]
    |               ^^^^^^^^^^^^^^^^^^^^^^^^^^^^^^^^^^^^^^^^^^^^^^
...
613 | ptr_atomic_methods!(PAtomicI32, AtomicI32, i32, "32");
    | ----------------------------------------------------- in this macro invocation
    |
    = help: consider using a Cargo feature instead
    = help: or consider adding in `Cargo.toml` the `check-cfg` lint config for the lint:
             [lints.rust]
             unexpected_cfgs = { level = "warn", check-cfg = ['cfg(target_has_atomic_primitive_alignment, values("32"))'] }
    = help: or consider adding `println!("cargo::rustc-check-cfg=cfg(target_has_atomic_primitive_alignment, values(\"32\"))");` to the top of the `build.rs`
    = note: see <https://doc.rust-lang.org/nightly/rustc/check-cfg/cargo-specifics.html> for more information about checking conditional configuration
    = note: this warning originates in the macro `ptr_atomic_methods` (in Nightly builds, run with -Z macro-backtrace for more info)
help: there is a config with a similar name and value
    |
518 -         #[cfg(target_has_atomic_primitive_alignment = $width)]
518 +         #[cfg(target_has_atomic_equal_alignment = $width)]
    |

warning: unexpected `cfg` condition name: `target_has_atomic_primitive_alignment`
   --> toolchain/verus-src/source/vstd/atomic.rs:531:15
    |
531 |         #[cfg(target_has_atomic_primitive_alignment = $width)]
    |               ^^^^^^^^^^^^^^^^^^^^^^^^^^^^^^^^^^^^^^^^^^^^^^
...
613 | ptr_atomic_methods!(PAtomicI32, AtomicI32, i32, "32");
    | ----------------------------------------------------- in this macro invocation
    |
    = help: consider using a Cargo feature instead
    = help: or consider adding in `Cargo.toml` the `check-cfg` lint config for the lint:
             [lints.rust]
             unexpected_cfgs = { level = "warn", check-cfg = ['cfg(target_has_atomic_primitive_alignment, values("32"))'] }
    = help: or consider adding `println!("cargo::rustc-check-cfg=cfg(target_has_atomic_primitive_alignment, values(\"32\"))");` to the top of the `build.rs`
    = note: see <https://doc.rust-lang.org/nightly/rustc/check-cfg/cargo-specifics.html> for more information about checking conditional configuration
    = note: this warning originates in the macro `ptr_atomic_methods` (in Nightly builds, run with -Z macro-backtrace for more info)
help: there is a config with a similar name and value
    |
531 -         #[cfg(target_has_atomic_primitive_alignment = $width)]
531 +         #[cfg(target_has_atomic_equal_alignment = $width)]
    |

warning: unexpected `cfg` condition name: `target_has_atomic_primitive_alignment`
   --> toolchain/verus-src/source/vstd/atomic.rs:518:15
    |
518 |         #[cfg(target_has_atomic_primitive_alignment = $width)]
    |               ^^^^^^^^^^^^^^^^^^^^^^^^^^^^^^^^^^^^^^^^^^^^^^
...
614 | ptr_atomic_methods!(PAtomicI16, AtomicI16, i16, "16");
    | ----------------------------------------------------- in this macro invocation
    |
    = help: consider using a Cargo feature instead
    = help: or consider adding in `Cargo.toml` the `check-cfg` lint config for the lint:
             [lints.rust]
             unexpected_cfgs = { level = "warn", check-cfg = ['cfg(target_has_atomic_primitive_alignment, values("16"))'] }
    = help: or consider adding `println!("cargo::rustc-check-cfg=cfg(target_has_atomic_primitive_alignment, values(\"16\"))");` to the top of the `build.rs`
    = note: see <https://doc.rust-lang.org/nightly/rustc/check-cfg/cargo-specifics.html> for more information about checking conditional configuration
    = note: this warning originates in the macro `ptr_atomic_methods` (in Nightly builds, run with -Z macro-backtrace for more info)
help: there is a config with a similar name and value
    |
518 -         #[cfg(target_has_atomic_primitive_alignment = $width)]
518 +         #[cfg(target_has_atomic_equal_alignment = $width)]
    |

warning: unexpected `cfg` condition name: `target_has_atomic_primitive_alignment`
   --> toolchain/verus-src/source/vstd/atomic.rs:531:15
    |
531 |         #[cfg(target_has_atomic_primitive_alignment = $width)]
    |               ^^^^^^^^^^^^^^^^^^^^^^^^^^^^^^^^^^^^^^^^^^^^^^
...
614 | ptr_atomic_methods!(PAtomicI16, AtomicI16, i16, "16");
    | ----------------------------------------------------- in this macro invocation
    |
    = help: consider using a Cargo feature instead
    = help: or consider adding in `Cargo.toml` the `check-cfg` lint config for the lint:
             [lints.rust]
             unexpected_cfgs = { level = "warn", check-cfg = ['cfg(target_has_atomic_primitive_alignment, values("16"))'] }
    = help: or consider adding `println!("cargo::rustc-check-cfg=cfg(target_has_atomic_primitive_alignment, values(\"16\"))");` to the top of the `build.rs`
    = note: see <https://doc.rust-lang.org/nightly/rustc/check-cfg/cargo-specifics.html> for more information about checking conditional configuration
    = note: this warning originates in the macro `ptr_atomic_methods` (in Nightly builds, run with -Z macro-backtrace for more info)
help: there is a config with a similar name and value
    |
531 -         #[cfg(target_has_atomic_primitive_alignment = $width)]
531 +         #[cfg(target_has_atomic_equal_alignment = $width)]
    |

warning: unexpected `cfg` condition name: `target_has_atomic_primitive_alignment`
   --> toolchain/verus-src/source/vstd/atomic.rs:518:15
    |
518 |         #[cfg(target_has_atomic_primitive_alignment = $width)]
    |               ^^^^^^^^^^^^^^^^^^^^^^^^^^^^^^^^^^^^^^^^^^^^^^
...
615 | ptr_atomic_methods!(PAtomicI8, AtomicI8, i8, "8");
    | ------------------------------------------------- in this macro invocation
    |
    = help: consider using a Cargo feature instead
    = help: or consider adding in `Cargo.toml` the `check-cfg` lint config for the lint:
             [lints.rust]
             unexpected_cfgs = { level = "warn", check-cfg = ['cfg(target_has_atomic_primitive_alignment, values("8"))'] }
    = help: or consider adding `println!("cargo::rustc-check-cfg=cfg(target_has_atomic_primitive_alignment, values(\"8\"))");` to the top of the `build.rs`
    = note: see <https://doc.rust-lang.org/nightly/rustc/check-cfg/cargo-specifics.html> for more information about checking conditional configuration
    = note: this warning originates in the macro `ptr_atomic_methods` (in Nightly builds, run with -Z macro-backtrace for more info)
help: there is a config with a similar name and value
    |
518 -         #[cfg(target_has_atomic_primitive_alignment = $width)]
518 +         #[cfg(target_has_atomic_equal_alignment = $width)]
    |

warning: unexpected `cfg` condition name: `target_has_atomic_primitive_alignment`
   --> toolchain/verus-src/source/vstd/atomic.rs:531:15
    |
531 |         #[cfg(target_has_atomic_primitive_alignment = $width)]
    |               ^^^^^^^^^^^^^^^^^^^^^^^^^^^^^^^^^^^^^^^^^^^^^^
...
615 | ptr_atomic_methods!(PAtomicI8, AtomicI8, i8, "8");
    | ------------------------------------------------- in this macro invocation
    |
    = help: consider using a Cargo feature instead
    = help: or consider adding in `Cargo.toml` the `check-cfg` lint config for the lint:
             [lints.rust]
             unexpected_cfgs = { level = "warn", check-cfg = ['cfg(target_has_atomic_primitive_alignment, values("8"))'] }
    = help: or consider adding `println!("cargo::rustc-check-cfg=cfg(target_has_atomic_primitive_alignment, values(\"8\"))");` to the top of the `build.rs`
    = note: see <https://doc.rust-lang.org/nightly/rustc/check-cfg/cargo-specifics.html> for more information about checking conditional configuration
    = note: this warning originates in the macro `ptr_atomic_methods` (in Nightly builds, run with -Z macro-backtrace for more info)
help: there is a config with a similar name and value
    |
531 -         #[cfg(target_has_atomic_primitive_alignment = $width)]
531 +         #[cfg(target_has_atomic_equal_alignment = $width)]
    |

warning: unexpected `cfg` condition name: `target_has_atomic_primitive_alignment`
   --> toolchain/verus-src/source/vstd/atomic.rs:518:15
    |
518 |         #[cfg(target_has_atomic_primitive_alignment = $width)]
    |               ^^^^^^^^^^^^^^^^^^^^^^^^^^^^^^^^^^^^^^^^^^^^^^
...
616 | ptr_atomic_methods!(PAtomicIsize, AtomicIsize, isize, "ptr");
    | ------------------------------------------------------------ in this macro invocation
    |
    = help: consider using a Cargo feature instead
    = help: or consider adding in `Cargo.toml` the `check-cfg` lint config for the lint:
             [lints.rust]
             unexpected_cfgs = { level = "warn", check-cfg = ['cfg(target_has_atomic_primitive_alignment, values("ptr"))'] }
    = help: or consider adding `println!("cargo::rustc-check-cfg=cfg(target_has_atomic_primitive_alignment, values(\"ptr\"))");` to the top of the `build.rs`
    = note: see <https://doc.rust-lang.org/nightly/rustc/check-cfg/cargo-specifics.html> for more information about checking conditional configuration
    = note: this warning originates in the macro `ptr_atomic_methods` (in Nightly builds, run with -Z macro-backtrace for more info)
help: there is a config with a similar name and value
    |
518 -         #[cfg(target_has_atomic_primitive_alignment = $width)]
518 +         #[cfg(target_has_atomic_equal_alignment = $width)]
    |

warning: unexpected `cfg` condition name: `target_has_atomic_primitive_alignment`
   --> toolchain/verus-src/source/vstd/atomic.rs:531:15
    |
531 |         #[cfg(target_has_atomic_primitive_alignment = $width)]
    |               ^^^^^^^^^^^^^^^^^^^^^^^^^^^^^^^^^^^^^^^^^^^^^^
...
616 | ptr_atomic_methods!(PAtomicIsize, AtomicIsize, isize, "ptr");
    | ------------------------------------------------------------ in this macro invocation
    |
    = help: consider using a Cargo feature instead
    = help: or consider adding in `Cargo.toml` the `check-cfg` lint config for the lint:
             [lints.rust]
             unexpected_cfgs = { level = "warn", check-cfg = ['cfg(target_has_atomic_primitive_alignment, values("ptr"))'] }
    = help: or consider adding `println!("cargo::rustc-check-cfg=cfg(target_has_atomic_primitive_alignment, values(\"ptr\"))");` to the top of the `build.rs`
    = note: see <https://doc.rust-lang.org/nightly/rustc/check-cfg/cargo-specifics.html> for more information about checking conditional configuration
    = note: this warning originates in the macro `ptr_atomic_methods` (in Nightly builds, run with -Z macro-backtrace for more info)
help: there is a config with a similar name and value
    |
531 -         #[cfg(target_has_atomic_primitive_alignment = $width)]
531 +         #[cfg(target_has_atomic_equal_alignment = $width)]
    |

warning: unexpected `cfg` condition name: `target_has_atomic_primitive_alignment`
   --> toolchain/verus-src/source/vstd/atomic.rs:518:15
    |
518 |         #[cfg(target_has_atomic_primitive_alignment = $width)]
    |               ^^^^^^^^^^^^^^^^^^^^^^^^^^^^^^^^^^^^^^^^^^^^^^
...
603 | ptr_atomic_methods!(PAtomicU64, AtomicU64, u64, "64");
    | ----------------------------------------------------- in this macro invocation
    |
    = help: consider using a Cargo feature instead
    = help: or consider adding in `Cargo.toml` the `check-cfg` lint config for the lint:
             [lints.rust]
             unexpected_cfgs = { level = "warn", check-cfg = ['cfg(target_has_atomic_primitive_alignment, values("64"))'] }
    = help: or consider adding `println!("cargo::rustc-check-cfg=cfg(target_has_atomic_primitive_alignment, values(\"64\"))");` to the top of the `build.rs`
    = note: see <https://doc.rust-lang.org/nightly/rustc/check-cfg/cargo-specifics.html> for more information about checking conditional configuration
    = note: requested on the command line with `-W unexpected-cfgs`
    = note: this warning originates in the macro `ptr_atomic_methods` (in Nightly builds, run with -Z macro-backtrace for more info)
help: there is a config with a similar name and value
    |
518 -         #[cfg(target_has_atomic_primitive_alignment = $width)]
518 +         #[cfg(target_has_atomic_equal_alignment = $width)]
    |

warning: unexpected `cfg` condition name: `target_has_atomic_primitive_alignment`
   --> toolchain/verus-src/source/vstd/atomic.rs:531:15
    |
531 |         #[cfg(target_has_atomic_primitive_alignment = $width)]
    |               ^^^^^^^^^^^^^^^^^^^^^^^^^^^^^^^^^^^^^^^^^^^^^^
...
603 | ptr_atomic_methods!(PAtomicU64, AtomicU64, u64, "64");
    | ----------------------------------------------------- in this macro invocation
    |
    = help: consider using a Cargo feature instead
    = help: or consider adding in `Cargo.toml` the `check-cfg` lint config for the lint:
             [lints.rust]
             unexpected_cfgs = { level = "warn", check-cfg = ['cfg(target_has_atomic_primitive_alignment, values("64"))'] }
    = help: or consider adding `println!("cargo::rustc-check-cfg=cfg(target_has_atomic_primitive_alignment, values(\"64\"))");` to the top of the `build.rs`
    = note: see <https://doc.rust-lang.org/nightly/rustc/check-cfg/cargo-specifics.html> for more information about checking conditional configuration
    = note: this warning originates in the macro `ptr_atomic_methods` (in Nightly builds, run with -Z macro-backtrace for more info)
help: there is a config with a similar name and value
    |
531 -         #[cfg(target_has_atomic_primitive_alignment = $width)]
531 +         #[cfg(target_has_atomic_equal_alignment = $width)]
    |

warning: unexpected `cfg` condition name: `target_has_atomic_primitive_alignment`
   --> toolchain/verus-src/source/vstd/atomic.rs:518:15
    |
518 |         #[cfg(target_has_atomic_primitive_alignment = $width)]
    |               ^^^^^^^^^^^^^^^^^^^^^^^^^^^^^^^^^^^^^^^^^^^^^^
...
605 | ptr_atomic_methods!(PAtomicU32, AtomicU32, u32, "32");
    | ----------------------------------------------------- in this macro invocation
    |
    = help: consider using a Cargo feature instead
    = help: or consider adding in `Cargo.toml` the `check-cfg` lint config for the lint:
             [lints.rust]
             unexpected_cfgs = { level = "warn", check-cfg = ['cfg(target_has_atomic_primitive_alignment, values("32"))'] }
    = help: or consider adding `println!("cargo::rustc-check-cfg=cfg(target_has_atomic_primitive_alignment, values(\"32\"))");` to the top of the `build.rs`
    = note: see <https://doc.rust-lang.org/nightly/rustc/check-cfg/cargo-specifics.html> for more information about checking conditional configuration
    = note: this warning originates in the macro `ptr_atomic_methods` (in Nightly builds, run with -Z macro-backtrace for more info)
help: there is a config with a similar name and value
    |
518 -         #[cfg(target_has_atomic_primitive_alignment = $width)]
518 +         #[cfg(target_has_atomic_equal_alignment = $width)]
    |

warning: unexpected `cfg` condition name: `target_has_atomic_primitive_alignment`
   --> toolchain/verus-src/source/vstd/atomic.rs:531:15
    |
531 |         #[cfg(target_has_atomic_primitive_alignment = $width)]
    |               ^^^^^^^^^^^^^^^^^^^^^^^^^^^^^^^^^^^^^^^^^^^^^^
...
605 | ptr_atomic_methods!(PAtomicU32, AtomicU32, u32, "32");
    | ----------------------------------------------------- in this macro invocation
    |
    = help: consider using a Cargo feature instead
    = help: or consider adding in `Cargo.toml` the `check-cfg` lint config for the lint:
             [lints.rust]
             unexpected_cfgs = { level = "warn", check-cfg = ['cfg(target_has_atomic_primitive_alignment, values("32"))'] }
    = help: or consider adding `println!("cargo::rustc-check-cfg=cfg(target_has_atomic_primitive_alignment, values(\"32\"))");` to the top of the `build.rs`
    = note: see <https://doc.rust-lang.org/nightly/rustc/check-cfg/cargo-specifics.html> for more information about checking conditional configuration
    = note: this warning originates in the macro `ptr_atomic_methods` (in Nightly builds, run with -Z macro-backtrace for more info)
help: there is a config with a similar name and value
    |
531 -         #[cfg(target_has_atomic_primitive_alignment = $width)]
531 +         #[cfg(target_has_atomic_equal_alignment = $width)]
    |

warning: unexpected `cfg` condition name: `target_has_atomic_primitive_alignment`
   --> toolchain/verus-src/source/vstd/atomic.rs:518:15
    |
518 |         #[cfg(target_has_atomic_primitive_alignment = $width)]
    |               ^^^^^^^^^^^^^^^^^^^^^^^^^^^^^^^^^^^^^^^^^^^^^^
...
606 | ptr_atomic_methods!(PAtomicU16, AtomicU16, u16, "16");
    | ----------------------------------------------------- in this macro invocation
    |
    = help: consider using a Cargo feature instead
    = help: or consider adding in `Cargo.toml` the `check-cfg` lint config for the lint:
             [lints.rust]
             unexpected_cfgs = { level = "warn", check-cfg = ['cfg(target_has_atomic_primitive_alignment, values("16"))'] }
    = help: or consider adding `println!("cargo::rustc-check-cfg=cfg(target_has_atomic_primitive_alignment, values(\"16\"))");` to the top of the `build.rs`
    = note: see <https://doc.rust-lang.org/nightly/rustc/check-cfg/cargo-specifics.html> for more information about checking conditional configuration
    = note: this warning originates in the macro `ptr_atomic_methods` (in Nightly builds, run with -Z macro-backtrace for more info)
help: there is a config with a similar name and value
    |
518 -         #[cfg(target_has_atomic_primitive_alignment = $width)]
518 +         #[cfg(target_has_atomic_equal_alignment = $width)]
    |

warning: unexpected `cfg` condition name: `target_has_atomic_primitive_alignment`
   --> toolchain/verus-src/source/vstd/atomic.rs:531:15
    |
531 |         #[cfg(target_has_atomic_primitive_alignment = $width)]
    |               ^^^^^^^^^^^^^^^^^^^^^^^^^^^^^^^^^^^^^^^^^^^^^^
...
606 | ptr_atomic_methods!(PAtomicU16, AtomicU16, u16, "16");
    | ----------------------------------------------------- in this macro invocation
    |
    = help: consider using a Cargo feature instead
    = help: or consider adding in `Cargo.toml` the `check-cfg` lint config for the lint:
             [lints.rust]
             unexpected_cfgs = { level = "warn", check-cfg = ['cfg(target_has_atomic_primitive_alignment, values("16"))'] }
    = help: or consider adding `println!("cargo::rustc-check-cfg=cfg(target_has_atomic_primitive_alignment, values(\"16\"))");` to the top of the `build.rs`
    = note: see <https://doc.rust-lang.org/nightly/rustc/check-cfg/cargo-specifics.html> for more information about checking conditional configuration
    = note: this warning originates in the macro `ptr_atomic_methods` (in Nightly builds, run with -Z macro-backtrace for more info)
help: there is a config with a similar name and value
    |
531 -         #[cfg(target_has_atomic_primitive_alignment = $width)]
531 +         #[cfg(target_has_atomic_equal_alignment = $width)]
    |

warning: unexpected `cfg` condition name: `target_has_atomic_primitive_alignment`
   --> toolchain/verus-src/source/vstd/atomic.rs:518:15
    |
518 |         #[cfg(target_has_atomic_primitive_alignment = $width)]
    |               ^^^^^^^^^^^^^^^^^^^^^^^^^^^^^^^^^^^^^^^^^^^^^^
...
607 | ptr_atomic_methods!(PAtomicU8, AtomicU8, u8, "8");
    | ------------------------------------------------- in this macro invocation
    |
    = help: consider using a Cargo feature instead
    = help: or consider adding in `Cargo.toml` the `check-cfg` lint config for the lint:
             [lints.rust]
             unexpected_cfgs = { level = "warn", check-cfg = ['cfg(target_has_atomic_primitive_alignment, values("8"))'] }
    = help: or consider adding `println!("cargo::rustc-check-cfg=cfg(target_has_atomic_primitive_alignment, values(\"8\"))");` to the top of the `build.rs`
    = note: see <https://doc.rust-lang.org/nightly/rustc/check-cfg/cargo-specifics.html> for more information about checking conditional configuration
    = note: this warning originates in the macro `ptr_atomic_methods` (in Nightly builds, run with -Z macro-backtrace for more info)
help: there is a config with a similar name and value
    |
518 -         #[cfg(target_has_atomic_primitive_alignment = $width)]
518 +         #[cfg(target_has_atomic_equal_alignment = $width)]
    |

warning: unexpected `cfg` condition name: `target_has_atomic_primitive_alignment`
   --> toolchain/verus-src/source/vstd/atomic.rs:531:15
    |
531 |         #[cfg(target_has_atomic_primitive_alignment = $width)]
    |               ^^^^^^^^^^^^^^^^^^^^^^^^^^^^^^^^^^^^^^^^^^^^^^
...
607 | ptr_atomic_methods!(PAtomicU8, AtomicU8, u8, "8");
    | ------------------------------------------------- in this macro invocation
    |
    = help: consider using a Cargo feature instead
    = help: or consider adding in `Cargo.toml` the `check-cfg` lint config for the lint:
             [lints.rust]
             unexpected_cfgs = { level = "warn", check-cfg = ['cfg(target_has_atomic_primitive_alignment, values("8"))'] }
    = help: or consider adding `println!("cargo::rustc-check-cfg=cfg(target_has_atomic_primitive_alignment, values(\"8\"))");` to the top of the `build.rs`
    = note: see <https://doc.rust-lang.org/nightly/rustc/check-cfg/cargo-specifics.html> for more information about checking conditional configuration
    = note: this warning originates in the macro `ptr_atomic_methods` (in Nightly builds, run with -Z macro-backtrace for more info)
help: there is a config with a similar name and value
    |
531 -         #[cfg(target_has_atomic_primitive_alignment = $width)]
531 +         #[cfg(target_has_atomic_equal_alignment = $width)]
    |

warning: unexpected `cfg` condition name: `target_has_atomic_primitive_alignment`
   --> toolchain/verus-src/source/vstd/atomic.rs:518:15
    |
518 |         #[cfg(target_has_atomic_primitive_alignment = $width)]
    |               ^^^^^^^^^^^^^^^^^^^^^^^^^^^^^^^^^^^^^^^^^^^^^^
...
608 | ptr_atomic_methods!(PAtomicUsize, AtomicUsize, usize, "ptr");
    | ------------------------------------------------------------ in this macro invocation
    |
    = help: consider using a Cargo feature instead
    = help: or consider adding in `Cargo.toml` the `check-cfg` lint config for the lint:
             [lints.rust]
             unexpected_cfgs = { level = "warn", check-cfg = ['cfg(target_has_atomic_primitive_alignment, values("ptr"))'] }
    = help: or consider adding `println!("cargo::rustc-check-cfg=cfg(target_has_atomic_primitive_alignment, values(\"ptr\"))");` to the top of the `build.rs`
    = note: see <https://doc.rust-lang.org/nightly/rustc/check-cfg/cargo-specifics.html> for more information about checking conditional configuration
    = note: this warning originates in the macro `ptr_atomic_methods` (in Nightly builds, run with -Z macro-backtrace for more info)
help: there is a config with a similar name and value
    |
518 -         #[cfg(target_has_atomic_primitive_alignment = $width)]
518 +         #[cfg(target_has_atomic_equal_alignment = $width)]
    |

warning: unexpected `cfg` condition name: `target_has_atomic_primitive_alignment`
   --> toolchain/verus-src/source/vstd/atomic.rs:531:15
    |
531 |         #[cfg(target_has_atomic_primitive_alignment = $width)]
    |               ^^^^^^^^^^^^^^^^^^^^^^^^^^^^^^^^^^^^^^^^^^^^^^
...
608 | ptr_atomic_methods!(PAtomicUsize, AtomicUsize, usize, "ptr");
    | ------------------------------------------------------------ in this macro invocation
    |
    = help: consider using a Cargo feature instead
    = help: or consider adding in `Cargo.toml` the `check-cfg` lint config for the lint:
             [lints.rust]
             unexpected_cfgs = { level = "warn", check-cfg = ['cfg(target_has_atomic_primitive_alignment, values("ptr"))'] }
    = help: or consider adding `println!("cargo::rustc-check-cfg=cfg(target_has_atomic_primitive_alignment, values(\"ptr\"))");` to the top of the `build.rs`
    = note: see <https://doc.rust-lang.org/nightly/rustc/check-cfg/cargo-specifics.html> for more information about checking conditional configuration
    = note: this warning originates in the macro `ptr_atomic_methods` (in Nightly builds, run with -Z macro-backtrace for more info)
help: there is a config with a similar name and value
    |
531 -         #[cfg(target_has_atomic_primitive_alignment = $width)]
531 +         #[cfg(target_has_atomic_equal_alignment = $width)]
    |

warning: unexpected `cfg` condition name: `target_has_atomic_primitive_alignment`
   --> toolchain/verus-src/source/vstd/atomic.rs:518:15
    |
518 |         #[cfg(target_has_atomic_primitive_alignment = $width)]
    |               ^^^^^^^^^^^^^^^^^^^^^^^^^^^^^^^^^^^^^^^^^^^^^^
...
611 | ptr_atomic_methods!(PAtomicI64, AtomicI64, i64, "64");
    | ----------------------------------------------------- in this macro invocation
    |
    = help: consider using a Cargo feature instead
    = help: or consider adding in `Cargo.toml` the `check-cfg` lint config for the lint:
             [lints.rust]
             unexpected_cfgs = { level = "warn", check-cfg = ['cfg(target_has_atomic_primitive_alignment, values("64"))'] }
    = help: or consider adding `println!("cargo::rustc-check-cfg=cfg(target_has_atomic_primitive_alignment, values(\"64\"))");` to the top of the `build.rs`
    = note: see <https://doc.rust-lang.org/nightly/rustc/check-cfg/cargo-specifics.html> for more information about checking conditional configuration
    = note: this warning originates in the macro `ptr_atomic_methods` (in Nightly builds, run with -Z macro-backtrace for more info)
help: there is a config with a similar name and value
    |
518 -         #[cfg(target_has_atomic_primitive_alignment = $width)]
518 +         #[cfg(target_has_atomic_equal_alignment = $width)]
    |

warning: unexpected `cfg` condition name: `target_has_atomic_primitive_alignment`
   --> toolchain/verus-src/source/vstd/atomic.rs:531:15
    |
531 |         #[cfg(target_has_atomic_primitive_alignment = $width)]
    |               ^^^^^^^^^^^^^^^^^^^^^^^^^^^^^^^^^^^^^^^^^^^^^^
...
611 | ptr_atomic_methods!(PAtomicI64, AtomicI64, i64, "64");
    | ----------------------------------------------------- in this macro invocation
    |
    = help: consider using a Cargo feature instead
    = help: or consider adding in `Cargo.toml` the `check-cfg` lint config for the lint:
             [lints.rust]
             unexpected_cfgs = { level = "warn", check-cfg = ['cfg(target_has_atomic_primitive_alignment, values("64"))'] }
    = help: or consider adding `println!("cargo::rustc-check-cfg=cfg(target_has_atomic_primitive_alignment, values(\"64\"))");` to the top of the `build.rs`
    = note: see <https://doc.rust-lang.org/nightly/rustc/check-cfg/cargo-specifics.html> for more information about checking conditional configuration
    = note: this warning originates in the macro `ptr_atomic_methods` (in Nightly builds, run with -Z macro-backtrace for more info)
help: there is a config with a similar name and value
    |
531 -         #[cfg(target_has_atomic_primitive_alignment = $width)]
531 +         #[cfg(target_has_atomic_equal_alignment = $width)]
    |

warning: unexpected `cfg` condition name: `target_has_atomic_primitive_alignment`
   --> toolchain/verus-src/source/vstd/atomic.rs:518:15
    |
518 |         #[cfg(target_has_atomic_primitive_alignment = $width)]
    |               ^^^^^^^^^^^^^^^^^^^^^^^^^^^^^^^^^^^^^^^^^^^^^^
...
613 | ptr_atomic_methods!(PAtomicI32, AtomicI32, i32, "32");
    | ----------------------------------------------------- in this macro invocation
    |
    = help: consider using a Cargo feature instead
    = help: or consider adding in `Cargo.toml` the `check-cfg` lint config for the lint:
             [lints.rust]
             unexpected_cfgs = { level = "warn", check-cfg = ['cfg(target_has_atomic_primitive_alignment, values("32"))'] }
    = help: or consider adding `println!("cargo::rustc-check-cfg=cfg(target_has_atomic_primitive_alignment, values(\"32\"))");` to the top of the `build.rs`
    = note: see <https://doc.rust-lang.org/nightly/rustc/check-cfg/cargo-specifics.html> for more information about checking conditional configuration
    = note: this warning originates in the macro `ptr_atomic_methods` (in Nightly builds, run with -Z macro-backtrace for more info)
help: there is a config with a similar name and value
    |
518 -         #[cfg(target_has_atomic_primitive_alignment = $width)]
518 +         #[cfg(target_has_atomic_equal_alignment = $width)]
    |

warning: unexpected `cfg` condition name: `target_has_atomic_primitive_alignment`
   --> toolchain/verus-src/source/vstd/atomic.rs:531:15
    |
531 |         #[cfg(target_has_atomic_primitive_alignment = $width)]
    |               ^^^^^^^^^^^^^^^^^^^^^^^^^^^^^^^^^^^^^^^^^^^^^^
...
613 | ptr_atomic_methods!(PAtomicI32, AtomicI32, i32, "32");
    | ----------------------------------------------------- in this macro invocation
    |
    = help: consider using a Cargo feature instead
    = help: or consider adding in `Cargo.toml` the `check-cfg` lint config for the lint:
             [lints.rust]
             unexpected_cfgs = { level = "warn", check-cfg = ['cfg(target_has_atomic_primitive_alignment, values("32"))'] }
    = help: or consider adding `println!("cargo::rustc-check-cfg=cfg(target_has_atomic_primitive_alignment, values(\"32\"))");` to the top of the `build.rs`
    = note: see <https://doc.rust-lang.org/nightly/rustc/check-cfg/cargo-specifics.html> for more information about checking conditional configuration
    = note: this warning originates in the macro `ptr_atomic_methods` (in Nightly builds, run with -Z macro-backtrace for more info)
help: there is a config with a similar name and value
    |
531 -         #[cfg(target_has_atomic_primitive_alignment = $width)]
531 +         #[cfg(target_has_atomic_equal_alignment = $width)]
    |

warning: unexpected `cfg` condition name: `target_has_atomic_primitive_alignment`
   --> toolchain/verus-src/source/vstd/atomic.rs:518:15
    |
518 |         #[cfg(target_has_atomic_primitive_alignment = $width)]
    |               ^^^^^^^^^^^^^^^^^^^^^^^^^^^^^^^^^^^^^^^^^^^^^^
...
614 | ptr_atomic_methods!(PAtomicI16, AtomicI16, i16, "16");
    | ----------------------------------------------------- in this macro invocation
    |
    = help: consider using a Cargo feature instead
    = help: or consider adding in `Cargo.toml` the `check-cfg` lint config for the lint:
             [lints.rust]
             unexpected_cfgs = { level = "warn", check-cfg = ['cfg(target_has_atomic_primitive_alignment, values("16"))'] }
    = help: or consider adding `println!("cargo::rustc-check-cfg=cfg(target_has_atomic_primitive_alignment, values(\"16\"))");` to the top of the `build.rs`
    = note: see <https://doc.rust-lang.org/nightly/rustc/check-cfg/cargo-specifics.html> for more information about checking conditional configuration
    = note: this warning originates in the macro `ptr_atomic_methods` (in Nightly builds, run with -Z macro-backtrace for more info)
help: there is a config with a similar name and value
    |
518 -         #[cfg(target_has_atomic_primitive_alignment = $width)]
518 +         #[cfg(target_has_atomic_equal_alignment = $width)]
    |

warning: unexpected `cfg` condition name: `target_has_atomic_primitive_alignment`
   --> toolchain/verus-src/source/vstd/atomic.rs:531:15
    |
531 |         #[cfg(target_has_atomic_primitive_alignment = $width)]
    |               ^^^^^^^^^^^^^^^^^^^^^^^^^^^^^^^^^^^^^^^^^^^^^^
...
614 | ptr_atomic_methods!(PAtomicI16, AtomicI16, i16, "16");
    | ----------------------------------------------------- in this macro invocation
    |
    = help: consider using a Cargo feature instead
    = help: or consider adding in `Cargo.toml` the `check-cfg` lint config for the lint:
             [lints.rust]
             unexpected_cfgs = { level = "warn", check-cfg = ['cfg(target_has_atomic_primitive_alignment, values("16"))'] }
    = help: or consider adding `println!("cargo::rustc-check-cfg=cfg(target_has_atomic_primitive_alignment, values(\"16\"))");` to the top of the `build.rs`
    = note: see <https://doc.rust-lang.org/nightly/rustc/check-cfg/cargo-specifics.html> for more information about checking conditional configuration
    = note: this warning originates in the macro `ptr_atomic_methods` (in Nightly builds, run with -Z macro-backtrace for more info)
help: there is a config with a similar name and value
    |
531 -         #[cfg(target_has_atomic_primitive_alignment = $width)]
531 +         #[cfg(target_has_atomic_equal_alignment = $width)]
    |

warning: unexpected `cfg` condition name: `target_has_atomic_primitive_alignment`
   --> toolchain/verus-src/source/vstd/atomic.rs:518:15
    |
518 |         #[cfg(target_has_atomic_primitive_alignment = $width)]
    |               ^^^^^^^^^^^^^^^^^^^^^^^^^^^^^^^^^^^^^^^^^^^^^^
...
615 | ptr_atomic_methods!(PAtomicI8, AtomicI8, i8, "8");
    | ------------------------------------------------- in this macro invocation
    |
    = help: consider using a Cargo feature instead
    = help: or consider adding in `Cargo.toml` the `check-cfg` lint config for the lint:
             [lints.rust]
             unexpected_cfgs = { level = "warn", check-cfg = ['cfg(target_has_atomic_primitive_alignment, values("8"))'] }
    = help: or consider adding `println!("cargo::rustc-check-cfg=cfg(target_has_atomic_primitive_alignment, values(\"8\"))");` to the top of the `build.rs`
    = note: see <https://doc.rust-lang.org/nightly/rustc/check-cfg/cargo-specifics.html> for more information about checking conditional configuration
    = note: this warning originates in the macro `ptr_atomic_methods` (in Nightly builds, run with -Z macro-backtrace for more info)
help: there is a config with a similar name and value
    |
518 -         #[cfg(target_has_atomic_primitive_alignment = $width)]
518 +         #[cfg(target_has_atomic_equal_alignment = $width)]
    |

warning: unexpected `cfg` condition name: `target_has_atomic_primitive_alignment`
   --> toolchain/verus-src/source/vstd/atomic.rs:531:15
    |
531 |         #[cfg(target_has_atomic_primitive_alignment = $width)]
    |               ^^^^^^^^^^^^^^^^^^^^^^^^^^^^^^^^^^^^^^^^^^^^^^
...
615 | ptr_atomic_methods!(PAtomicI8, AtomicI8, i8, "8");
    | ------------------------------------------------- in this macro invocation
    |
    = help: consider using a Cargo feature instead
    = help: or consider adding in `Cargo.toml` the `check-cfg` lint config for the lint:
             [lints.rust]
             unexpected_cfgs = { level = "warn", check-cfg = ['cfg(target_has_atomic_primitive_alignment, values("8"))'] }
    = help: or consider adding `println!("cargo::rustc-check-cfg=cfg(target_has_atomic_primitive_alignment, values(\"8\"))");` to the top of the `build.rs`
    = note: see <https://doc.rust-lang.org/nightly/rustc/check-cfg/cargo-specifics.html> for more information about checking conditional configuration
    = note: this warning originates in the macro `ptr_atomic_methods` (in Nightly builds, run with -Z macro-backtrace for more info)
help: there is a config with a similar name and value
    |
531 -         #[cfg(target_has_atomic_primitive_alignment = $width)]
531 +         #[cfg(target_has_atomic_equal_alignment = $width)]
    |

warning: unexpected `cfg` condition name: `target_has_atomic_primitive_alignment`
   --> toolchain/verus-src/source/vstd/atomic.rs:518:15
    |
518 |         #[cfg(target_has_atomic_primitive_alignment = $width)]
    |               ^^^^^^^^^^^^^^^^^^^^^^^^^^^^^^^^^^^^^^^^^^^^^^
...
616 | ptr_atomic_methods!(PAtomicIsize, AtomicIsize, isize, "ptr");
    | ------------------------------------------------------------ in this macro invocation
    |
    = help: consider using a Cargo feature instead
    = help: or consider adding in `Cargo.toml` the `check-cfg` lint config for the lint:
             [lints.rust]
             unexpected_cfgs = { level = "warn", check-cfg = ['cfg(target_has_atomic_primitive_alignment, values("ptr"))'] }
    = help: or consider adding `println!("cargo::rustc-check-cfg=cfg(target_has_atomic_primitive_alignment, values(\"ptr\"))");` to the top of the `build.rs`
    = note: see <https://doc.rust-lang.org/nightly/rustc/check-cfg/cargo-specifics.html> for more information about checking conditional configuration
    = note: this warning originates in the macro `ptr_atomic_methods` (in Nightly builds, run with -Z macro-backtrace for more info)
help: there is a config with a similar name and value
    |
518 -         #[cfg(target_has_atomic_primitive_alignment = $width)]
518 +         #[cfg(target_has_atomic_equal_alignment = $width)]
    |

warning: unexpected `cfg` condition name: `target_has_atomic_primitive_alignment`
   --> toolchain/verus-src/source/vstd/atomic.rs:531:15
    |
531 |         #[cfg(target_has_atomic_primitive_alignment = $width)]
    |               ^^^^^^^^^^^^^^^^^^^^^^^^^^^^^^^^^^^^^^^^^^^^^^
...
616 | ptr_atomic_methods!(PAtomicIsize, AtomicIsize, isize, "ptr");
    | ------------------------------------------------------------ in this macro invocation
    |
    = help: consider using a Cargo feature instead
    = help: or consider adding in `Cargo.toml` the `check-cfg` lint config for the lint:
             [lints.rust]
             unexpected_cfgs = { level = "warn", check-cfg = ['cfg(target_has_atomic_primitive_alignment, values("ptr"))'] }
    = help: or consider adding `println!("cargo::rustc-check-cfg=cfg(target_has_atomic_primitive_alignment, values(\"ptr\"))");` to the top of the `build.rs`
    = note: see <https://doc.rust-lang.org/nightly/rustc/check-cfg/cargo-specifics.html> for more information about checking conditional configuration
    = note: this warning originates in the macro `ptr_atomic_methods` (in Nightly builds, run with -Z macro-backtrace for more info)
help: there is a config with a similar name and value
    |
531 -         #[cfg(target_has_atomic_primitive_alignment = $width)]
531 +         #[cfg(target_has_atomic_equal_alignment = $width)]
    |

warning: `vstd` (lib) generated 20 warnings
    Finished `light` profile [optimized + debuginfo] target(s) in 0.31s
     Running `/home/ruize/openvmm-restore-v1/target/light/flowey_hvlite regen --quiet`
$ cargo build -p flowey_hvlite --profile light -q
warning: unexpected `cfg` condition name: `target_has_atomic_primitive_alignment`
   --> toolchain/verus-src/source/vstd/atomic.rs:518:15
    |
518 |         #[cfg(target_has_atomic_primitive_alignment = $width)]
    |               ^^^^^^^^^^^^^^^^^^^^^^^^^^^^^^^^^^^^^^^^^^^^^^
...
603 | ptr_atomic_methods!(PAtomicU64, AtomicU64, u64, "64");
    | ----------------------------------------------------- in this macro invocation
    |
    = help: consider using a Cargo feature instead
    = help: or consider adding in `Cargo.toml` the `check-cfg` lint config for the lint:
             [lints.rust]
             unexpected_cfgs = { level = "warn", check-cfg = ['cfg(target_has_atomic_primitive_alignment, values("64"))'] }
    = help: or consider adding `println!("cargo::rustc-check-cfg=cfg(target_has_atomic_primitive_alignment, values(\"64\"))");` to the top of the `build.rs`
    = note: see <https://doc.rust-lang.org/nightly/rustc/check-cfg/cargo-specifics.html> for more information about checking conditional configuration
    = note: requested on the command line with `-W unexpected-cfgs`
    = note: this warning originates in the macro `ptr_atomic_methods` (in Nightly builds, run with -Z macro-backtrace for more info)
help: there is a config with a similar name and value
    |
518 -         #[cfg(target_has_atomic_primitive_alignment = $width)]
518 +         #[cfg(target_has_atomic_equal_alignment = $width)]
    |

warning: unexpected `cfg` condition name: `target_has_atomic_primitive_alignment`
   --> toolchain/verus-src/source/vstd/atomic.rs:531:15
    |
531 |         #[cfg(target_has_atomic_primitive_alignment = $width)]
    |               ^^^^^^^^^^^^^^^^^^^^^^^^^^^^^^^^^^^^^^^^^^^^^^
...
603 | ptr_atomic_methods!(PAtomicU64, AtomicU64, u64, "64");
    | ----------------------------------------------------- in this macro invocation
    |
    = help: consider using a Cargo feature instead
    = help: or consider adding in `Cargo.toml` the `check-cfg` lint config for the lint:
             [lints.rust]
             unexpected_cfgs = { level = "warn", check-cfg = ['cfg(target_has_atomic_primitive_alignment, values("64"))'] }
    = help: or consider adding `println!("cargo::rustc-check-cfg=cfg(target_has_atomic_primitive_alignment, values(\"64\"))");` to the top of the `build.rs`
    = note: see <https://doc.rust-lang.org/nightly/rustc/check-cfg/cargo-specifics.html> for more information about checking conditional configuration
    = note: this warning originates in the macro `ptr_atomic_methods` (in Nightly builds, run with -Z macro-backtrace for more info)
help: there is a config with a similar name and value
    |
531 -         #[cfg(target_has_atomic_primitive_alignment = $width)]
531 +         #[cfg(target_has_atomic_equal_alignment = $width)]
    |

warning: unexpected `cfg` condition name: `target_has_atomic_primitive_alignment`
   --> toolchain/verus-src/source/vstd/atomic.rs:518:15
    |
518 |         #[cfg(target_has_atomic_primitive_alignment = $width)]
    |               ^^^^^^^^^^^^^^^^^^^^^^^^^^^^^^^^^^^^^^^^^^^^^^
...
605 | ptr_atomic_methods!(PAtomicU32, AtomicU32, u32, "32");
    | ----------------------------------------------------- in this macro invocation
    |
    = help: consider using a Cargo feature instead
    = help: or consider adding in `Cargo.toml` the `check-cfg` lint config for the lint:
             [lints.rust]
             unexpected_cfgs = { level = "warn", check-cfg = ['cfg(target_has_atomic_primitive_alignment, values("32"))'] }
    = help: or consider adding `println!("cargo::rustc-check-cfg=cfg(target_has_atomic_primitive_alignment, values(\"32\"))");` to the top of the `build.rs`
    = note: see <https://doc.rust-lang.org/nightly/rustc/check-cfg/cargo-specifics.html> for more information about checking conditional configuration
    = note: this warning originates in the macro `ptr_atomic_methods` (in Nightly builds, run with -Z macro-backtrace for more info)
help: there is a config with a similar name and value
    |
518 -         #[cfg(target_has_atomic_primitive_alignment = $width)]
518 +         #[cfg(target_has_atomic_equal_alignment = $width)]
    |

warning: unexpected `cfg` condition name: `target_has_atomic_primitive_alignment`
   --> toolchain/verus-src/source/vstd/atomic.rs:531:15
    |
531 |         #[cfg(target_has_atomic_primitive_alignment = $width)]
    |               ^^^^^^^^^^^^^^^^^^^^^^^^^^^^^^^^^^^^^^^^^^^^^^
...
605 | ptr_atomic_methods!(PAtomicU32, AtomicU32, u32, "32");
    | ----------------------------------------------------- in this macro invocation
    |
    = help: consider using a Cargo feature instead
    = help: or consider adding in `Cargo.toml` the `check-cfg` lint config for the lint:
             [lints.rust]
             unexpected_cfgs = { level = "warn", check-cfg = ['cfg(target_has_atomic_primitive_alignment, values("32"))'] }
    = help: or consider adding `println!("cargo::rustc-check-cfg=cfg(target_has_atomic_primitive_alignment, values(\"32\"))");` to the top of the `build.rs`
    = note: see <https://doc.rust-lang.org/nightly/rustc/check-cfg/cargo-specifics.html> for more information about checking conditional configuration
    = note: this warning originates in the macro `ptr_atomic_methods` (in Nightly builds, run with -Z macro-backtrace for more info)
help: there is a config with a similar name and value
    |
531 -         #[cfg(target_has_atomic_primitive_alignment = $width)]
531 +         #[cfg(target_has_atomic_equal_alignment = $width)]
    |

warning: unexpected `cfg` condition name: `target_has_atomic_primitive_alignment`
   --> toolchain/verus-src/source/vstd/atomic.rs:518:15
    |
518 |         #[cfg(target_has_atomic_primitive_alignment = $width)]
    |               ^^^^^^^^^^^^^^^^^^^^^^^^^^^^^^^^^^^^^^^^^^^^^^
...
606 | ptr_atomic_methods!(PAtomicU16, AtomicU16, u16, "16");
    | ----------------------------------------------------- in this macro invocation
    |
    = help: consider using a Cargo feature instead
    = help: or consider adding in `Cargo.toml` the `check-cfg` lint config for the lint:
             [lints.rust]
             unexpected_cfgs = { level = "warn", check-cfg = ['cfg(target_has_atomic_primitive_alignment, values("16"))'] }
    = help: or consider adding `println!("cargo::rustc-check-cfg=cfg(target_has_atomic_primitive_alignment, values(\"16\"))");` to the top of the `build.rs`
    = note: see <https://doc.rust-lang.org/nightly/rustc/check-cfg/cargo-specifics.html> for more information about checking conditional configuration
    = note: this warning originates in the macro `ptr_atomic_methods` (in Nightly builds, run with -Z macro-backtrace for more info)
help: there is a config with a similar name and value
    |
518 -         #[cfg(target_has_atomic_primitive_alignment = $width)]
518 +         #[cfg(target_has_atomic_equal_alignment = $width)]
    |

warning: unexpected `cfg` condition name: `target_has_atomic_primitive_alignment`
   --> toolchain/verus-src/source/vstd/atomic.rs:531:15
    |
531 |         #[cfg(target_has_atomic_primitive_alignment = $width)]
    |               ^^^^^^^^^^^^^^^^^^^^^^^^^^^^^^^^^^^^^^^^^^^^^^
...
606 | ptr_atomic_methods!(PAtomicU16, AtomicU16, u16, "16");
    | ----------------------------------------------------- in this macro invocation
    |
    = help: consider using a Cargo feature instead
    = help: or consider adding in `Cargo.toml` the `check-cfg` lint config for the lint:
             [lints.rust]
             unexpected_cfgs = { level = "warn", check-cfg = ['cfg(target_has_atomic_primitive_alignment, values("16"))'] }
    = help: or consider adding `println!("cargo::rustc-check-cfg=cfg(target_has_atomic_primitive_alignment, values(\"16\"))");` to the top of the `build.rs`
    = note: see <https://doc.rust-lang.org/nightly/rustc/check-cfg/cargo-specifics.html> for more information about checking conditional configuration
    = note: this warning originates in the macro `ptr_atomic_methods` (in Nightly builds, run with -Z macro-backtrace for more info)
help: there is a config with a similar name and value
    |
531 -         #[cfg(target_has_atomic_primitive_alignment = $width)]
531 +         #[cfg(target_has_atomic_equal_alignment = $width)]
    |

warning: unexpected `cfg` condition name: `target_has_atomic_primitive_alignment`
   --> toolchain/verus-src/source/vstd/atomic.rs:518:15
    |
518 |         #[cfg(target_has_atomic_primitive_alignment = $width)]
    |               ^^^^^^^^^^^^^^^^^^^^^^^^^^^^^^^^^^^^^^^^^^^^^^
...
607 | ptr_atomic_methods!(PAtomicU8, AtomicU8, u8, "8");
    | ------------------------------------------------- in this macro invocation
    |
    = help: consider using a Cargo feature instead
    = help: or consider adding in `Cargo.toml` the `check-cfg` lint config for the lint:
             [lints.rust]
             unexpected_cfgs = { level = "warn", check-cfg = ['cfg(target_has_atomic_primitive_alignment, values("8"))'] }
    = help: or consider adding `println!("cargo::rustc-check-cfg=cfg(target_has_atomic_primitive_alignment, values(\"8\"))");` to the top of the `build.rs`
    = note: see <https://doc.rust-lang.org/nightly/rustc/check-cfg/cargo-specifics.html> for more information about checking conditional configuration
    = note: this warning originates in the macro `ptr_atomic_methods` (in Nightly builds, run with -Z macro-backtrace for more info)
help: there is a config with a similar name and value
    |
518 -         #[cfg(target_has_atomic_primitive_alignment = $width)]
518 +         #[cfg(target_has_atomic_equal_alignment = $width)]
    |

warning: unexpected `cfg` condition name: `target_has_atomic_primitive_alignment`
   --> toolchain/verus-src/source/vstd/atomic.rs:531:15
    |
531 |         #[cfg(target_has_atomic_primitive_alignment = $width)]
    |               ^^^^^^^^^^^^^^^^^^^^^^^^^^^^^^^^^^^^^^^^^^^^^^
...
607 | ptr_atomic_methods!(PAtomicU8, AtomicU8, u8, "8");
    | ------------------------------------------------- in this macro invocation
    |
    = help: consider using a Cargo feature instead
    = help: or consider adding in `Cargo.toml` the `check-cfg` lint config for the lint:
             [lints.rust]
             unexpected_cfgs = { level = "warn", check-cfg = ['cfg(target_has_atomic_primitive_alignment, values("8"))'] }
    = help: or consider adding `println!("cargo::rustc-check-cfg=cfg(target_has_atomic_primitive_alignment, values(\"8\"))");` to the top of the `build.rs`
    = note: see <https://doc.rust-lang.org/nightly/rustc/check-cfg/cargo-specifics.html> for more information about checking conditional configuration
    = note: this warning originates in the macro `ptr_atomic_methods` (in Nightly builds, run with -Z macro-backtrace for more info)
help: there is a config with a similar name and value
    |
531 -         #[cfg(target_has_atomic_primitive_alignment = $width)]
531 +         #[cfg(target_has_atomic_equal_alignment = $width)]
    |

warning: unexpected `cfg` condition name: `target_has_atomic_primitive_alignment`
   --> toolchain/verus-src/source/vstd/atomic.rs:518:15
    |
518 |         #[cfg(target_has_atomic_primitive_alignment = $width)]
    |               ^^^^^^^^^^^^^^^^^^^^^^^^^^^^^^^^^^^^^^^^^^^^^^
...
608 | ptr_atomic_methods!(PAtomicUsize, AtomicUsize, usize, "ptr");
    | ------------------------------------------------------------ in this macro invocation
    |
    = help: consider using a Cargo feature instead
    = help: or consider adding in `Cargo.toml` the `check-cfg` lint config for the lint:
             [lints.rust]
             unexpected_cfgs = { level = "warn", check-cfg = ['cfg(target_has_atomic_primitive_alignment, values("ptr"))'] }
    = help: or consider adding `println!("cargo::rustc-check-cfg=cfg(target_has_atomic_primitive_alignment, values(\"ptr\"))");` to the top of the `build.rs`
    = note: see <https://doc.rust-lang.org/nightly/rustc/check-cfg/cargo-specifics.html> for more information about checking conditional configuration
    = note: this warning originates in the macro `ptr_atomic_methods` (in Nightly builds, run with -Z macro-backtrace for more info)
help: there is a config with a similar name and value
    |
518 -         #[cfg(target_has_atomic_primitive_alignment = $width)]
518 +         #[cfg(target_has_atomic_equal_alignment = $width)]
    |

warning: unexpected `cfg` condition name: `target_has_atomic_primitive_alignment`
   --> toolchain/verus-src/source/vstd/atomic.rs:531:15
    |
531 |         #[cfg(target_has_atomic_primitive_alignment = $width)]
    |               ^^^^^^^^^^^^^^^^^^^^^^^^^^^^^^^^^^^^^^^^^^^^^^
...
608 | ptr_atomic_methods!(PAtomicUsize, AtomicUsize, usize, "ptr");
    | ------------------------------------------------------------ in this macro invocation
    |
    = help: consider using a Cargo feature instead
    = help: or consider adding in `Cargo.toml` the `check-cfg` lint config for the lint:
             [lints.rust]
             unexpected_cfgs = { level = "warn", check-cfg = ['cfg(target_has_atomic_primitive_alignment, values("ptr"))'] }
    = help: or consider adding `println!("cargo::rustc-check-cfg=cfg(target_has_atomic_primitive_alignment, values(\"ptr\"))");` to the top of the `build.rs`
    = note: see <https://doc.rust-lang.org/nightly/rustc/check-cfg/cargo-specifics.html> for more information about checking conditional configuration
    = note: this warning originates in the macro `ptr_atomic_methods` (in Nightly builds, run with -Z macro-backtrace for more info)
help: there is a config with a similar name and value
    |
531 -         #[cfg(target_has_atomic_primitive_alignment = $width)]
531 +         #[cfg(target_has_atomic_equal_alignment = $width)]
    |

warning: unexpected `cfg` condition name: `target_has_atomic_primitive_alignment`
   --> toolchain/verus-src/source/vstd/atomic.rs:518:15
    |
518 |         #[cfg(target_has_atomic_primitive_alignment = $width)]
    |               ^^^^^^^^^^^^^^^^^^^^^^^^^^^^^^^^^^^^^^^^^^^^^^
...
611 | ptr_atomic_methods!(PAtomicI64, AtomicI64, i64, "64");
    | ----------------------------------------------------- in this macro invocation
    |
    = help: consider using a Cargo feature instead
    = help: or consider adding in `Cargo.toml` the `check-cfg` lint config for the lint:
             [lints.rust]
             unexpected_cfgs = { level = "warn", check-cfg = ['cfg(target_has_atomic_primitive_alignment, values("64"))'] }
    = help: or consider adding `println!("cargo::rustc-check-cfg=cfg(target_has_atomic_primitive_alignment, values(\"64\"))");` to the top of the `build.rs`
    = note: see <https://doc.rust-lang.org/nightly/rustc/check-cfg/cargo-specifics.html> for more information about checking conditional configuration
    = note: this warning originates in the macro `ptr_atomic_methods` (in Nightly builds, run with -Z macro-backtrace for more info)
help: there is a config with a similar name and value
    |
518 -         #[cfg(target_has_atomic_primitive_alignment = $width)]
518 +         #[cfg(target_has_atomic_equal_alignment = $width)]
    |

warning: unexpected `cfg` condition name: `target_has_atomic_primitive_alignment`
   --> toolchain/verus-src/source/vstd/atomic.rs:531:15
    |
531 |         #[cfg(target_has_atomic_primitive_alignment = $width)]
    |               ^^^^^^^^^^^^^^^^^^^^^^^^^^^^^^^^^^^^^^^^^^^^^^
...
611 | ptr_atomic_methods!(PAtomicI64, AtomicI64, i64, "64");
    | ----------------------------------------------------- in this macro invocation
    |
    = help: consider using a Cargo feature instead
    = help: or consider adding in `Cargo.toml` the `check-cfg` lint config for the lint:
             [lints.rust]
             unexpected_cfgs = { level = "warn", check-cfg = ['cfg(target_has_atomic_primitive_alignment, values("64"))'] }
    = help: or consider adding `println!("cargo::rustc-check-cfg=cfg(target_has_atomic_primitive_alignment, values(\"64\"))");` to the top of the `build.rs`
    = note: see <https://doc.rust-lang.org/nightly/rustc/check-cfg/cargo-specifics.html> for more information about checking conditional configuration
    = note: this warning originates in the macro `ptr_atomic_methods` (in Nightly builds, run with -Z macro-backtrace for more info)
help: there is a config with a similar name and value
    |
531 -         #[cfg(target_has_atomic_primitive_alignment = $width)]
531 +         #[cfg(target_has_atomic_equal_alignment = $width)]
    |

warning: unexpected `cfg` condition name: `target_has_atomic_primitive_alignment`
   --> toolchain/verus-src/source/vstd/atomic.rs:518:15
    |
518 |         #[cfg(target_has_atomic_primitive_alignment = $width)]
    |               ^^^^^^^^^^^^^^^^^^^^^^^^^^^^^^^^^^^^^^^^^^^^^^
...
613 | ptr_atomic_methods!(PAtomicI32, AtomicI32, i32, "32");
    | ----------------------------------------------------- in this macro invocation
    |
    = help: consider using a Cargo feature instead
    = help: or consider adding in `Cargo.toml` the `check-cfg` lint config for the lint:
             [lints.rust]
             unexpected_cfgs = { level = "warn", check-cfg = ['cfg(target_has_atomic_primitive_alignment, values("32"))'] }
    = help: or consider adding `println!("cargo::rustc-check-cfg=cfg(target_has_atomic_primitive_alignment, values(\"32\"))");` to the top of the `build.rs`
    = note: see <https://doc.rust-lang.org/nightly/rustc/check-cfg/cargo-specifics.html> for more information about checking conditional configuration
    = note: this warning originates in the macro `ptr_atomic_methods` (in Nightly builds, run with -Z macro-backtrace for more info)
help: there is a config with a similar name and value
    |
518 -         #[cfg(target_has_atomic_primitive_alignment = $width)]
518 +         #[cfg(target_has_atomic_equal_alignment = $width)]
    |

warning: unexpected `cfg` condition name: `target_has_atomic_primitive_alignment`
   --> toolchain/verus-src/source/vstd/atomic.rs:531:15
    |
531 |         #[cfg(target_has_atomic_primitive_alignment = $width)]
    |               ^^^^^^^^^^^^^^^^^^^^^^^^^^^^^^^^^^^^^^^^^^^^^^
...
613 | ptr_atomic_methods!(PAtomicI32, AtomicI32, i32, "32");
    | ----------------------------------------------------- in this macro invocation
    |
    = help: consider using a Cargo feature instead
    = help: or consider adding in `Cargo.toml` the `check-cfg` lint config for the lint:
             [lints.rust]
             unexpected_cfgs = { level = "warn", check-cfg = ['cfg(target_has_atomic_primitive_alignment, values("32"))'] }
    = help: or consider adding `println!("cargo::rustc-check-cfg=cfg(target_has_atomic_primitive_alignment, values(\"32\"))");` to the top of the `build.rs`
    = note: see <https://doc.rust-lang.org/nightly/rustc/check-cfg/cargo-specifics.html> for more information about checking conditional configuration
    = note: this warning originates in the macro `ptr_atomic_methods` (in Nightly builds, run with -Z macro-backtrace for more info)
help: there is a config with a similar name and value
    |
531 -         #[cfg(target_has_atomic_primitive_alignment = $width)]
531 +         #[cfg(target_has_atomic_equal_alignment = $width)]
    |

warning: unexpected `cfg` condition name: `target_has_atomic_primitive_alignment`
   --> toolchain/verus-src/source/vstd/atomic.rs:518:15
    |
518 |         #[cfg(target_has_atomic_primitive_alignment = $width)]
    |               ^^^^^^^^^^^^^^^^^^^^^^^^^^^^^^^^^^^^^^^^^^^^^^
...
614 | ptr_atomic_methods!(PAtomicI16, AtomicI16, i16, "16");
    | ----------------------------------------------------- in this macro invocation
    |
    = help: consider using a Cargo feature instead
    = help: or consider adding in `Cargo.toml` the `check-cfg` lint config for the lint:
             [lints.rust]
             unexpected_cfgs = { level = "warn", check-cfg = ['cfg(target_has_atomic_primitive_alignment, values("16"))'] }
    = help: or consider adding `println!("cargo::rustc-check-cfg=cfg(target_has_atomic_primitive_alignment, values(\"16\"))");` to the top of the `build.rs`
    = note: see <https://doc.rust-lang.org/nightly/rustc/check-cfg/cargo-specifics.html> for more information about checking conditional configuration
    = note: this warning originates in the macro `ptr_atomic_methods` (in Nightly builds, run with -Z macro-backtrace for more info)
help: there is a config with a similar name and value
    |
518 -         #[cfg(target_has_atomic_primitive_alignment = $width)]
518 +         #[cfg(target_has_atomic_equal_alignment = $width)]
    |

warning: unexpected `cfg` condition name: `target_has_atomic_primitive_alignment`
   --> toolchain/verus-src/source/vstd/atomic.rs:531:15
    |
531 |         #[cfg(target_has_atomic_primitive_alignment = $width)]
    |               ^^^^^^^^^^^^^^^^^^^^^^^^^^^^^^^^^^^^^^^^^^^^^^
...
614 | ptr_atomic_methods!(PAtomicI16, AtomicI16, i16, "16");
    | ----------------------------------------------------- in this macro invocation
    |
    = help: consider using a Cargo feature instead
    = help: or consider adding in `Cargo.toml` the `check-cfg` lint config for the lint:
             [lints.rust]
             unexpected_cfgs = { level = "warn", check-cfg = ['cfg(target_has_atomic_primitive_alignment, values("16"))'] }
    = help: or consider adding `println!("cargo::rustc-check-cfg=cfg(target_has_atomic_primitive_alignment, values(\"16\"))");` to the top of the `build.rs`
    = note: see <https://doc.rust-lang.org/nightly/rustc/check-cfg/cargo-specifics.html> for more information about checking conditional configuration
    = note: this warning originates in the macro `ptr_atomic_methods` (in Nightly builds, run with -Z macro-backtrace for more info)
help: there is a config with a similar name and value
    |
531 -         #[cfg(target_has_atomic_primitive_alignment = $width)]
531 +         #[cfg(target_has_atomic_equal_alignment = $width)]
    |

warning: unexpected `cfg` condition name: `target_has_atomic_primitive_alignment`
   --> toolchain/verus-src/source/vstd/atomic.rs:518:15
    |
518 |         #[cfg(target_has_atomic_primitive_alignment = $width)]
    |               ^^^^^^^^^^^^^^^^^^^^^^^^^^^^^^^^^^^^^^^^^^^^^^
...
615 | ptr_atomic_methods!(PAtomicI8, AtomicI8, i8, "8");
    | ------------------------------------------------- in this macro invocation
    |
    = help: consider using a Cargo feature instead
    = help: or consider adding in `Cargo.toml` the `check-cfg` lint config for the lint:
             [lints.rust]
             unexpected_cfgs = { level = "warn", check-cfg = ['cfg(target_has_atomic_primitive_alignment, values("8"))'] }
    = help: or consider adding `println!("cargo::rustc-check-cfg=cfg(target_has_atomic_primitive_alignment, values(\"8\"))");` to the top of the `build.rs`
    = note: see <https://doc.rust-lang.org/nightly/rustc/check-cfg/cargo-specifics.html> for more information about checking conditional configuration
    = note: this warning originates in the macro `ptr_atomic_methods` (in Nightly builds, run with -Z macro-backtrace for more info)
help: there is a config with a similar name and value
    |
518 -         #[cfg(target_has_atomic_primitive_alignment = $width)]
518 +         #[cfg(target_has_atomic_equal_alignment = $width)]
    |

warning: unexpected `cfg` condition name: `target_has_atomic_primitive_alignment`
   --> toolchain/verus-src/source/vstd/atomic.rs:531:15
    |
531 |         #[cfg(target_has_atomic_primitive_alignment = $width)]
    |               ^^^^^^^^^^^^^^^^^^^^^^^^^^^^^^^^^^^^^^^^^^^^^^
...
615 | ptr_atomic_methods!(PAtomicI8, AtomicI8, i8, "8");
    | ------------------------------------------------- in this macro invocation
    |
    = help: consider using a Cargo feature instead
    = help: or consider adding in `Cargo.toml` the `check-cfg` lint config for the lint:
             [lints.rust]
             unexpected_cfgs = { level = "warn", check-cfg = ['cfg(target_has_atomic_primitive_alignment, values("8"))'] }
    = help: or consider adding `println!("cargo::rustc-check-cfg=cfg(target_has_atomic_primitive_alignment, values(\"8\"))");` to the top of the `build.rs`
    = note: see <https://doc.rust-lang.org/nightly/rustc/check-cfg/cargo-specifics.html> for more information about checking conditional configuration
    = note: this warning originates in the macro `ptr_atomic_methods` (in Nightly builds, run with -Z macro-backtrace for more info)
help: there is a config with a similar name and value
    |
531 -         #[cfg(target_has_atomic_primitive_alignment = $width)]
531 +         #[cfg(target_has_atomic_equal_alignment = $width)]
    |

warning: unexpected `cfg` condition name: `target_has_atomic_primitive_alignment`
   --> toolchain/verus-src/source/vstd/atomic.rs:518:15
    |
518 |         #[cfg(target_has_atomic_primitive_alignment = $width)]
    |               ^^^^^^^^^^^^^^^^^^^^^^^^^^^^^^^^^^^^^^^^^^^^^^
...
616 | ptr_atomic_methods!(PAtomicIsize, AtomicIsize, isize, "ptr");
    | ------------------------------------------------------------ in this macro invocation
    |
    = help: consider using a Cargo feature instead
    = help: or consider adding in `Cargo.toml` the `check-cfg` lint config for the lint:
             [lints.rust]
             unexpected_cfgs = { level = "warn", check-cfg = ['cfg(target_has_atomic_primitive_alignment, values("ptr"))'] }
    = help: or consider adding `println!("cargo::rustc-check-cfg=cfg(target_has_atomic_primitive_alignment, values(\"ptr\"))");` to the top of the `build.rs`
    = note: see <https://doc.rust-lang.org/nightly/rustc/check-cfg/cargo-specifics.html> for more information about checking conditional configuration
    = note: this warning originates in the macro `ptr_atomic_methods` (in Nightly builds, run with -Z macro-backtrace for more info)
help: there is a config with a similar name and value
    |
518 -         #[cfg(target_has_atomic_primitive_alignment = $width)]
518 +         #[cfg(target_has_atomic_equal_alignment = $width)]
    |

warning: unexpected `cfg` condition name: `target_has_atomic_primitive_alignment`
   --> toolchain/verus-src/source/vstd/atomic.rs:531:15
    |
531 |         #[cfg(target_has_atomic_primitive_alignment = $width)]
    |               ^^^^^^^^^^^^^^^^^^^^^^^^^^^^^^^^^^^^^^^^^^^^^^
...
616 | ptr_atomic_methods!(PAtomicIsize, AtomicIsize, isize, "ptr");
    | ------------------------------------------------------------ in this macro invocation
    |
    = help: consider using a Cargo feature instead
    = help: or consider adding in `Cargo.toml` the `check-cfg` lint config for the lint:
             [lints.rust]
             unexpected_cfgs = { level = "warn", check-cfg = ['cfg(target_has_atomic_primitive_alignment, values("ptr"))'] }
    = help: or consider adding `println!("cargo::rustc-check-cfg=cfg(target_has_atomic_primitive_alignment, values(\"ptr\"))");` to the top of the `build.rs`
    = note: see <https://doc.rust-lang.org/nightly/rustc/check-cfg/cargo-specifics.html> for more information about checking conditional configuration
    = note: this warning originates in the macro `ptr_atomic_methods` (in Nightly builds, run with -Z macro-backtrace for more info)
help: there is a config with a similar name and value
    |
531 -         #[cfg(target_has_atomic_primitive_alignment = $width)]
531 +         #[cfg(target_has_atomic_equal_alignment = $width)]
    |

$ /home/ruize/openvmm-restore-v1/target/light/flowey_hvlite pipeline ado --out ci-flowey/openvmm-pr.yaml ci checkin-gates --config=pr
$ /home/ruize/openvmm-restore-v1/target/light/flowey_hvlite pipeline github --out .github/workflows/openvmm-pr.yaml ci checkin-gates --config=pr
$ /home/ruize/openvmm-restore-v1/target/light/flowey_hvlite pipeline github --out .github/workflows/openvmm-pr-release.yaml ci checkin-gates --config=pr-release
$ /home/ruize/openvmm-restore-v1/target/light/flowey_hvlite pipeline github --out .github/workflows/openvmm-ci.yaml ci checkin-gates --config=ci
$ /home/ruize/openvmm-restore-v1/target/light/flowey_hvlite pipeline github --out .github/workflows/openvmm-docs-ci.yaml ci build-docs --config=ci
$ /home/ruize/openvmm-restore-v1/target/light/flowey_hvlite pipeline github --out .github/workflows/openvmm-docs-pr.yaml ci build-docs --config=pr
[complete] verify-flowey (1.26s)[0m
