warning: autoderive Clone impl does not take the form Verus expects; continuing, but without adding a specification for the derived Clone impl
  --> vmm_core/vmm_core_defs/src/lib.rs:36:17
   |
36 | #[derive(Debug, Clone, Eq, PartialEq, Protobuf, Inspect)]
   |                 ^^^^^
   |
   = help: to suppress this warning, use `#[verifier::allow(autoderive_clone_without_spec)]` on the surrounding function, datatype, or module or `#![verifier::allow(autoderive_clone_without_spec)]` in the module or crate

warning: `vmm_core_defs` (lib) generated 1 warning
    Checking vmm_core v0.0.0 (/home/ruize/openvmm-restore-v1/vmm_core)
error[E0658]: custom attributes cannot be applied to expressions
   --> vmm_core/src/partition_unit/vp_set.rs:895:5
    |
895 | /     for vp_index in indices {
896 | |         let index = vp_index.index() as usize;
897 | |         let slot = present
898 | |             .get_mut(index)
...   |
906 | |     }
    | |_____^
    |
    = note: see issue #54727 <https://github.com/rust-lang/rust/issues/54727> for more information
    = help: add `#![feature(proc_macro_hygiene)]` to the crate attributes to enable
    = note: this compiler was built on 2026-09-01; consider upgrading it if it is out of date

For more information about this error, try `rustc --explain E0658`.
error: could not compile `vmm_core` (lib) due to 1 previous error
