diff --git a/Cargo.lock b/Cargo.lock
index 398da792..7d2f8699 100644
--- a/Cargo.lock
+++ b/Cargo.lock
@@ -10172,6 +10172,7 @@ dependencies = [
  "mesh_protobuf",
  "safe_intrinsics",
  "thiserror 2.0.16",
+ "vstd",
  "x86defs",
 ]
 
diff --git a/vm/vmcore/vm_topology/Cargo.toml b/vm/vmcore/vm_topology/Cargo.toml
index 27d5a964..1ddc587d 100644
--- a/vm/vmcore/vm_topology/Cargo.toml
+++ b/vm/vmcore/vm_topology/Cargo.toml
@@ -6,12 +6,16 @@ name = "vm_topology"
 edition.workspace = true
 rust-version.workspace = true
 
+[package.metadata.verus]
+verify = true
+
 [features]
 default = []
 inspect = ["dep:inspect", "memory_range/inspect"]
 mesh = ["dep:mesh_protobuf", "memory_range/mesh"]
 
 [dependencies]
+vstd.workspace = true
 aarch64defs.workspace = true
 cxl_spec.workspace = true
 memory_range.workspace = true
diff --git a/vm/vmcore/vm_topology/src/processor.rs b/vm/vmcore/vm_topology/src/processor.rs
index b6c70116..8b2e7508 100644
--- a/vm/vmcore/vm_topology/src/processor.rs
+++ b/vm/vmcore/vm_topology/src/processor.rs
@@ -20,6 +20,10 @@
     }
 }
 use thiserror::Error;
+use vstd::prelude::*;
+
+#[cfg(verus_keep_ghost)]
+include!("processor.proof.rs");
 
 /// A description of the VM's processor topology.
 ///
@@ -259,6 +263,7 @@ pub struct VpTopologyInfo {
 /// them interchangeably.
 #[derive(Debug, Copy, Clone, PartialEq, Eq, PartialOrd, Ord)]
 #[cfg_attr(feature = "inspect", derive(inspect::Inspect), inspect(transparent))]
+#[verus_verify]
 pub struct VpIndex(u32);
 
 impl VpIndex {
@@ -277,6 +282,8 @@ pub const fn new(index: u32) -> Self {
     pub const BSP: Self = Self::new(0);
 
     /// Returns the VP index value.
+    #[verus_verify]
+    #[verus_spec(result => ensures result == self@,)]
     pub fn index(&self) -> u32 {
         self.0
     }
 M Cargo.lock
 M research/GROUND_TRUTH.md
 M research/PIPELINE_STATE.json
 M vm/vmcore/vm_topology/Cargo.toml
 M vm/vmcore/vm_topology/src/processor.rs
?? research/restore-vp-index-coverage/
?? vm/vmcore/vm_topology/src/processor.proof.rs
