Fresh verification: clearing 1 selected package(s) in /home/ruize/openvmm-restore-v1/target/verus-partial
warning: version qualifier in `-p path+file:///home/ruize/openvmm-restore-v1/openvmm/openvmm_core#0.0.0` is ignored, cleaning all versions of `openvmm_core` found
warning: url qualifier in `-p path+file:///home/ruize/openvmm-restore-v1/openvmm/openvmm_core#0.0.0` ignored, cleaning all versions of `openvmm_core` found
     Removed 28 files, 50.5MiB total
   Compiling openvmm_core v0.0.0 (/home/ruize/openvmm-restore-v1/openvmm/openvmm_core)
warning: crypto@0.0.0: No or multiple crypto backends enabled. This may cause a link-time error.
    Checking state_unit v0.0.0 (/home/ruize/openvmm-restore-v1/vmm_core/state_unit)
warning: autoderive Clone impl does not take the form Verus expects; continuing, but without adding a specification for the derived Clone impl
  --> vmm_core/vmm_core_defs/src/lib.rs:36:17
   |
36 | #[derive(Debug, Clone, Eq, PartialEq, Protobuf, Inspect)]
   |                 ^^^^^
   |
   = help: to suppress this warning, use `#[verifier::allow(autoderive_clone_without_spec)]` on the surrounding function, datatype, or module or `#![verifier::allow(autoderive_clone_without_spec)]` in the module or crate

warning: `vmm_core_defs` (lib) generated 1 warning
    Checking vmotherboard v0.0.0 (/home/ruize/openvmm-restore-v1/vmm_core/vmotherboard)
    Checking openvmm_defs v0.0.0 (/home/ruize/openvmm-restore-v1/openvmm/openvmm_defs)
    Checking vmm_core v0.0.0 (/home/ruize/openvmm-restore-v1/vmm_core)
error: reveal/fuel statement is not allowed here because the function `openvmm_defs::worker::saved_state_proof::saved_inventory_ids` is marked 'closed' and thus its body is not visible here. (Note: 'reveal' statements are intended for functions that are opaque, not functions that are closed)
   --> openvmm/openvmm_core/src/worker/dispatch.proof.rs:180:5
    |
180 |     reveal(saved_inventory_ids);
    |     ^^^^^^

warning: verus-related attribute has no effect because item is already marked external
    --> openvmm/openvmm_core/src/worker/dispatch.rs:2181:13
     |
2181 |             const PCI_LEGACY_INTA_IRQ: u32 = 11;
     |             ^^^^^^^^^^^^^^^^^^^^^^^^^^^^^^^^^^^

warning: verus-related attribute has no effect because item is already marked external
    --> openvmm/openvmm_core/src/worker/dispatch.rs:2182:13
     |
2182 |             const PCI_INTA_IRQ: u32 = 16;
     |             ^^^^^^^^^^^^^^^^^^^^^^^^^^^^

warning: verus-related attribute has no effect because item is already marked external
    --> openvmm/openvmm_core/src/worker/dispatch.rs:3033:13
     |
3033 |             const VIRTIO_MMIO_IOAPIC_IRQ: u32 = 17;
     |             ^^^^^^^^^^^^^^^^^^^^^^^^^^^^^^^^^^^^^^

warning: verus-related attribute has no effect because item is already marked external
    --> openvmm/openvmm_core/src/worker/dispatch.rs:3034:13
     |
3034 |             const VIRTIO_MMIO_PIC_IRQ: u32 = 5;
     |             ^^^^^^^^^^^^^^^^^^^^^^^^^^^^^^^^^^

warning: `openvmm_core` (lib) generated 4 warnings
error: could not compile `openvmm_core` (lib) due to 1 previous error; 4 warnings emitted
Fresh verification summary: 0 verified, 0 errors; exit 101; preparation 0.843s; verification 6.364s; total 7.207s
