Fresh verification: clearing 1 selected package(s) in /home/ruize/openvmm-restore-v1/target/verus-partial
warning: version qualifier in `-p path+file:///home/ruize/openvmm-restore-v1/openvmm/openvmm_core#0.0.0` is ignored, cleaning all versions of `openvmm_core` found
warning: url qualifier in `-p path+file:///home/ruize/openvmm-restore-v1/openvmm/openvmm_core#0.0.0` ignored, cleaning all versions of `openvmm_core` found
     Removed 18 files, 20.8MiB total
   Compiling openvmm_core v0.0.0 (/home/ruize/openvmm-restore-v1/openvmm/openvmm_core)
warning: crypto@0.0.0: No or multiple crypto backends enabled. This may cause a link-time error.
warning: autoderive Clone impl does not take the form Verus expects; continuing, but without adding a specification for the derived Clone impl
  --> vmm_core/vmm_core_defs/src/lib.rs:36:17
   |
36 | #[derive(Debug, Clone, Eq, PartialEq, Protobuf, Inspect)]
   |                 ^^^^^
   |
   = help: to suppress this warning, use `#[verifier::allow(autoderive_clone_without_spec)]` on the surrounding function, datatype, or module or `#![verifier::allow(autoderive_clone_without_spec)]` in the module or crate

warning: `vmm_core_defs` (lib) generated 1 warning
    Checking openvmm_defs v0.0.0 (/home/ruize/openvmm-restore-v1/openvmm/openvmm_defs)
warning: verus-related attribute has no effect because item is already marked external
    --> openvmm/openvmm_core/src/worker/dispatch.rs:2181:13
     |
2181 |             const PCI_LEGACY_INTA_IRQ: u32 = 11;
     |             ^^^^^^^^^^^^^^^^^^^^^^^^^^^^^^^^^^^

warning: verus-related attribute has no effect because item is already marked external
    --> openvmm/openvmm_core/src/worker/dispatch.rs:2182:13
     |
2182 |             const PCI_INTA_IRQ: u32 = 16;
     |             ^^^^^^^^^^^^^^^^^^^^^^^^^^^^

warning: verus-related attribute has no effect because item is already marked external
    --> openvmm/openvmm_core/src/worker/dispatch.rs:3033:13
     |
3033 |             const VIRTIO_MMIO_IOAPIC_IRQ: u32 = 17;
     |             ^^^^^^^^^^^^^^^^^^^^^^^^^^^^^^^^^^^^^^

warning: verus-related attribute has no effect because item is already marked external
    --> openvmm/openvmm_core/src/worker/dispatch.rs:3034:13
     |
3034 |             const VIRTIO_MMIO_PIC_IRQ: u32 = 5;
     |             ^^^^^^^^^^^^^^^^^^^^^^^^^^^^^^^^^^

note: verifying module worker::dispatch::restore_proof

verification results:: 7 verified, 0 errors
warning: `openvmm_core` (lib) generated 4 warnings
    Finished `dev` profile [unoptimized + debuginfo] target(s) in 5.17s
Fresh verification summary: 7 verified, 0 errors; exit 0; preparation 0.799s; verification 5.688s; total 6.487s
