Fresh verification: clearing 1 selected package(s) in /home/ruize/openvmm-restore-v1/target/verus-partial
warning: version qualifier in `-p path+file:///home/ruize/openvmm-restore-v1/openvmm/openvmm_defs#0.0.0` is ignored, cleaning all versions of `openvmm_defs` found
warning: url qualifier in `-p path+file:///home/ruize/openvmm-restore-v1/openvmm/openvmm_defs#0.0.0` ignored, cleaning all versions of `openvmm_defs` found
     Removed 1 directory
    Checking vmcore v0.0.0 (/home/ruize/openvmm-restore-v1/vm/vmcore)
    Checking chipset_device v0.0.0 (/home/ruize/openvmm-restore-v1/vm/chipset_device)
    Checking disk_backend v0.0.0 (/home/ruize/openvmm-restore-v1/vm/devices/storage/disk_backend)
    Checking generation_id v0.0.0 (/home/ruize/openvmm-restore-v1/vm/devices/firmware/generation_id)
    Checking scsi_core v0.0.0 (/home/ruize/openvmm-restore-v1/vm/devices/storage/scsi_core)
    Checking state_unit v0.0.0 (/home/ruize/openvmm-restore-v1/vmm_core/state_unit)
    Checking pci_core v0.0.0 (/home/ruize/openvmm-restore-v1/vm/devices/pci/pci_core)
    Checking chipset_device_resources v0.0.0 (/home/ruize/openvmm-restore-v1/vm/chipset_device_resources)
    Checking floppy_pcat_stub v0.0.0 (/home/ruize/openvmm-restore-v1/vm/devices/storage/floppy_pcat_stub)
    Checking framebuffer v0.0.0 (/home/ruize/openvmm-restore-v1/vm/devices/framebuffer)
    Checking floppy v0.0.0 (/home/ruize/openvmm-restore-v1/vm/devices/storage/floppy)
    Checking chipset v0.0.0 (/home/ruize/openvmm-restore-v1/vm/devices/chipset)
    Checking pci_resources v0.0.0 (/home/ruize/openvmm-restore-v1/vm/devices/pci/pci_resources)
    Checking pci_bus v0.0.0 (/home/ruize/openvmm-restore-v1/vm/devices/pci/pci_bus)
    Checking missing_dev v0.0.0 (/home/ruize/openvmm-restore-v1/vm/devices/missing_dev)
    Checking ide v0.0.0 (/home/ruize/openvmm-restore-v1/vm/devices/storage/ide)
    Checking cxl_spec v0.0.0 (/home/ruize/openvmm-restore-v1/vm/devices/cxl)
    Checking chipset_legacy v0.0.0 (/home/ruize/openvmm-restore-v1/vm/devices/chipset_legacy)
    Checking vm_topology v0.0.0 (/home/ruize/openvmm-restore-v1/vm/vmcore/vm_topology)
    Checking pcie v0.0.0 (/home/ruize/openvmm-restore-v1/vm/devices/pci/pcie)
    Checking firmware_pcat v0.0.0 (/home/ruize/openvmm-restore-v1/vm/devices/firmware/firmware_pcat)
    Checking virt v0.0.0 (/home/ruize/openvmm-restore-v1/vmm_core/virt)
    Checking vmotherboard v0.0.0 (/home/ruize/openvmm-restore-v1/vmm_core/vmotherboard)
    Checking vmm_core_defs v0.0.0 (/home/ruize/openvmm-restore-v1/vmm_core/vmm_core_defs)
warning: autoderive Clone impl does not take the form Verus expects; continuing, but without adding a specification for the derived Clone impl
  --> vmm_core/vmm_core_defs/src/lib.rs:36:17
   |
36 | #[derive(Debug, Clone, Eq, PartialEq, Protobuf, Inspect)]
   |                 ^^^^^
   |
   = help: to suppress this warning, use `#[verifier::allow(autoderive_clone_without_spec)]` on the surrounding function, datatype, or module or `#![verifier::allow(autoderive_clone_without_spec)]` in the module or crate

warning: `vmm_core_defs` (lib) generated 1 warning
    Checking openvmm_defs v0.0.0 (/home/ruize/openvmm-restore-v1/openvmm/openvmm_defs)
error[E0308]: mismatched types
  --> openvmm/openvmm_defs/src/worker.proof.rs:41:5
   |
40 |   pub closed spec fn inventory_ids(inventory: Seq<String>) -> Set<nat> {
   |                                                               -------- expected `vstd::set::Set<vstd::prelude::nat>` because of return type
41 | /     Set::new(|id: nat| exists|i: int|
42 | |         0 <= i < inventory.len() && #[trigger] component_name_id(inventory[i]@) == id)
   | |______________________________________________________________________________________^ expected `Set<nat>`, found `Option<Set<nat>>`
   |
   = note: expected struct `vstd::set::Set<_>`
                found enum `std::option::Option<vstd::set::Set<_>>`
help: consider using `Option::expect` to unwrap the `std::option::Option<vstd::set::Set<vstd::prelude::nat>>` value, panicking if the value is an `Option::None`
   |
42 |         0 <= i < inventory.len() && #[trigger] component_name_id(inventory[i]@) == id).expect("REASON")
   |                                                                                       +++++++++++++++++

For more information about this error, try `rustc --explain E0308`.
error: could not compile `openvmm_defs` (lib) due to 1 previous error
Fresh verification summary: 0 verified, 0 errors; exit 101; preparation 0.809s; verification 9.363s; total 10.172s
