Fresh verification: clearing 1 selected package(s) in /home/ruize/openvmm-restore-v1/target/verus-partial
warning: version qualifier in `-p path+file:///home/ruize/openvmm-restore-v1/openvmm/openvmm_defs#0.0.0` is ignored, cleaning all versions of `openvmm_defs` found
warning: url qualifier in `-p path+file:///home/ruize/openvmm-restore-v1/openvmm/openvmm_defs#0.0.0` ignored, cleaning all versions of `openvmm_defs` found
     Removed 5 files, 7.0MiB total
warning: autoderive Clone impl does not take the form Verus expects; continuing, but without adding a specification for the derived Clone impl
  --> vmm_core/vmm_core_defs/src/lib.rs:36:17
   |
36 | #[derive(Debug, Clone, Eq, PartialEq, Protobuf, Inspect)]
   |                 ^^^^^
   |
   = help: to suppress this warning, use `#[verifier::allow(autoderive_clone_without_spec)]` on the surrounding function, datatype, or module or `#![verifier::allow(autoderive_clone_without_spec)]` in the module or crate

warning: `vmm_core_defs` (lib) generated 1 warning
    Checking openvmm_defs v0.0.0 (/home/ruize/openvmm-restore-v1/openvmm/openvmm_defs)
note: verifying module worker::saved_state_proof

error: assertion failed
  --> openvmm/openvmm_defs/src/worker.proof.rs:33:20
   |
33 |             assert(left =~= right);
   |                    ^^^^^^^^^^^^^^ assertion failed

error: postcondition not satisfied
   --> openvmm/openvmm_defs/src/worker.proof.rs:141:9
    |
137 |   pub proof fn inventory_distinct_names(left: String, right: String)
    |   ------------------------------------------------------------------ at the end of the function body
...
141 | /         inventory_ids(seq![left, right])
142 | |             == Set::<nat>::empty().insert(component_name_id(left@)).insert(component_name_id(right@)),
    | |_____________________________________________________________________________________________________^ failed this postcondition

verification results:: 7 verified, 2 errors
error: could not compile `openvmm_defs` (lib) due to 2 previous errors
Fresh verification summary: 7 verified, 2 errors; exit 101; preparation 0.818s; verification 1.935s; total 2.754s
