   Compiling mesh_protobuf v0.0.0 (/home/ruize/openvmm-restore-v1/support/mesh/mesh_protobuf)
warning: unexpected `cfg` condition name: `target_has_atomic_primitive_alignment`
   --> toolchain/verus-src/source/vstd/atomic.rs:518:15
    |
518 |         #[cfg(target_has_atomic_primitive_alignment = $width)]
    |               ^^^^^^^^^^^^^^^^^^^^^^^^^^^^^^^^^^^^^^^^^^^^^^
...
603 | ptr_atomic_methods!(PAtomicU64, AtomicU64, u64, "64");
    | ----------------------------------------------------- in this macro invocation
    |
    = help: consider using a Cargo feature instead
    = help: or consider adding in `Cargo.toml` the `check-cfg` lint config for the lint:
             [lints.rust]
             unexpected_cfgs = { level = "warn", check-cfg = ['cfg(target_has_atomic_primitive_alignment, values("64"))'] }
    = help: or consider adding `println!("cargo::rustc-check-cfg=cfg(target_has_atomic_primitive_alignment, values(\"64\"))");` to the top of the `build.rs`
    = note: see <https://doc.rust-lang.org/nightly/rustc/check-cfg/cargo-specifics.html> for more information about checking conditional configuration
    = note: requested on the command line with `-W unexpected-cfgs`
    = note: this warning originates in the macro `ptr_atomic_methods` (in Nightly builds, run with -Z macro-backtrace for more info)
help: there is a config with a similar name and value
    |
518 -         #[cfg(target_has_atomic_primitive_alignment = $width)]
518 +         #[cfg(target_has_atomic_equal_alignment = $width)]
    |

warning: unexpected `cfg` condition name: `target_has_atomic_primitive_alignment`
   --> toolchain/verus-src/source/vstd/atomic.rs:531:15
    |
531 |         #[cfg(target_has_atomic_primitive_alignment = $width)]
    |               ^^^^^^^^^^^^^^^^^^^^^^^^^^^^^^^^^^^^^^^^^^^^^^
...
603 | ptr_atomic_methods!(PAtomicU64, AtomicU64, u64, "64");
    | ----------------------------------------------------- in this macro invocation
    |
    = help: consider using a Cargo feature instead
    = help: or consider adding in `Cargo.toml` the `check-cfg` lint config for the lint:
             [lints.rust]
             unexpected_cfgs = { level = "warn", check-cfg = ['cfg(target_has_atomic_primitive_alignment, values("64"))'] }
    = help: or consider adding `println!("cargo::rustc-check-cfg=cfg(target_has_atomic_primitive_alignment, values(\"64\"))");` to the top of the `build.rs`
    = note: see <https://doc.rust-lang.org/nightly/rustc/check-cfg/cargo-specifics.html> for more information about checking conditional configuration
    = note: this warning originates in the macro `ptr_atomic_methods` (in Nightly builds, run with -Z macro-backtrace for more info)
help: there is a config with a similar name and value
    |
531 -         #[cfg(target_has_atomic_primitive_alignment = $width)]
531 +         #[cfg(target_has_atomic_equal_alignment = $width)]
    |

warning: unexpected `cfg` condition name: `target_has_atomic_primitive_alignment`
   --> toolchain/verus-src/source/vstd/atomic.rs:518:15
    |
518 |         #[cfg(target_has_atomic_primitive_alignment = $width)]
    |               ^^^^^^^^^^^^^^^^^^^^^^^^^^^^^^^^^^^^^^^^^^^^^^
...
605 | ptr_atomic_methods!(PAtomicU32, AtomicU32, u32, "32");
    | ----------------------------------------------------- in this macro invocation
    |
    = help: consider using a Cargo feature instead
    = help: or consider adding in `Cargo.toml` the `check-cfg` lint config for the lint:
             [lints.rust]
             unexpected_cfgs = { level = "warn", check-cfg = ['cfg(target_has_atomic_primitive_alignment, values("32"))'] }
    = help: or consider adding `println!("cargo::rustc-check-cfg=cfg(target_has_atomic_primitive_alignment, values(\"32\"))");` to the top of the `build.rs`
    = note: see <https://doc.rust-lang.org/nightly/rustc/check-cfg/cargo-specifics.html> for more information about checking conditional configuration
    = note: this warning originates in the macro `ptr_atomic_methods` (in Nightly builds, run with -Z macro-backtrace for more info)
help: there is a config with a similar name and value
    |
518 -         #[cfg(target_has_atomic_primitive_alignment = $width)]
518 +         #[cfg(target_has_atomic_equal_alignment = $width)]
    |

warning: unexpected `cfg` condition name: `target_has_atomic_primitive_alignment`
   --> toolchain/verus-src/source/vstd/atomic.rs:531:15
    |
531 |         #[cfg(target_has_atomic_primitive_alignment = $width)]
    |               ^^^^^^^^^^^^^^^^^^^^^^^^^^^^^^^^^^^^^^^^^^^^^^
...
605 | ptr_atomic_methods!(PAtomicU32, AtomicU32, u32, "32");
    | ----------------------------------------------------- in this macro invocation
    |
    = help: consider using a Cargo feature instead
    = help: or consider adding in `Cargo.toml` the `check-cfg` lint config for the lint:
             [lints.rust]
             unexpected_cfgs = { level = "warn", check-cfg = ['cfg(target_has_atomic_primitive_alignment, values("32"))'] }
    = help: or consider adding `println!("cargo::rustc-check-cfg=cfg(target_has_atomic_primitive_alignment, values(\"32\"))");` to the top of the `build.rs`
    = note: see <https://doc.rust-lang.org/nightly/rustc/check-cfg/cargo-specifics.html> for more information about checking conditional configuration
    = note: this warning originates in the macro `ptr_atomic_methods` (in Nightly builds, run with -Z macro-backtrace for more info)
help: there is a config with a similar name and value
    |
531 -         #[cfg(target_has_atomic_primitive_alignment = $width)]
531 +         #[cfg(target_has_atomic_equal_alignment = $width)]
    |

warning: unexpected `cfg` condition name: `target_has_atomic_primitive_alignment`
   --> toolchain/verus-src/source/vstd/atomic.rs:518:15
    |
518 |         #[cfg(target_has_atomic_primitive_alignment = $width)]
    |               ^^^^^^^^^^^^^^^^^^^^^^^^^^^^^^^^^^^^^^^^^^^^^^
...
606 | ptr_atomic_methods!(PAtomicU16, AtomicU16, u16, "16");
    | ----------------------------------------------------- in this macro invocation
    |
    = help: consider using a Cargo feature instead
    = help: or consider adding in `Cargo.toml` the `check-cfg` lint config for the lint:
             [lints.rust]
             unexpected_cfgs = { level = "warn", check-cfg = ['cfg(target_has_atomic_primitive_alignment, values("16"))'] }
    = help: or consider adding `println!("cargo::rustc-check-cfg=cfg(target_has_atomic_primitive_alignment, values(\"16\"))");` to the top of the `build.rs`
    = note: see <https://doc.rust-lang.org/nightly/rustc/check-cfg/cargo-specifics.html> for more information about checking conditional configuration
    = note: this warning originates in the macro `ptr_atomic_methods` (in Nightly builds, run with -Z macro-backtrace for more info)
help: there is a config with a similar name and value
    |
518 -         #[cfg(target_has_atomic_primitive_alignment = $width)]
518 +         #[cfg(target_has_atomic_equal_alignment = $width)]
    |

warning: unexpected `cfg` condition name: `target_has_atomic_primitive_alignment`
   --> toolchain/verus-src/source/vstd/atomic.rs:531:15
    |
531 |         #[cfg(target_has_atomic_primitive_alignment = $width)]
    |               ^^^^^^^^^^^^^^^^^^^^^^^^^^^^^^^^^^^^^^^^^^^^^^
...
606 | ptr_atomic_methods!(PAtomicU16, AtomicU16, u16, "16");
    | ----------------------------------------------------- in this macro invocation
    |
    = help: consider using a Cargo feature instead
    = help: or consider adding in `Cargo.toml` the `check-cfg` lint config for the lint:
             [lints.rust]
             unexpected_cfgs = { level = "warn", check-cfg = ['cfg(target_has_atomic_primitive_alignment, values("16"))'] }
    = help: or consider adding `println!("cargo::rustc-check-cfg=cfg(target_has_atomic_primitive_alignment, values(\"16\"))");` to the top of the `build.rs`
    = note: see <https://doc.rust-lang.org/nightly/rustc/check-cfg/cargo-specifics.html> for more information about checking conditional configuration
    = note: this warning originates in the macro `ptr_atomic_methods` (in Nightly builds, run with -Z macro-backtrace for more info)
help: there is a config with a similar name and value
    |
531 -         #[cfg(target_has_atomic_primitive_alignment = $width)]
531 +         #[cfg(target_has_atomic_equal_alignment = $width)]
    |

warning: unexpected `cfg` condition name: `target_has_atomic_primitive_alignment`
   --> toolchain/verus-src/source/vstd/atomic.rs:518:15
    |
518 |         #[cfg(target_has_atomic_primitive_alignment = $width)]
    |               ^^^^^^^^^^^^^^^^^^^^^^^^^^^^^^^^^^^^^^^^^^^^^^
...
607 | ptr_atomic_methods!(PAtomicU8, AtomicU8, u8, "8");
    | ------------------------------------------------- in this macro invocation
    |
    = help: consider using a Cargo feature instead
    = help: or consider adding in `Cargo.toml` the `check-cfg` lint config for the lint:
             [lints.rust]
             unexpected_cfgs = { level = "warn", check-cfg = ['cfg(target_has_atomic_primitive_alignment, values("8"))'] }
    = help: or consider adding `println!("cargo::rustc-check-cfg=cfg(target_has_atomic_primitive_alignment, values(\"8\"))");` to the top of the `build.rs`
    = note: see <https://doc.rust-lang.org/nightly/rustc/check-cfg/cargo-specifics.html> for more information about checking conditional configuration
    = note: this warning originates in the macro `ptr_atomic_methods` (in Nightly builds, run with -Z macro-backtrace for more info)
help: there is a config with a similar name and value
    |
518 -         #[cfg(target_has_atomic_primitive_alignment = $width)]
518 +         #[cfg(target_has_atomic_equal_alignment = $width)]
    |

warning: unexpected `cfg` condition name: `target_has_atomic_primitive_alignment`
   --> toolchain/verus-src/source/vstd/atomic.rs:531:15
    |
531 |         #[cfg(target_has_atomic_primitive_alignment = $width)]
    |               ^^^^^^^^^^^^^^^^^^^^^^^^^^^^^^^^^^^^^^^^^^^^^^
...
607 | ptr_atomic_methods!(PAtomicU8, AtomicU8, u8, "8");
    | ------------------------------------------------- in this macro invocation
    |
    = help: consider using a Cargo feature instead
    = help: or consider adding in `Cargo.toml` the `check-cfg` lint config for the lint:
             [lints.rust]
             unexpected_cfgs = { level = "warn", check-cfg = ['cfg(target_has_atomic_primitive_alignment, values("8"))'] }
    = help: or consider adding `println!("cargo::rustc-check-cfg=cfg(target_has_atomic_primitive_alignment, values(\"8\"))");` to the top of the `build.rs`
    = note: see <https://doc.rust-lang.org/nightly/rustc/check-cfg/cargo-specifics.html> for more information about checking conditional configuration
    = note: this warning originates in the macro `ptr_atomic_methods` (in Nightly builds, run with -Z macro-backtrace for more info)
help: there is a config with a similar name and value
    |
531 -         #[cfg(target_has_atomic_primitive_alignment = $width)]
531 +         #[cfg(target_has_atomic_equal_alignment = $width)]
    |

warning: unexpected `cfg` condition name: `target_has_atomic_primitive_alignment`
   --> toolchain/verus-src/source/vstd/atomic.rs:518:15
    |
518 |         #[cfg(target_has_atomic_primitive_alignment = $width)]
    |               ^^^^^^^^^^^^^^^^^^^^^^^^^^^^^^^^^^^^^^^^^^^^^^
...
608 | ptr_atomic_methods!(PAtomicUsize, AtomicUsize, usize, "ptr");
    | ------------------------------------------------------------ in this macro invocation
    |
    = help: consider using a Cargo feature instead
    = help: or consider adding in `Cargo.toml` the `check-cfg` lint config for the lint:
             [lints.rust]
             unexpected_cfgs = { level = "warn", check-cfg = ['cfg(target_has_atomic_primitive_alignment, values("ptr"))'] }
    = help: or consider adding `println!("cargo::rustc-check-cfg=cfg(target_has_atomic_primitive_alignment, values(\"ptr\"))");` to the top of the `build.rs`
    = note: see <https://doc.rust-lang.org/nightly/rustc/check-cfg/cargo-specifics.html> for more information about checking conditional configuration
    = note: this warning originates in the macro `ptr_atomic_methods` (in Nightly builds, run with -Z macro-backtrace for more info)
help: there is a config with a similar name and value
    |
518 -         #[cfg(target_has_atomic_primitive_alignment = $width)]
518 +         #[cfg(target_has_atomic_equal_alignment = $width)]
    |

warning: unexpected `cfg` condition name: `target_has_atomic_primitive_alignment`
   --> toolchain/verus-src/source/vstd/atomic.rs:531:15
    |
531 |         #[cfg(target_has_atomic_primitive_alignment = $width)]
    |               ^^^^^^^^^^^^^^^^^^^^^^^^^^^^^^^^^^^^^^^^^^^^^^
...
608 | ptr_atomic_methods!(PAtomicUsize, AtomicUsize, usize, "ptr");
    | ------------------------------------------------------------ in this macro invocation
    |
    = help: consider using a Cargo feature instead
    = help: or consider adding in `Cargo.toml` the `check-cfg` lint config for the lint:
             [lints.rust]
             unexpected_cfgs = { level = "warn", check-cfg = ['cfg(target_has_atomic_primitive_alignment, values("ptr"))'] }
    = help: or consider adding `println!("cargo::rustc-check-cfg=cfg(target_has_atomic_primitive_alignment, values(\"ptr\"))");` to the top of the `build.rs`
    = note: see <https://doc.rust-lang.org/nightly/rustc/check-cfg/cargo-specifics.html> for more information about checking conditional configuration
    = note: this warning originates in the macro `ptr_atomic_methods` (in Nightly builds, run with -Z macro-backtrace for more info)
help: there is a config with a similar name and value
    |
531 -         #[cfg(target_has_atomic_primitive_alignment = $width)]
531 +         #[cfg(target_has_atomic_equal_alignment = $width)]
    |

warning: unexpected `cfg` condition name: `target_has_atomic_primitive_alignment`
   --> toolchain/verus-src/source/vstd/atomic.rs:518:15
    |
518 |         #[cfg(target_has_atomic_primitive_alignment = $width)]
    |               ^^^^^^^^^^^^^^^^^^^^^^^^^^^^^^^^^^^^^^^^^^^^^^
...
611 | ptr_atomic_methods!(PAtomicI64, AtomicI64, i64, "64");
    | ----------------------------------------------------- in this macro invocation
    |
    = help: consider using a Cargo feature instead
    = help: or consider adding in `Cargo.toml` the `check-cfg` lint config for the lint:
             [lints.rust]
             unexpected_cfgs = { level = "warn", check-cfg = ['cfg(target_has_atomic_primitive_alignment, values("64"))'] }
    = help: or consider adding `println!("cargo::rustc-check-cfg=cfg(target_has_atomic_primitive_alignment, values(\"64\"))");` to the top of the `build.rs`
    = note: see <https://doc.rust-lang.org/nightly/rustc/check-cfg/cargo-specifics.html> for more information about checking conditional configuration
    = note: this warning originates in the macro `ptr_atomic_methods` (in Nightly builds, run with -Z macro-backtrace for more info)
help: there is a config with a similar name and value
    |
518 -         #[cfg(target_has_atomic_primitive_alignment = $width)]
518 +         #[cfg(target_has_atomic_equal_alignment = $width)]
    |

warning: unexpected `cfg` condition name: `target_has_atomic_primitive_alignment`
   --> toolchain/verus-src/source/vstd/atomic.rs:531:15
    |
531 |         #[cfg(target_has_atomic_primitive_alignment = $width)]
    |               ^^^^^^^^^^^^^^^^^^^^^^^^^^^^^^^^^^^^^^^^^^^^^^
...
611 | ptr_atomic_methods!(PAtomicI64, AtomicI64, i64, "64");
    | ----------------------------------------------------- in this macro invocation
    |
    = help: consider using a Cargo feature instead
    = help: or consider adding in `Cargo.toml` the `check-cfg` lint config for the lint:
             [lints.rust]
             unexpected_cfgs = { level = "warn", check-cfg = ['cfg(target_has_atomic_primitive_alignment, values("64"))'] }
    = help: or consider adding `println!("cargo::rustc-check-cfg=cfg(target_has_atomic_primitive_alignment, values(\"64\"))");` to the top of the `build.rs`
    = note: see <https://doc.rust-lang.org/nightly/rustc/check-cfg/cargo-specifics.html> for more information about checking conditional configuration
    = note: this warning originates in the macro `ptr_atomic_methods` (in Nightly builds, run with -Z macro-backtrace for more info)
help: there is a config with a similar name and value
    |
531 -         #[cfg(target_has_atomic_primitive_alignment = $width)]
531 +         #[cfg(target_has_atomic_equal_alignment = $width)]
    |

warning: unexpected `cfg` condition name: `target_has_atomic_primitive_alignment`
   --> toolchain/verus-src/source/vstd/atomic.rs:518:15
    |
518 |         #[cfg(target_has_atomic_primitive_alignment = $width)]
    |               ^^^^^^^^^^^^^^^^^^^^^^^^^^^^^^^^^^^^^^^^^^^^^^
...
613 | ptr_atomic_methods!(PAtomicI32, AtomicI32, i32, "32");
    | ----------------------------------------------------- in this macro invocation
    |
    = help: consider using a Cargo feature instead
    = help: or consider adding in `Cargo.toml` the `check-cfg` lint config for the lint:
             [lints.rust]
             unexpected_cfgs = { level = "warn", check-cfg = ['cfg(target_has_atomic_primitive_alignment, values("32"))'] }
    = help: or consider adding `println!("cargo::rustc-check-cfg=cfg(target_has_atomic_primitive_alignment, values(\"32\"))");` to the top of the `build.rs`
    = note: see <https://doc.rust-lang.org/nightly/rustc/check-cfg/cargo-specifics.html> for more information about checking conditional configuration
    = note: this warning originates in the macro `ptr_atomic_methods` (in Nightly builds, run with -Z macro-backtrace for more info)
help: there is a config with a similar name and value
    |
518 -         #[cfg(target_has_atomic_primitive_alignment = $width)]
518 +         #[cfg(target_has_atomic_equal_alignment = $width)]
    |

warning: unexpected `cfg` condition name: `target_has_atomic_primitive_alignment`
   --> toolchain/verus-src/source/vstd/atomic.rs:531:15
    |
531 |         #[cfg(target_has_atomic_primitive_alignment = $width)]
    |               ^^^^^^^^^^^^^^^^^^^^^^^^^^^^^^^^^^^^^^^^^^^^^^
...
613 | ptr_atomic_methods!(PAtomicI32, AtomicI32, i32, "32");
    | ----------------------------------------------------- in this macro invocation
    |
    = help: consider using a Cargo feature instead
    = help: or consider adding in `Cargo.toml` the `check-cfg` lint config for the lint:
             [lints.rust]
             unexpected_cfgs = { level = "warn", check-cfg = ['cfg(target_has_atomic_primitive_alignment, values("32"))'] }
    = help: or consider adding `println!("cargo::rustc-check-cfg=cfg(target_has_atomic_primitive_alignment, values(\"32\"))");` to the top of the `build.rs`
    = note: see <https://doc.rust-lang.org/nightly/rustc/check-cfg/cargo-specifics.html> for more information about checking conditional configuration
    = note: this warning originates in the macro `ptr_atomic_methods` (in Nightly builds, run with -Z macro-backtrace for more info)
help: there is a config with a similar name and value
    |
531 -         #[cfg(target_has_atomic_primitive_alignment = $width)]
531 +         #[cfg(target_has_atomic_equal_alignment = $width)]
    |

warning: unexpected `cfg` condition name: `target_has_atomic_primitive_alignment`
   --> toolchain/verus-src/source/vstd/atomic.rs:518:15
    |
518 |         #[cfg(target_has_atomic_primitive_alignment = $width)]
    |               ^^^^^^^^^^^^^^^^^^^^^^^^^^^^^^^^^^^^^^^^^^^^^^
...
614 | ptr_atomic_methods!(PAtomicI16, AtomicI16, i16, "16");
    | ----------------------------------------------------- in this macro invocation
    |
    = help: consider using a Cargo feature instead
    = help: or consider adding in `Cargo.toml` the `check-cfg` lint config for the lint:
             [lints.rust]
             unexpected_cfgs = { level = "warn", check-cfg = ['cfg(target_has_atomic_primitive_alignment, values("16"))'] }
    = help: or consider adding `println!("cargo::rustc-check-cfg=cfg(target_has_atomic_primitive_alignment, values(\"16\"))");` to the top of the `build.rs`
    = note: see <https://doc.rust-lang.org/nightly/rustc/check-cfg/cargo-specifics.html> for more information about checking conditional configuration
    = note: this warning originates in the macro `ptr_atomic_methods` (in Nightly builds, run with -Z macro-backtrace for more info)
help: there is a config with a similar name and value
    |
518 -         #[cfg(target_has_atomic_primitive_alignment = $width)]
518 +         #[cfg(target_has_atomic_equal_alignment = $width)]
    |

warning: unexpected `cfg` condition name: `target_has_atomic_primitive_alignment`
   --> toolchain/verus-src/source/vstd/atomic.rs:531:15
    |
531 |         #[cfg(target_has_atomic_primitive_alignment = $width)]
    |               ^^^^^^^^^^^^^^^^^^^^^^^^^^^^^^^^^^^^^^^^^^^^^^
...
614 | ptr_atomic_methods!(PAtomicI16, AtomicI16, i16, "16");
    | ----------------------------------------------------- in this macro invocation
    |
    = help: consider using a Cargo feature instead
    = help: or consider adding in `Cargo.toml` the `check-cfg` lint config for the lint:
             [lints.rust]
             unexpected_cfgs = { level = "warn", check-cfg = ['cfg(target_has_atomic_primitive_alignment, values("16"))'] }
    = help: or consider adding `println!("cargo::rustc-check-cfg=cfg(target_has_atomic_primitive_alignment, values(\"16\"))");` to the top of the `build.rs`
    = note: see <https://doc.rust-lang.org/nightly/rustc/check-cfg/cargo-specifics.html> for more information about checking conditional configuration
    = note: this warning originates in the macro `ptr_atomic_methods` (in Nightly builds, run with -Z macro-backtrace for more info)
help: there is a config with a similar name and value
    |
531 -         #[cfg(target_has_atomic_primitive_alignment = $width)]
531 +         #[cfg(target_has_atomic_equal_alignment = $width)]
    |

warning: unexpected `cfg` condition name: `target_has_atomic_primitive_alignment`
   --> toolchain/verus-src/source/vstd/atomic.rs:518:15
    |
518 |         #[cfg(target_has_atomic_primitive_alignment = $width)]
    |               ^^^^^^^^^^^^^^^^^^^^^^^^^^^^^^^^^^^^^^^^^^^^^^
...
615 | ptr_atomic_methods!(PAtomicI8, AtomicI8, i8, "8");
    | ------------------------------------------------- in this macro invocation
    |
    = help: consider using a Cargo feature instead
    = help: or consider adding in `Cargo.toml` the `check-cfg` lint config for the lint:
             [lints.rust]
             unexpected_cfgs = { level = "warn", check-cfg = ['cfg(target_has_atomic_primitive_alignment, values("8"))'] }
    = help: or consider adding `println!("cargo::rustc-check-cfg=cfg(target_has_atomic_primitive_alignment, values(\"8\"))");` to the top of the `build.rs`
    = note: see <https://doc.rust-lang.org/nightly/rustc/check-cfg/cargo-specifics.html> for more information about checking conditional configuration
    = note: this warning originates in the macro `ptr_atomic_methods` (in Nightly builds, run with -Z macro-backtrace for more info)
help: there is a config with a similar name and value
    |
518 -         #[cfg(target_has_atomic_primitive_alignment = $width)]
518 +         #[cfg(target_has_atomic_equal_alignment = $width)]
    |

warning: unexpected `cfg` condition name: `target_has_atomic_primitive_alignment`
   --> toolchain/verus-src/source/vstd/atomic.rs:531:15
    |
531 |         #[cfg(target_has_atomic_primitive_alignment = $width)]
    |               ^^^^^^^^^^^^^^^^^^^^^^^^^^^^^^^^^^^^^^^^^^^^^^
...
615 | ptr_atomic_methods!(PAtomicI8, AtomicI8, i8, "8");
    | ------------------------------------------------- in this macro invocation
    |
    = help: consider using a Cargo feature instead
    = help: or consider adding in `Cargo.toml` the `check-cfg` lint config for the lint:
             [lints.rust]
             unexpected_cfgs = { level = "warn", check-cfg = ['cfg(target_has_atomic_primitive_alignment, values("8"))'] }
    = help: or consider adding `println!("cargo::rustc-check-cfg=cfg(target_has_atomic_primitive_alignment, values(\"8\"))");` to the top of the `build.rs`
    = note: see <https://doc.rust-lang.org/nightly/rustc/check-cfg/cargo-specifics.html> for more information about checking conditional configuration
    = note: this warning originates in the macro `ptr_atomic_methods` (in Nightly builds, run with -Z macro-backtrace for more info)
help: there is a config with a similar name and value
    |
531 -         #[cfg(target_has_atomic_primitive_alignment = $width)]
531 +         #[cfg(target_has_atomic_equal_alignment = $width)]
    |

warning: unexpected `cfg` condition name: `target_has_atomic_primitive_alignment`
   --> toolchain/verus-src/source/vstd/atomic.rs:518:15
    |
518 |         #[cfg(target_has_atomic_primitive_alignment = $width)]
    |               ^^^^^^^^^^^^^^^^^^^^^^^^^^^^^^^^^^^^^^^^^^^^^^
...
616 | ptr_atomic_methods!(PAtomicIsize, AtomicIsize, isize, "ptr");
    | ------------------------------------------------------------ in this macro invocation
    |
    = help: consider using a Cargo feature instead
    = help: or consider adding in `Cargo.toml` the `check-cfg` lint config for the lint:
             [lints.rust]
             unexpected_cfgs = { level = "warn", check-cfg = ['cfg(target_has_atomic_primitive_alignment, values("ptr"))'] }
    = help: or consider adding `println!("cargo::rustc-check-cfg=cfg(target_has_atomic_primitive_alignment, values(\"ptr\"))");` to the top of the `build.rs`
    = note: see <https://doc.rust-lang.org/nightly/rustc/check-cfg/cargo-specifics.html> for more information about checking conditional configuration
    = note: this warning originates in the macro `ptr_atomic_methods` (in Nightly builds, run with -Z macro-backtrace for more info)
help: there is a config with a similar name and value
    |
518 -         #[cfg(target_has_atomic_primitive_alignment = $width)]
518 +         #[cfg(target_has_atomic_equal_alignment = $width)]
    |

warning: unexpected `cfg` condition name: `target_has_atomic_primitive_alignment`
   --> toolchain/verus-src/source/vstd/atomic.rs:531:15
    |
531 |         #[cfg(target_has_atomic_primitive_alignment = $width)]
    |               ^^^^^^^^^^^^^^^^^^^^^^^^^^^^^^^^^^^^^^^^^^^^^^
...
616 | ptr_atomic_methods!(PAtomicIsize, AtomicIsize, isize, "ptr");
    | ------------------------------------------------------------ in this macro invocation
    |
    = help: consider using a Cargo feature instead
    = help: or consider adding in `Cargo.toml` the `check-cfg` lint config for the lint:
             [lints.rust]
             unexpected_cfgs = { level = "warn", check-cfg = ['cfg(target_has_atomic_primitive_alignment, values("ptr"))'] }
    = help: or consider adding `println!("cargo::rustc-check-cfg=cfg(target_has_atomic_primitive_alignment, values(\"ptr\"))");` to the top of the `build.rs`
    = note: see <https://doc.rust-lang.org/nightly/rustc/check-cfg/cargo-specifics.html> for more information about checking conditional configuration
    = note: this warning originates in the macro `ptr_atomic_methods` (in Nightly builds, run with -Z macro-backtrace for more info)
help: there is a config with a similar name and value
    |
531 -         #[cfg(target_has_atomic_primitive_alignment = $width)]
531 +         #[cfg(target_has_atomic_equal_alignment = $width)]
    |

warning: `vstd` (lib) generated 20 warnings
    Checking pal v0.0.0 (/home/ruize/openvmm-restore-v1/support/pal)
    Checking hvdef v0.0.0 (/home/ruize/openvmm-restore-v1/vm/hv1/hvdef)
    Checking tracelimit v0.0.0 (/home/ruize/openvmm-restore-v1/support/tracelimit)
    Checking trycopy v0.0.0 (/home/ruize/openvmm-restore-v1/support/trycopy)
   Compiling tdisp_proto v0.0.0 (/home/ruize/openvmm-restore-v1/vm/devices/tdisp_proto)
    Checking sparse_mmap v0.0.0 (/home/ruize/openvmm-restore-v1/support/sparse_mmap)
    Checking safeatomic v0.0.0 (/home/ruize/openvmm-restore-v1/support/safeatomic)
    Checking x86defs v0.0.0 (/home/ruize/openvmm-restore-v1/vm/x86/x86defs)
   Compiling vm_topology v0.0.0 (/home/ruize/openvmm-restore-v1/vm/vmcore/vm_topology)
    Checking mesh_node v0.0.0 (/home/ruize/openvmm-restore-v1/support/mesh/mesh_node)
    Checking pal_event v0.0.0 (/home/ruize/openvmm-restore-v1/support/pal/pal_event)
    Checking pal_async v0.0.0 (/home/ruize/openvmm-restore-v1/support/pal/pal_async)
    Checking mesh_channel_core v0.0.0 (/home/ruize/openvmm-restore-v1/support/mesh/mesh_channel_core)
    Checking mesh_channel v0.0.0 (/home/ruize/openvmm-restore-v1/support/mesh/mesh_channel)
    Checking aarch64defs v0.0.0 (/home/ruize/openvmm-restore-v1/vm/aarch64/aarch64defs)
    Checking mesh v0.0.0 (/home/ruize/openvmm-restore-v1/support/mesh)
    Checking inspect v0.0.0 (/home/ruize/openvmm-restore-v1/support/inspect)
    Checking vm_resource v0.0.0 (/home/ruize/openvmm-restore-v1/vm/vmcore/vm_resource)
    Checking guestmem v0.0.0 (/home/ruize/openvmm-restore-v1/vm/vmcore/guestmem)
    Checking guid v0.0.0 (/home/ruize/openvmm-restore-v1/support/guid)
    Checking tdisp v0.0.0 (/home/ruize/openvmm-restore-v1/vm/devices/tdisp)
    Checking memory_range v0.0.0 (/home/ruize/openvmm-restore-v1/vm/vmcore/memory_range)
    Checking inspect_counters v0.0.0 (/home/ruize/openvmm-restore-v1/support/inspect_counters)
    Checking scsi_buffers v0.0.0 (/home/ruize/openvmm-restore-v1/vm/devices/storage/scsi_buffers)
   Compiling virt v0.0.0 (/home/ruize/openvmm-restore-v1/vmm_core/virt)
    Checking task_control v0.0.0 (/home/ruize/openvmm-restore-v1/support/task_control)
    Checking cvm_tracing v0.0.0 (/home/ruize/openvmm-restore-v1/vm/cvm_tracing)
    Checking local_clock v0.0.0 (/home/ruize/openvmm-restore-v1/support/local_clock)
    Checking scsi_defs v0.0.0 (/home/ruize/openvmm-restore-v1/vm/devices/storage/scsi_defs)
    Checking chipset_resources v0.0.0 (/home/ruize/openvmm-restore-v1/vm/devices/chipset_resources)
    Checking ucs2 v0.0.0 (/home/ruize/openvmm-restore-v1/support/ucs2)
    Checking uefi_specs v0.0.0 (/home/ruize/openvmm-restore-v1/vm/devices/firmware/uefi_specs)
    Checking vmgs_format v0.0.0 (/home/ruize/openvmm-restore-v1/vm/vmgs/vmgs_format)
    Checking input_core v0.0.0 (/home/ruize/openvmm-restore-v1/vm/devices/input_core)
    Checking serial_core v0.0.0 (/home/ruize/openvmm-restore-v1/vm/devices/serial/serial_core)
    Checking power_resources v0.0.0 (/home/ruize/openvmm-restore-v1/vm/power_resources)
    Checking video_core v0.0.0 (/home/ruize/openvmm-restore-v1/vm/devices/video_core)
    Checking tracing_helpers v0.0.0 (/home/ruize/openvmm-restore-v1/support/tracing_helpers)
    Checking vmbus_ring v0.0.0 (/home/ruize/openvmm-restore-v1/vm/devices/vmbus/vmbus_ring)
    Checking missing_dev_resources v0.0.0 (/home/ruize/openvmm-restore-v1/vm/devices/missing_dev_resources)
    Checking ide_resources v0.0.0 (/home/ruize/openvmm-restore-v1/vm/devices/storage/ide_resources)
    Checking vmgs_resources v0.0.0 (/home/ruize/openvmm-restore-v1/vm/vmgs/vmgs_resources)
    Checking mesh_worker v0.0.0 (/home/ruize/openvmm-restore-v1/support/mesh/mesh_worker)
    Checking net_backend_resources v0.0.0 (/home/ruize/openvmm-restore-v1/vm/devices/net/net_backend_resources)
    Checking vmcore v0.0.0 (/home/ruize/openvmm-restore-v1/vm/vmcore)
    Checking vmbus_core v0.0.0 (/home/ruize/openvmm-restore-v1/vm/devices/vmbus/vmbus_core)
warning: unexpected `cfg` condition name: `verus_keep_ghost`
  --> vm/vmcore/src/vmtime.rs:54:7
   |
54 | #[cfg(verus_keep_ghost)]
   |       ^^^^^^^^^^^^^^^^
   |
   = help: expected names are: `docsrs`, `feature`, `test`, and `trick_rust_analyzer_into_highlighting_interpolated_bits` and 31 more
   = help: consider using a Cargo feature instead
   = help: or consider adding in `Cargo.toml` the `check-cfg` lint config for the lint:
            [lints.rust]
            unexpected_cfgs = { level = "warn", check-cfg = ['cfg(verus_keep_ghost)'] }
   = help: or consider adding `println!("cargo::rustc-check-cfg=cfg(verus_keep_ghost)");` to the top of the `build.rs`
   = note: see <https://doc.rust-lang.org/nightly/rustc/check-cfg/cargo-specifics.html> for more information about checking conditional configuration
   = note: requested on the command line with `-W unexpected-cfgs`

warning: unexpected `cfg` condition name: `verus_keep_ghost`
  --> vm/vmcore/src/vmtime.rs:58:7
   |
58 | #[cfg(verus_keep_ghost)]
   |       ^^^^^^^^^^^^^^^^
   |
   = help: consider using a Cargo feature instead
   = help: or consider adding in `Cargo.toml` the `check-cfg` lint config for the lint:
            [lints.rust]
            unexpected_cfgs = { level = "warn", check-cfg = ['cfg(verus_keep_ghost)'] }
   = help: or consider adding `println!("cargo::rustc-check-cfg=cfg(verus_keep_ghost)");` to the top of the `build.rs`
   = note: see <https://doc.rust-lang.org/nightly/rustc/check-cfg/cargo-specifics.html> for more information about checking conditional configuration

    Checking address_filter v0.0.0 (/home/ruize/openvmm-restore-v1/support/address_filter)
warning: crypto@0.0.0: No or multiple crypto backends enabled. This may cause a link-time error.
    Checking openssl_kdf v0.0.0 (/home/ruize/openvmm-restore-v1/support/openssl_kdf)
    Checking resource_dll_parser v0.0.0 (/home/ruize/openvmm-restore-v1/support/resource_dll_parser)
    Checking hcl_compat_uefi_nvram_resources v0.0.0 (/home/ruize/openvmm-restore-v1/vm/devices/firmware/hcl_compat_uefi_nvram_resources)
    Checking openvmm_pcat_locator v0.0.0 (/home/ruize/openvmm-restore-v1/openvmm/openvmm_pcat_locator)
    Checking crypto v0.0.0 (/home/ruize/openvmm-restore-v1/support/crypto)
    Checking loader_defs v0.0.0 (/home/ruize/openvmm-restore-v1/vm/loader/loader_defs)
    Checking get_resources v0.0.0 (/home/ruize/openvmm-restore-v1/vm/devices/get/get_resources)
    Checking firmware_uefi_custom_vars v0.0.0 (/home/ruize/openvmm-restore-v1/vm/devices/firmware/firmware_uefi_custom_vars)
warning: `vmcore` (lib) generated 2 warnings
    Checking chipset_device v0.0.0 (/home/ruize/openvmm-restore-v1/vm/chipset_device)
    Checking disk_backend v0.0.0 (/home/ruize/openvmm-restore-v1/vm/devices/storage/disk_backend)
    Checking scsi_core v0.0.0 (/home/ruize/openvmm-restore-v1/vm/devices/storage/scsi_core)
    Checking pci_core v0.0.0 (/home/ruize/openvmm-restore-v1/vm/devices/pci/pci_core)
    Checking chipset_device_resources v0.0.0 (/home/ruize/openvmm-restore-v1/vm/chipset_device_resources)
    Checking floppy v0.0.0 (/home/ruize/openvmm-restore-v1/vm/devices/storage/floppy)
    Checking chipset v0.0.0 (/home/ruize/openvmm-restore-v1/vm/devices/chipset)
    Checking floppy_pcat_stub v0.0.0 (/home/ruize/openvmm-restore-v1/vm/devices/storage/floppy_pcat_stub)
    Checking framebuffer v0.0.0 (/home/ruize/openvmm-restore-v1/vm/devices/framebuffer)
    Checking generation_id v0.0.0 (/home/ruize/openvmm-restore-v1/vm/devices/firmware/generation_id)
    Checking state_unit v0.0.0 (/home/ruize/openvmm-restore-v1/vmm_core/state_unit)
    Checking vmbus_channel v0.0.0 (/home/ruize/openvmm-restore-v1/vm/devices/vmbus/vmbus_channel)
    Checking watchdog_vmgs_format v0.0.0 (/home/ruize/openvmm-restore-v1/vm/devices/watchdog/watchdog_vmgs_format)
    Checking uefi_nvram_storage v0.0.0 (/home/ruize/openvmm-restore-v1/vm/devices/firmware/uefi_nvram_storage)
    Checking product_policy v0.0.0 (/home/ruize/openvmm-restore-v1/openhcl/product_policy)
    Checking hvs_file v0.0.0 (/home/ruize/openvmm-restore-v1/support/hvs_file)
    Checking pci_resources v0.0.0 (/home/ruize/openvmm-restore-v1/vm/devices/pci/pci_resources)
    Checking pci_bus v0.0.0 (/home/ruize/openvmm-restore-v1/vm/devices/pci/pci_bus)
    Checking cxl_spec v0.0.0 (/home/ruize/openvmm-restore-v1/vm/devices/cxl)
    Checking vga v0.0.0 (/home/ruize/openvmm-restore-v1/vm/devices/vga)
    Checking ide v0.0.0 (/home/ruize/openvmm-restore-v1/vm/devices/storage/ide)
    Checking chipset_legacy v0.0.0 (/home/ruize/openvmm-restore-v1/vm/devices/chipset_legacy)
    Checking missing_dev v0.0.0 (/home/ruize/openvmm-restore-v1/vm/devices/missing_dev)
    Checking vmbus_async v0.0.0 (/home/ruize/openvmm-restore-v1/vm/devices/vmbus/vmbus_async)
    Checking iommu_common v0.0.0 (/home/ruize/openvmm-restore-v1/vm/devices/iommu/iommu_common)
    Checking pcie v0.0.0 (/home/ruize/openvmm-restore-v1/vm/devices/pci/pcie)
warning: unexpected `cfg` condition name: `verus_keep_ghost`
  --> vm/vmcore/vm_topology/src/processor.rs:25:7
   |
25 | #[cfg(verus_keep_ghost)]
   |       ^^^^^^^^^^^^^^^^
   |
   = help: expected names are: `docsrs`, `feature`, `guest_arch`, `guest_is_native`, `test`, and `trick_rust_analyzer_into_highlighting_interpolated_bits` and 31 more
   = help: consider using a Cargo feature instead
   = help: or consider adding in `Cargo.toml` the `check-cfg` lint config for the lint:
            [lints.rust]
            unexpected_cfgs = { level = "warn", check-cfg = ['cfg(verus_keep_ghost)'] }
   = help: or consider adding `println!("cargo::rustc-check-cfg=cfg(verus_keep_ghost)");` to the top of the `build.rs`
   = note: see <https://doc.rust-lang.org/nightly/rustc/check-cfg/cargo-specifics.html> for more information about checking conditional configuration
   = note: requested on the command line with `-W unexpected-cfgs`

warning: `vm_topology` (lib) generated 1 warning
    Checking firmware_pcat v0.0.0 (/home/ruize/openvmm-restore-v1/vm/devices/firmware/firmware_pcat)
    Checking vpci_protocol v0.0.0 (/home/ruize/openvmm-restore-v1/vm/devices/pci/vpci_protocol)
    Checking hybrid_vsock v0.0.0 (/home/ruize/openvmm-restore-v1/support/hybrid_vsock)
    Checking hypervisor_resources v0.0.0 (/home/ruize/openvmm-restore-v1/openvmm/hypervisor_resources)
    Checking floppy_resources v0.0.0 (/home/ruize/openvmm-restore-v1/vm/devices/storage/floppy_resources)
    Checking storage_string v0.0.0 (/home/ruize/openvmm-restore-v1/vm/devices/storage/storage_string)
   Compiling vmm_core v0.0.0 (/home/ruize/openvmm-restore-v1/vmm_core)
    Checking page_table v0.0.0 (/home/ruize/openvmm-restore-v1/vm/loader/page_table)
    Checking vmotherboard v0.0.0 (/home/ruize/openvmm-restore-v1/vmm_core/vmotherboard)
    Checking acpi_spec v0.0.0 (/home/ruize/openvmm-restore-v1/vm/acpi_spec)
    Checking vfio_sys v0.0.0 (/home/ruize/openvmm-restore-v1/vm/devices/user_driver/vfio_sys)
    Checking loader v0.0.0 (/home/ruize/openvmm-restore-v1/vm/loader)
    Checking scsidisk_resources v0.0.0 (/home/ruize/openvmm-restore-v1/vm/devices/storage/scsidisk_resources)
    Checking vmm_core_defs v0.0.0 (/home/ruize/openvmm-restore-v1/vmm_core/vmm_core_defs)
    Checking hyperv_dump v0.0.0 (/home/ruize/openvmm-restore-v1/vmm_core/hyperv_dump)
    Checking acpi v0.0.0 (/home/ruize/openvmm-restore-v1/vm/acpi)
    Checking membacking v0.0.0 (/home/ruize/openvmm-restore-v1/openvmm/membacking)
    Checking vpci v0.0.0 (/home/ruize/openvmm-restore-v1/vm/devices/pci/vpci)
    Checking vmbus_server v0.0.0 (/home/ruize/openvmm-restore-v1/vm/devices/vmbus/vmbus_server)
    Checking hcl_compat_uefi_nvram_storage v0.0.0 (/home/ruize/openvmm-restore-v1/vm/devices/firmware/hcl_compat_uefi_nvram_storage)
    Checking watchdog_core v0.0.0 (/home/ruize/openvmm-restore-v1/vm/devices/watchdog/watchdog_core)
    Checking vmgs v0.0.0 (/home/ruize/openvmm-restore-v1/vm/vmgs/vmgs)
    Checking hyperv_secure_boot_templates v0.0.0 (/home/ruize/openvmm-restore-v1/vm/devices/firmware/hyperv_secure_boot_templates)
    Checking virtio_resources v0.0.0 (/home/ruize/openvmm-restore-v1/vm/devices/virtio/virtio_resources)
    Checking chipset_device_worker_defs v0.0.0 (/home/ruize/openvmm-restore-v1/workers/chipset_device_worker_defs)
    Checking vfio_assigned_device_resources v0.0.0 (/home/ruize/openvmm-restore-v1/vm/devices/pci/vfio_assigned_device_resources)
    Checking virtio_spec v0.0.0 (/home/ruize/openvmm-restore-v1/vm/devices/virtio/virtio_spec)
   Compiling openvmm_core v0.0.0 (/home/ruize/openvmm-restore-v1/openvmm/openvmm_core)
    Checking cache_topology v0.0.0 (/home/ruize/openvmm-restore-v1/support/cache_topology)
    Checking vmgs_broker v0.0.0 (/home/ruize/openvmm-restore-v1/vm/vmgs/vmgs_broker)
    Checking virtio v0.0.0 (/home/ruize/openvmm-restore-v1/vm/devices/virtio/virtio)
    Checking vfio_assigned_device v0.0.0 (/home/ruize/openvmm-restore-v1/vm/devices/pci/vfio_assigned_device)
    Checking chipset_device_worker v0.0.0 (/home/ruize/openvmm-restore-v1/workers/chipset_device_worker)
    Checking firmware_uefi_resources v0.0.0 (/home/ruize/openvmm-restore-v1/vm/devices/firmware/firmware_uefi_resources)
    Checking vm_loader v0.0.0 (/home/ruize/openvmm-restore-v1/vmm_core/vm_loader)
    Checking openvmm_defs v0.0.0 (/home/ruize/openvmm-restore-v1/openvmm/openvmm_defs)
    Checking scsidisk v0.0.0 (/home/ruize/openvmm-restore-v1/vm/devices/storage/scsidisk)
    Checking smmu v0.0.0 (/home/ruize/openvmm-restore-v1/vm/devices/iommu/smmu)
warning: unexpected `cfg` condition name: `verus_keep_ghost`
  --> openvmm/openvmm_defs/src/worker.rs:18:7
   |
18 | #[cfg(verus_keep_ghost)]
   |       ^^^^^^^^^^^^^^^^
   |
   = help: expected names are: `docsrs`, `feature`, `test`, and `trick_rust_analyzer_into_highlighting_interpolated_bits` and 31 more
   = help: consider using a Cargo feature instead
   = help: or consider adding in `Cargo.toml` the `check-cfg` lint config for the lint:
            [lints.rust]
            unexpected_cfgs = { level = "warn", check-cfg = ['cfg(verus_keep_ghost)'] }
   = help: or consider adding `println!("cargo::rustc-check-cfg=cfg(verus_keep_ghost)");` to the top of the `build.rs`
   = note: see <https://doc.rust-lang.org/nightly/rustc/check-cfg/cargo-specifics.html> for more information about checking conditional configuration
   = note: requested on the command line with `-W unexpected-cfgs`

warning: `openvmm_defs` (lib) generated 1 warning
    Checking amd_iommu v0.0.0 (/home/ruize/openvmm-restore-v1/vm/devices/iommu/amd_iommu)
    Checking intel_vtd v0.0.0 (/home/ruize/openvmm-restore-v1/vm/devices/iommu/intel_vtd)
    Checking pci_resource_assignment v0.0.0 (/home/ruize/openvmm-restore-v1/vm/devices/pci/pci_resource_assignment)
    Checking serial_16550_resources v0.0.0 (/home/ruize/openvmm-restore-v1/vm/devices/serial/serial_16550_resources)
    Checking fdt v0.0.0 (/home/ruize/openvmm-restore-v1/support/fdt)
 Documenting openvmm_defs v0.0.0 (/home/ruize/openvmm-restore-v1/openvmm/openvmm_defs)
 Documenting state_unit v0.0.0 (/home/ruize/openvmm-restore-v1/vmm_core/state_unit)
 Documenting openvmm_core v0.0.0 (/home/ruize/openvmm-restore-v1/openvmm/openvmm_core)
warning: `openvmm_defs` (lib doc) generated 1 warning (1 duplicate)
    Finished `dev` profile [unoptimized + debuginfo] target(s) in 12.22s
   Generated /home/ruize/openvmm-restore-v1/target/doc/openvmm_core/index.html and 2 other files
