WARNING: You asked for verification, but cargo did not find any crates that opted into verification.
         If this is unexpected, try adding this entry to your Cargo.toml file:
            [package.metadata.verus]
            verify = true
    Checking pin-project-lite v0.2.16
    Checking libc v0.2.184
   Compiling verus_syn v0.0.0-2026-09-06-0133 (/home/ruize/openvmm-restore-v1/toolchain/verus-src/dependencies/syn)
    Checking futures-core v0.3.31
   Compiling verus_prettyplease v0.0.0-2026-09-06-0133 (/home/ruize/openvmm-restore-v1/toolchain/verus-src/dependencies/prettyplease)
    Checking cfg-if v1.0.3
    Checking futures-io v0.3.31
    Checking smallvec v1.15.1
    Checking once_cell v1.21.3
   Compiling vstd v0.0.0-2026-09-16-0054 (/home/ruize/openvmm-restore-v1/toolchain/verus-src/source/vstd)
    Checking slab v0.4.11
    Checking futures-sink v0.3.31
    Checking memchr v2.7.5
    Checking futures-task v0.3.31
    Checking pin-utils v0.1.0
    Checking verus_builtin v0.0.0-2026-09-16-0054 (/home/ruize/openvmm-restore-v1/toolchain/verus-src/source/builtin)
    Checking scopeguard v1.2.0
   Compiling mesh_protobuf v0.0.0 (/home/ruize/openvmm-restore-v1/support/mesh/mesh_protobuf)
    Checking heck v0.5.0
    Checking open_enum v0.0.0 (/home/ruize/openvmm-restore-v1/support/open_enum)
    Checking parking v2.2.1
    Checking cordyceps v0.3.4
    Checking fastrand v2.3.0
    Checking diatomic-waker v0.2.3
    Checking bitflags v2.9.3
    Checking spin v0.10.0
   Compiling pal_async_test v0.0.0 (/home/ruize/openvmm-restore-v1/support/pal/pal_async_test)
    Checking async-task v4.7.1
    Checking fixedbitset v0.5.7
    Checking loan_cell v0.0.0 (/home/ruize/openvmm-restore-v1/support/loan_cell)
    Checking static_assertions v1.1.0
   Compiling save_restore_derive v0.0.0 (/home/ruize/openvmm-restore-v1/vm/vmcore/save_restore_derive)
    Checking jiff v0.2.15
   Compiling mesh_derive v0.0.0 (/home/ruize/openvmm-restore-v1/support/mesh/mesh_derive)
    Checking enumflags2 v0.7.12
   Compiling inspect_derive v0.0.0 (/home/ruize/openvmm-restore-v1/support/inspect_derive)
    Checking pin-project v1.1.10
    Checking thiserror v2.0.16
    Checking zerocopy v0.8.27
    Checking crossbeam-utils v0.8.21
    Checking thiserror v1.0.69
    Checking smallbox v0.8.8
    Checking anyhow v1.0.99
    Checking fs-err v3.1.1
    Checking futures-channel v0.3.31
    Checking lock_api v0.4.13
    Checking linkme v0.3.33
warning: negative impls are experimental
   --> /home/ruize/openvmm-restore-v1/toolchain/verus-src/source/builtin/src/lib.rs:889:6
    |
889 | impl !Copy for NoCopy {}
    |      ^
    |
    = note: see issue #68318 <https://github.com/rust-lang/rust/issues/68318> for more information
    = help: add `#![feature(negative_impls)]` to the crate attributes to enable
    = note: this compiler was built on 2026-09-01; consider upgrading it if it is out of date
    = warning: unstable syntax can change at any point in the future, causing a hard error!
    = note: for more information, see issue #154045 <https://github.com/rust-lang/rust/issues/154045>

warning: negative impls are experimental
   --> /home/ruize/openvmm-restore-v1/toolchain/verus-src/source/builtin/src/lib.rs:895:6
    |
895 | impl !Sync for NoSyncSend {}
    |      ^
    |
    = note: see issue #68318 <https://github.com/rust-lang/rust/issues/68318> for more information
    = help: add `#![feature(negative_impls)]` to the crate attributes to enable
    = note: this compiler was built on 2026-09-01; consider upgrading it if it is out of date
    = warning: unstable syntax can change at any point in the future, causing a hard error!
    = note: for more information, see issue #154045 <https://github.com/rust-lang/rust/issues/154045>

warning: negative impls are experimental
   --> /home/ruize/openvmm-restore-v1/toolchain/verus-src/source/builtin/src/lib.rs:897:6
    |
897 | impl !Send for NoSyncSend {}
    |      ^
    |
    = note: see issue #68318 <https://github.com/rust-lang/rust/issues/68318> for more information
    = help: add `#![feature(negative_impls)]` to the crate attributes to enable
    = note: this compiler was built on 2026-09-01; consider upgrading it if it is out of date
    = warning: unstable syntax can change at any point in the future, causing a hard error!
    = note: for more information, see issue #154045 <https://github.com/rust-lang/rust/issues/154045>

warning: `verus_builtin` (lib) generated 3 warnings
    Checking tracing-core v0.1.35
    Checking futures-lite v2.6.1
    Checking futures-buffered v0.2.12
    Checking concurrent-queue v2.5.0
    Checking futures-util v0.3.31
    Checking tracing v0.1.43
    Checking event-listener v5.4.1
    Checking event-listener-strategy v0.5.4
    Checking async-channel v2.5.0
    Checking futures-concurrency v7.6.3
    Checking parking_lot_core v0.9.11
    Checking getrandom v0.4.2
    Checking landlock v0.4.2
    Checking caps v0.5.5
    Checking seccompiler v0.5.0
    Checking socket2 v0.6.0
    Checking unix_socket v0.0.0 (/home/ruize/openvmm-restore-v1/support/unix_socket)
    Checking io-uring v0.7.11
    Checking parking_lot v0.12.4
    Checking pal v0.0.0 (/home/ruize/openvmm-restore-v1/support/pal)
    Checking tracelimit v0.0.0 (/home/ruize/openvmm-restore-v1/support/tracelimit)
    Checking hvdef v0.0.0 (/home/ruize/openvmm-restore-v1/vm/hv1/hvdef)
    Checking futures-executor v0.3.31
    Checking futures v0.3.31
   Compiling verus_state_machines_macros v0.0.0-2026-09-06-0133 (/home/ruize/openvmm-restore-v1/toolchain/verus-src/source/state_machines_macros)
   Compiling verus_builtin_macros v0.0.0-2026-09-06-0133 (/home/ruize/openvmm-restore-v1/toolchain/verus-src/source/builtin_macros)
warning: unused variable: `perm`
   --> /home/ruize/openvmm-restore-v1/toolchain/verus-src/source/vstd/atomic.rs:563:51
    |
563 |         pub fn from_ptr_load(ptr: *mut $value_ty, perm: Tracked<&PointsTo<$value_ty>>) -> (ret: $value_ty)
    |                                                   ^^^^
...
603 | ptr_atomic_methods!(PAtomicU64, AtomicU64, u64, "64");
    | ----------------------------------------------------- in this macro invocation
    |
help: `perm` is captured in macro and introduced a unused variable
   --> /home/ruize/openvmm-restore-v1/toolchain/verus-src/source/vstd/atomic.rs:563:51
    |
563 |         pub fn from_ptr_load(ptr: *mut $value_ty, perm: Tracked<&PointsTo<$value_ty>>) -> (ret: $value_ty)
    |                                                   ^^^^
...
603 | ptr_atomic_methods!(PAtomicU64, AtomicU64, u64, "64");
    | ----------------------------------------------------- in this macro invocation
    = note: `#[warn(unused_variables)]` (part of `#[warn(unused)]`) on by default
    = note: this warning originates in the macro `ptr_atomic_methods` (in Nightly builds, run with -Z macro-backtrace for more info)

warning: unused variable: `perm`
   --> /home/ruize/openvmm-restore-v1/toolchain/verus-src/source/vstd/atomic.rs:563:51
    |
563 |         pub fn from_ptr_load(ptr: *mut $value_ty, perm: Tracked<&PointsTo<$value_ty>>) -> (ret: $value_ty)
    |                                                   ^^^^
...
605 | ptr_atomic_methods!(PAtomicU32, AtomicU32, u32, "32");
    | ----------------------------------------------------- in this macro invocation
    |
help: `perm` is captured in macro and introduced a unused variable
   --> /home/ruize/openvmm-restore-v1/toolchain/verus-src/source/vstd/atomic.rs:563:51
    |
563 |         pub fn from_ptr_load(ptr: *mut $value_ty, perm: Tracked<&PointsTo<$value_ty>>) -> (ret: $value_ty)
    |                                                   ^^^^
...
605 | ptr_atomic_methods!(PAtomicU32, AtomicU32, u32, "32");
    | ----------------------------------------------------- in this macro invocation
    = note: this warning originates in the macro `ptr_atomic_methods` (in Nightly builds, run with -Z macro-backtrace for more info)

warning: unused variable: `perm`
   --> /home/ruize/openvmm-restore-v1/toolchain/verus-src/source/vstd/atomic.rs:563:51
    |
563 |         pub fn from_ptr_load(ptr: *mut $value_ty, perm: Tracked<&PointsTo<$value_ty>>) -> (ret: $value_ty)
    |                                                   ^^^^
...
606 | ptr_atomic_methods!(PAtomicU16, AtomicU16, u16, "16");
    | ----------------------------------------------------- in this macro invocation
    |
help: `perm` is captured in macro and introduced a unused variable
   --> /home/ruize/openvmm-restore-v1/toolchain/verus-src/source/vstd/atomic.rs:563:51
    |
563 |         pub fn from_ptr_load(ptr: *mut $value_ty, perm: Tracked<&PointsTo<$value_ty>>) -> (ret: $value_ty)
    |                                                   ^^^^
...
606 | ptr_atomic_methods!(PAtomicU16, AtomicU16, u16, "16");
    | ----------------------------------------------------- in this macro invocation
    = note: this warning originates in the macro `ptr_atomic_methods` (in Nightly builds, run with -Z macro-backtrace for more info)

warning: unused variable: `perm`
   --> /home/ruize/openvmm-restore-v1/toolchain/verus-src/source/vstd/atomic.rs:563:51
    |
563 |         pub fn from_ptr_load(ptr: *mut $value_ty, perm: Tracked<&PointsTo<$value_ty>>) -> (ret: $value_ty)
    |                                                   ^^^^
...
607 | ptr_atomic_methods!(PAtomicU8, AtomicU8, u8, "8");
    | ------------------------------------------------- in this macro invocation
    |
help: `perm` is captured in macro and introduced a unused variable
   --> /home/ruize/openvmm-restore-v1/toolchain/verus-src/source/vstd/atomic.rs:563:51
    |
563 |         pub fn from_ptr_load(ptr: *mut $value_ty, perm: Tracked<&PointsTo<$value_ty>>) -> (ret: $value_ty)
    |                                                   ^^^^
...
607 | ptr_atomic_methods!(PAtomicU8, AtomicU8, u8, "8");
    | ------------------------------------------------- in this macro invocation
    = note: this warning originates in the macro `ptr_atomic_methods` (in Nightly builds, run with -Z macro-backtrace for more info)

warning: unused variable: `perm`
   --> /home/ruize/openvmm-restore-v1/toolchain/verus-src/source/vstd/atomic.rs:563:51
    |
563 |         pub fn from_ptr_load(ptr: *mut $value_ty, perm: Tracked<&PointsTo<$value_ty>>) -> (ret: $value_ty)
    |                                                   ^^^^
...
608 | ptr_atomic_methods!(PAtomicUsize, AtomicUsize, usize, "ptr");
    | ------------------------------------------------------------ in this macro invocation
    |
help: `perm` is captured in macro and introduced a unused variable
   --> /home/ruize/openvmm-restore-v1/toolchain/verus-src/source/vstd/atomic.rs:563:51
    |
563 |         pub fn from_ptr_load(ptr: *mut $value_ty, perm: Tracked<&PointsTo<$value_ty>>) -> (ret: $value_ty)
    |                                                   ^^^^
...
608 | ptr_atomic_methods!(PAtomicUsize, AtomicUsize, usize, "ptr");
    | ------------------------------------------------------------ in this macro invocation
    = note: this warning originates in the macro `ptr_atomic_methods` (in Nightly builds, run with -Z macro-backtrace for more info)

warning: unused variable: `perm`
   --> /home/ruize/openvmm-restore-v1/toolchain/verus-src/source/vstd/atomic.rs:563:51
    |
563 |         pub fn from_ptr_load(ptr: *mut $value_ty, perm: Tracked<&PointsTo<$value_ty>>) -> (ret: $value_ty)
    |                                                   ^^^^
...
611 | ptr_atomic_methods!(PAtomicI64, AtomicI64, i64, "64");
    | ----------------------------------------------------- in this macro invocation
    |
help: `perm` is captured in macro and introduced a unused variable
   --> /home/ruize/openvmm-restore-v1/toolchain/verus-src/source/vstd/atomic.rs:563:51
    |
563 |         pub fn from_ptr_load(ptr: *mut $value_ty, perm: Tracked<&PointsTo<$value_ty>>) -> (ret: $value_ty)
    |                                                   ^^^^
...
611 | ptr_atomic_methods!(PAtomicI64, AtomicI64, i64, "64");
    | ----------------------------------------------------- in this macro invocation
    = note: this warning originates in the macro `ptr_atomic_methods` (in Nightly builds, run with -Z macro-backtrace for more info)

warning: unused variable: `perm`
   --> /home/ruize/openvmm-restore-v1/toolchain/verus-src/source/vstd/atomic.rs:563:51
    |
563 |         pub fn from_ptr_load(ptr: *mut $value_ty, perm: Tracked<&PointsTo<$value_ty>>) -> (ret: $value_ty)
    |                                                   ^^^^
...
613 | ptr_atomic_methods!(PAtomicI32, AtomicI32, i32, "32");
    | ----------------------------------------------------- in this macro invocation
    |
help: `perm` is captured in macro and introduced a unused variable
   --> /home/ruize/openvmm-restore-v1/toolchain/verus-src/source/vstd/atomic.rs:563:51
    |
563 |         pub fn from_ptr_load(ptr: *mut $value_ty, perm: Tracked<&PointsTo<$value_ty>>) -> (ret: $value_ty)
    |                                                   ^^^^
...
613 | ptr_atomic_methods!(PAtomicI32, AtomicI32, i32, "32");
    | ----------------------------------------------------- in this macro invocation
    = note: this warning originates in the macro `ptr_atomic_methods` (in Nightly builds, run with -Z macro-backtrace for more info)

warning: unused variable: `perm`
   --> /home/ruize/openvmm-restore-v1/toolchain/verus-src/source/vstd/atomic.rs:563:51
    |
563 |         pub fn from_ptr_load(ptr: *mut $value_ty, perm: Tracked<&PointsTo<$value_ty>>) -> (ret: $value_ty)
    |                                                   ^^^^
...
614 | ptr_atomic_methods!(PAtomicI16, AtomicI16, i16, "16");
    | ----------------------------------------------------- in this macro invocation
    |
help: `perm` is captured in macro and introduced a unused variable
   --> /home/ruize/openvmm-restore-v1/toolchain/verus-src/source/vstd/atomic.rs:563:51
    |
563 |         pub fn from_ptr_load(ptr: *mut $value_ty, perm: Tracked<&PointsTo<$value_ty>>) -> (ret: $value_ty)
    |                                                   ^^^^
...
614 | ptr_atomic_methods!(PAtomicI16, AtomicI16, i16, "16");
    | ----------------------------------------------------- in this macro invocation
    = note: this warning originates in the macro `ptr_atomic_methods` (in Nightly builds, run with -Z macro-backtrace for more info)

warning: unused variable: `perm`
   --> /home/ruize/openvmm-restore-v1/toolchain/verus-src/source/vstd/atomic.rs:563:51
    |
563 |         pub fn from_ptr_load(ptr: *mut $value_ty, perm: Tracked<&PointsTo<$value_ty>>) -> (ret: $value_ty)
    |                                                   ^^^^
...
615 | ptr_atomic_methods!(PAtomicI8, AtomicI8, i8, "8");
    | ------------------------------------------------- in this macro invocation
    |
help: `perm` is captured in macro and introduced a unused variable
   --> /home/ruize/openvmm-restore-v1/toolchain/verus-src/source/vstd/atomic.rs:563:51
    |
563 |         pub fn from_ptr_load(ptr: *mut $value_ty, perm: Tracked<&PointsTo<$value_ty>>) -> (ret: $value_ty)
    |                                                   ^^^^
...
615 | ptr_atomic_methods!(PAtomicI8, AtomicI8, i8, "8");
    | ------------------------------------------------- in this macro invocation
    = note: this warning originates in the macro `ptr_atomic_methods` (in Nightly builds, run with -Z macro-backtrace for more info)

warning: unused variable: `perm`
   --> /home/ruize/openvmm-restore-v1/toolchain/verus-src/source/vstd/atomic.rs:563:51
    |
563 |         pub fn from_ptr_load(ptr: *mut $value_ty, perm: Tracked<&PointsTo<$value_ty>>) -> (ret: $value_ty)
    |                                                   ^^^^
...
616 | ptr_atomic_methods!(PAtomicIsize, AtomicIsize, isize, "ptr");
    | ------------------------------------------------------------ in this macro invocation
    |
help: `perm` is captured in macro and introduced a unused variable
   --> /home/ruize/openvmm-restore-v1/toolchain/verus-src/source/vstd/atomic.rs:563:51
    |
563 |         pub fn from_ptr_load(ptr: *mut $value_ty, perm: Tracked<&PointsTo<$value_ty>>) -> (ret: $value_ty)
    |                                                   ^^^^
...
616 | ptr_atomic_methods!(PAtomicIsize, AtomicIsize, isize, "ptr");
    | ------------------------------------------------------------ in this macro invocation
    = note: this warning originates in the macro `ptr_atomic_methods` (in Nightly builds, run with -Z macro-backtrace for more info)

warning: negative impls are experimental
   --> /home/ruize/openvmm-restore-v1/toolchain/verus-src/source/vstd/invariant.rs:170:18
    |
170 | impl<K, V, Pred> !Sync for LocalInvariant<K, V, Pred> {}
    |                  ^
    |
    = note: see issue #68318 <https://github.com/rust-lang/rust/issues/68318> for more information
    = help: add `#![feature(negative_impls)]` to the crate attributes to enable
    = note: this compiler was built on 2026-09-01; consider upgrading it if it is out of date
    = warning: unstable syntax can change at any point in the future, causing a hard error!
    = note: for more information, see issue #154045 <https://github.com/rust-lang/rust/issues/154045>

warning: `vstd` (lib) generated 11 warnings
    Checking mesh_node v0.0.0 (/home/ruize/openvmm-restore-v1/support/mesh/mesh_node)
    Checking pal_event v0.0.0 (/home/ruize/openvmm-restore-v1/support/pal/pal_event)
    Checking pal_async v0.0.0 (/home/ruize/openvmm-restore-v1/support/pal/pal_async)
    Checking mesh_channel_core v0.0.0 (/home/ruize/openvmm-restore-v1/support/mesh/mesh_channel_core)
    Checking mesh_channel v0.0.0 (/home/ruize/openvmm-restore-v1/support/mesh/mesh_channel)
    Checking mesh v0.0.0 (/home/ruize/openvmm-restore-v1/support/mesh)
    Checking inspect v0.0.0 (/home/ruize/openvmm-restore-v1/support/inspect)
    Checking vm_resource v0.0.0 (/home/ruize/openvmm-restore-v1/vm/vmcore/vm_resource)
    Checking vmcore v0.0.0 (/home/ruize/openvmm-restore-v1/vm/vmcore)
warning: unexpected `cfg` condition name: `verus_keep_ghost`
  --> /home/ruize/openvmm-restore-v1/vm/vmcore/src/vmtime.rs:54:7
   |
54 | #[cfg(verus_keep_ghost)]
   |       ^^^^^^^^^^^^^^^^
   |
   = help: expected names are: `docsrs`, `feature`, `test`, and `trick_rust_analyzer_into_highlighting_interpolated_bits` and 32 more
   = help: consider using a Cargo feature instead
   = help: or consider adding in `Cargo.toml` the `check-cfg` lint config for the lint:
            [lints.rust]
            unexpected_cfgs = { level = "warn", check-cfg = ['cfg(verus_keep_ghost)'] }
   = help: or consider adding `println!("cargo::rustc-check-cfg=cfg(verus_keep_ghost)");` to the top of the `build.rs`
   = note: see <https://doc.rust-lang.org/nightly/rustc/check-cfg/cargo-specifics.html> for more information about checking conditional configuration
   = note: requested on the command line with `-W unexpected-cfgs`

warning: `vmcore` (lib) generated 1 warning
    Finished `dev` profile [unoptimized + debuginfo] target(s) in 12.69s
warning: negative impls are experimental
   --> /home/ruize/openvmm-restore-v1/toolchain/verus-src/source/builtin/src/lib.rs:889:6
    |
889 | impl !Copy for NoCopy {}
    |      ^
    |
    = note: see issue #68318 <https://github.com/rust-lang/rust/issues/68318> for more information
    = help: add `#![feature(negative_impls)]` to the crate attributes to enable
    = note: this compiler was built on 2026-09-01; consider upgrading it if it is out of date
    = warning: unstable syntax can change at any point in the future, causing a hard error!
    = note: for more information, see issue #154045 <https://github.com/rust-lang/rust/issues/154045>

warning: negative impls are experimental
   --> /home/ruize/openvmm-restore-v1/toolchain/verus-src/source/builtin/src/lib.rs:895:6
    |
895 | impl !Sync for NoSyncSend {}
    |      ^
    |
    = note: see issue #68318 <https://github.com/rust-lang/rust/issues/68318> for more information
    = help: add `#![feature(negative_impls)]` to the crate attributes to enable
    = note: this compiler was built on 2026-09-01; consider upgrading it if it is out of date
    = warning: unstable syntax can change at any point in the future, causing a hard error!
    = note: for more information, see issue #154045 <https://github.com/rust-lang/rust/issues/154045>

warning: negative impls are experimental
   --> /home/ruize/openvmm-restore-v1/toolchain/verus-src/source/builtin/src/lib.rs:897:6
    |
897 | impl !Send for NoSyncSend {}
    |      ^
    |
    = note: see issue #68318 <https://github.com/rust-lang/rust/issues/68318> for more information
    = help: add `#![feature(negative_impls)]` to the crate attributes to enable
    = note: this compiler was built on 2026-09-01; consider upgrading it if it is out of date
    = warning: unstable syntax can change at any point in the future, causing a hard error!
    = note: for more information, see issue #154045 <https://github.com/rust-lang/rust/issues/154045>

warning: `verus_builtin` (lib) generated 3 warnings
warning: unused variable: `perm`
   --> /home/ruize/openvmm-restore-v1/toolchain/verus-src/source/vstd/atomic.rs:563:51
    |
563 |         pub fn from_ptr_load(ptr: *mut $value_ty, perm: Tracked<&PointsTo<$value_ty>>) -> (ret: $value_ty)
    |                                                   ^^^^
...
603 | ptr_atomic_methods!(PAtomicU64, AtomicU64, u64, "64");
    | ----------------------------------------------------- in this macro invocation
    |
help: `perm` is captured in macro and introduced a unused variable
   --> /home/ruize/openvmm-restore-v1/toolchain/verus-src/source/vstd/atomic.rs:563:51
    |
563 |         pub fn from_ptr_load(ptr: *mut $value_ty, perm: Tracked<&PointsTo<$value_ty>>) -> (ret: $value_ty)
    |                                                   ^^^^
...
603 | ptr_atomic_methods!(PAtomicU64, AtomicU64, u64, "64");
    | ----------------------------------------------------- in this macro invocation
    = note: `#[warn(unused_variables)]` (part of `#[warn(unused)]`) on by default
    = note: this warning originates in the macro `ptr_atomic_methods` (in Nightly builds, run with -Z macro-backtrace for more info)

warning: unused variable: `perm`
   --> /home/ruize/openvmm-restore-v1/toolchain/verus-src/source/vstd/atomic.rs:563:51
    |
563 |         pub fn from_ptr_load(ptr: *mut $value_ty, perm: Tracked<&PointsTo<$value_ty>>) -> (ret: $value_ty)
    |                                                   ^^^^
...
605 | ptr_atomic_methods!(PAtomicU32, AtomicU32, u32, "32");
    | ----------------------------------------------------- in this macro invocation
    |
help: `perm` is captured in macro and introduced a unused variable
   --> /home/ruize/openvmm-restore-v1/toolchain/verus-src/source/vstd/atomic.rs:563:51
    |
563 |         pub fn from_ptr_load(ptr: *mut $value_ty, perm: Tracked<&PointsTo<$value_ty>>) -> (ret: $value_ty)
    |                                                   ^^^^
...
605 | ptr_atomic_methods!(PAtomicU32, AtomicU32, u32, "32");
    | ----------------------------------------------------- in this macro invocation
    = note: this warning originates in the macro `ptr_atomic_methods` (in Nightly builds, run with -Z macro-backtrace for more info)

warning: unused variable: `perm`
   --> /home/ruize/openvmm-restore-v1/toolchain/verus-src/source/vstd/atomic.rs:563:51
    |
563 |         pub fn from_ptr_load(ptr: *mut $value_ty, perm: Tracked<&PointsTo<$value_ty>>) -> (ret: $value_ty)
    |                                                   ^^^^
...
606 | ptr_atomic_methods!(PAtomicU16, AtomicU16, u16, "16");
    | ----------------------------------------------------- in this macro invocation
    |
help: `perm` is captured in macro and introduced a unused variable
   --> /home/ruize/openvmm-restore-v1/toolchain/verus-src/source/vstd/atomic.rs:563:51
    |
563 |         pub fn from_ptr_load(ptr: *mut $value_ty, perm: Tracked<&PointsTo<$value_ty>>) -> (ret: $value_ty)
    |                                                   ^^^^
...
606 | ptr_atomic_methods!(PAtomicU16, AtomicU16, u16, "16");
    | ----------------------------------------------------- in this macro invocation
    = note: this warning originates in the macro `ptr_atomic_methods` (in Nightly builds, run with -Z macro-backtrace for more info)

warning: unused variable: `perm`
   --> /home/ruize/openvmm-restore-v1/toolchain/verus-src/source/vstd/atomic.rs:563:51
    |
563 |         pub fn from_ptr_load(ptr: *mut $value_ty, perm: Tracked<&PointsTo<$value_ty>>) -> (ret: $value_ty)
    |                                                   ^^^^
...
607 | ptr_atomic_methods!(PAtomicU8, AtomicU8, u8, "8");
    | ------------------------------------------------- in this macro invocation
    |
help: `perm` is captured in macro and introduced a unused variable
   --> /home/ruize/openvmm-restore-v1/toolchain/verus-src/source/vstd/atomic.rs:563:51
    |
563 |         pub fn from_ptr_load(ptr: *mut $value_ty, perm: Tracked<&PointsTo<$value_ty>>) -> (ret: $value_ty)
    |                                                   ^^^^
...
607 | ptr_atomic_methods!(PAtomicU8, AtomicU8, u8, "8");
    | ------------------------------------------------- in this macro invocation
    = note: this warning originates in the macro `ptr_atomic_methods` (in Nightly builds, run with -Z macro-backtrace for more info)

warning: unused variable: `perm`
   --> /home/ruize/openvmm-restore-v1/toolchain/verus-src/source/vstd/atomic.rs:563:51
    |
563 |         pub fn from_ptr_load(ptr: *mut $value_ty, perm: Tracked<&PointsTo<$value_ty>>) -> (ret: $value_ty)
    |                                                   ^^^^
...
608 | ptr_atomic_methods!(PAtomicUsize, AtomicUsize, usize, "ptr");
    | ------------------------------------------------------------ in this macro invocation
    |
help: `perm` is captured in macro and introduced a unused variable
   --> /home/ruize/openvmm-restore-v1/toolchain/verus-src/source/vstd/atomic.rs:563:51
    |
563 |         pub fn from_ptr_load(ptr: *mut $value_ty, perm: Tracked<&PointsTo<$value_ty>>) -> (ret: $value_ty)
    |                                                   ^^^^
...
608 | ptr_atomic_methods!(PAtomicUsize, AtomicUsize, usize, "ptr");
    | ------------------------------------------------------------ in this macro invocation
    = note: this warning originates in the macro `ptr_atomic_methods` (in Nightly builds, run with -Z macro-backtrace for more info)

warning: unused variable: `perm`
   --> /home/ruize/openvmm-restore-v1/toolchain/verus-src/source/vstd/atomic.rs:563:51
    |
563 |         pub fn from_ptr_load(ptr: *mut $value_ty, perm: Tracked<&PointsTo<$value_ty>>) -> (ret: $value_ty)
    |                                                   ^^^^
...
611 | ptr_atomic_methods!(PAtomicI64, AtomicI64, i64, "64");
    | ----------------------------------------------------- in this macro invocation
    |
help: `perm` is captured in macro and introduced a unused variable
   --> /home/ruize/openvmm-restore-v1/toolchain/verus-src/source/vstd/atomic.rs:563:51
    |
563 |         pub fn from_ptr_load(ptr: *mut $value_ty, perm: Tracked<&PointsTo<$value_ty>>) -> (ret: $value_ty)
    |                                                   ^^^^
...
611 | ptr_atomic_methods!(PAtomicI64, AtomicI64, i64, "64");
    | ----------------------------------------------------- in this macro invocation
    = note: this warning originates in the macro `ptr_atomic_methods` (in Nightly builds, run with -Z macro-backtrace for more info)

warning: unused variable: `perm`
   --> /home/ruize/openvmm-restore-v1/toolchain/verus-src/source/vstd/atomic.rs:563:51
    |
563 |         pub fn from_ptr_load(ptr: *mut $value_ty, perm: Tracked<&PointsTo<$value_ty>>) -> (ret: $value_ty)
    |                                                   ^^^^
...
613 | ptr_atomic_methods!(PAtomicI32, AtomicI32, i32, "32");
    | ----------------------------------------------------- in this macro invocation
    |
help: `perm` is captured in macro and introduced a unused variable
   --> /home/ruize/openvmm-restore-v1/toolchain/verus-src/source/vstd/atomic.rs:563:51
    |
563 |         pub fn from_ptr_load(ptr: *mut $value_ty, perm: Tracked<&PointsTo<$value_ty>>) -> (ret: $value_ty)
    |                                                   ^^^^
...
613 | ptr_atomic_methods!(PAtomicI32, AtomicI32, i32, "32");
    | ----------------------------------------------------- in this macro invocation
    = note: this warning originates in the macro `ptr_atomic_methods` (in Nightly builds, run with -Z macro-backtrace for more info)

warning: unused variable: `perm`
   --> /home/ruize/openvmm-restore-v1/toolchain/verus-src/source/vstd/atomic.rs:563:51
    |
563 |         pub fn from_ptr_load(ptr: *mut $value_ty, perm: Tracked<&PointsTo<$value_ty>>) -> (ret: $value_ty)
    |                                                   ^^^^
...
614 | ptr_atomic_methods!(PAtomicI16, AtomicI16, i16, "16");
    | ----------------------------------------------------- in this macro invocation
    |
help: `perm` is captured in macro and introduced a unused variable
   --> /home/ruize/openvmm-restore-v1/toolchain/verus-src/source/vstd/atomic.rs:563:51
    |
563 |         pub fn from_ptr_load(ptr: *mut $value_ty, perm: Tracked<&PointsTo<$value_ty>>) -> (ret: $value_ty)
    |                                                   ^^^^
...
614 | ptr_atomic_methods!(PAtomicI16, AtomicI16, i16, "16");
    | ----------------------------------------------------- in this macro invocation
    = note: this warning originates in the macro `ptr_atomic_methods` (in Nightly builds, run with -Z macro-backtrace for more info)

warning: unused variable: `perm`
   --> /home/ruize/openvmm-restore-v1/toolchain/verus-src/source/vstd/atomic.rs:563:51
    |
563 |         pub fn from_ptr_load(ptr: *mut $value_ty, perm: Tracked<&PointsTo<$value_ty>>) -> (ret: $value_ty)
    |                                                   ^^^^
...
615 | ptr_atomic_methods!(PAtomicI8, AtomicI8, i8, "8");
    | ------------------------------------------------- in this macro invocation
    |
help: `perm` is captured in macro and introduced a unused variable
   --> /home/ruize/openvmm-restore-v1/toolchain/verus-src/source/vstd/atomic.rs:563:51
    |
563 |         pub fn from_ptr_load(ptr: *mut $value_ty, perm: Tracked<&PointsTo<$value_ty>>) -> (ret: $value_ty)
    |                                                   ^^^^
...
615 | ptr_atomic_methods!(PAtomicI8, AtomicI8, i8, "8");
    | ------------------------------------------------- in this macro invocation
    = note: this warning originates in the macro `ptr_atomic_methods` (in Nightly builds, run with -Z macro-backtrace for more info)

warning: unused variable: `perm`
   --> /home/ruize/openvmm-restore-v1/toolchain/verus-src/source/vstd/atomic.rs:563:51
    |
563 |         pub fn from_ptr_load(ptr: *mut $value_ty, perm: Tracked<&PointsTo<$value_ty>>) -> (ret: $value_ty)
    |                                                   ^^^^
...
616 | ptr_atomic_methods!(PAtomicIsize, AtomicIsize, isize, "ptr");
    | ------------------------------------------------------------ in this macro invocation
    |
help: `perm` is captured in macro and introduced a unused variable
   --> /home/ruize/openvmm-restore-v1/toolchain/verus-src/source/vstd/atomic.rs:563:51
    |
563 |         pub fn from_ptr_load(ptr: *mut $value_ty, perm: Tracked<&PointsTo<$value_ty>>) -> (ret: $value_ty)
    |                                                   ^^^^
...
616 | ptr_atomic_methods!(PAtomicIsize, AtomicIsize, isize, "ptr");
    | ------------------------------------------------------------ in this macro invocation
    = note: this warning originates in the macro `ptr_atomic_methods` (in Nightly builds, run with -Z macro-backtrace for more info)

warning: negative impls are experimental
   --> /home/ruize/openvmm-restore-v1/toolchain/verus-src/source/vstd/invariant.rs:170:18
    |
170 | impl<K, V, Pred> !Sync for LocalInvariant<K, V, Pred> {}
    |                  ^
    |
    = note: see issue #68318 <https://github.com/rust-lang/rust/issues/68318> for more information
    = help: add `#![feature(negative_impls)]` to the crate attributes to enable
    = note: this compiler was built on 2026-09-01; consider upgrading it if it is out of date
    = warning: unstable syntax can change at any point in the future, causing a hard error!
    = note: for more information, see issue #154045 <https://github.com/rust-lang/rust/issues/154045>

warning: `vstd` (lib) generated 11 warnings
warning: unexpected `cfg` condition name: `verus_keep_ghost`
  --> /home/ruize/openvmm-restore-v1/vm/vmcore/src/vmtime.rs:54:7
   |
54 | #[cfg(verus_keep_ghost)]
   |       ^^^^^^^^^^^^^^^^
   |
   = help: expected names are: `docsrs`, `feature`, `test`, and `trick_rust_analyzer_into_highlighting_interpolated_bits` and 32 more
   = help: consider using a Cargo feature instead
   = help: or consider adding in `Cargo.toml` the `check-cfg` lint config for the lint:
            [lints.rust]
            unexpected_cfgs = { level = "warn", check-cfg = ['cfg(verus_keep_ghost)'] }
   = help: or consider adding `println!("cargo::rustc-check-cfg=cfg(verus_keep_ghost)");` to the top of the `build.rs`
   = note: see <https://doc.rust-lang.org/nightly/rustc/check-cfg/cargo-specifics.html> for more information about checking conditional configuration
   = note: requested on the command line with `-W unexpected-cfgs`

warning: `vmcore` (lib) generated 1 warning
    Checking vmtime_scalar_interface v0.0.0 (/home/ruize/openvmm-restore-v1/research/vmtime-scalar-interface)
Error: could not find .vir file for 'vmcore'
error: could not compile `vmtime_scalar_interface` (lib)

Caused by:
  process didn't exit successfully: `/home/ruize/openvmm-restore-v1/toolchain/verus-src/source/target-verus/release/verus /home/ruize/.rustup/toolchains/1.95.0-x86_64-unknown-linux-gnu/bin/rustc --crate-name vmtime_scalar_interface --edition=2024 consumer.rs --error-format=json --json=diagnostic-rendered-ansi,artifacts,future-incompat --crate-type lib --emit=dep-info,metadata -C embed-bitcode=no -C debuginfo=2 --check-cfg 'cfg(docsrs,test)' --check-cfg 'cfg(feature, values())' -C metadata=3ca3bf7d4672e813 -C extra-filename=-b4de779ac3c09886 --out-dir /home/ruize/openvmm-restore-v1/target/verus-partial/debug/deps -C incremental=/home/ruize/openvmm-restore-v1/target/verus-partial/debug/incremental -L dependency=/home/ruize/openvmm-restore-v1/target/verus-partial/debug/deps --extern vmcore=/home/ruize/openvmm-restore-v1/target/verus-partial/debug/deps/libvmcore-f795176631faa4dd.rmeta --extern vstd=/home/ruize/openvmm-restore-v1/target/verus-partial/debug/deps/libvstd-032c797dae0a88c0.rmeta -Cforce-frame-pointers=yes -Csymbol-mangling-version=v0 -Z checksum-hash-algorithm=blake3` (exit status: 1)
