   Compiling proc-macro2 v1.0.107
   Compiling unicode-ident v1.0.18
   Compiling libc v0.2.184
    Checking pin-project-lite v0.2.16
   Compiling autocfg v1.5.0
    Checking futures-core v0.3.31
   Compiling verus_syn v0.0.0-2026-09-06-0133 (/home/ruize/openvmm-restore-v1/research/vmtime-duration-interface-candidate/workspace/toolchain/verus-src/dependencies/syn)
   Compiling verus_prettyplease v0.0.0-2026-09-06-0133 (/home/ruize/openvmm-restore-v1/research/vmtime-duration-interface-candidate/workspace/toolchain/verus-src/dependencies/prettyplease)
   Compiling thiserror v2.0.16
   Compiling zerocopy v0.8.27
   Compiling equivalent v1.0.2
    Checking futures-io v0.3.31
    Checking cfg-if v1.0.3
   Compiling hashbrown v0.15.5
   Compiling convert_case v0.4.0
    Checking futures-sink v0.3.31
    Checking smallvec v1.15.1
   Compiling heck v0.5.0
    Checking slab v0.4.11
   Compiling parking_lot_core v0.9.11
   Compiling vstd v0.0.0-2026-09-16-0054 (/home/ruize/openvmm-restore-v1/research/vmtime-duration-interface-candidate/workspace/toolchain/verus-src/source/vstd)
    Checking once_cell v1.21.3
    Checking verus_builtin v0.0.0-2026-09-16-0054 (/home/ruize/openvmm-restore-v1/research/vmtime-duration-interface-candidate/workspace/toolchain/verus-src/source/builtin)
    Checking scopeguard v1.2.0
   Compiling mesh_protobuf v0.0.0 (/home/ruize/openvmm-restore-v1/research/vmtime-duration-interface-candidate/workspace/support/mesh/mesh_protobuf)
    Checking futures-task v0.3.31
    Checking pin-utils v0.1.0
    Checking memchr v2.7.5
   Compiling getrandom v0.4.2
    Checking open_enum v0.0.0 (/home/ruize/openvmm-restore-v1/research/vmtime-duration-interface-candidate/workspace/support/open_enum)
   Compiling crossbeam-utils v0.8.21
    Checking parking v2.2.1
   Compiling thiserror v1.0.69
   Compiling linkme-impl v0.3.33
   Compiling smallbox v0.8.8
   Compiling io-uring v0.7.11
    Checking cordyceps v0.3.4
    Checking bitflags v2.9.3
    Checking diatomic-waker v0.2.3
    Checking spin v0.10.0
    Checking fastrand v2.3.0
   Compiling anyhow v1.0.99
    Checking fixedbitset v0.5.7
    Checking loan_cell v0.0.0 (/home/ruize/openvmm-restore-v1/research/vmtime-duration-interface-candidate/workspace/support/loan_cell)
    Checking static_assertions v1.1.0
    Checking async-task v4.7.1
    Checking jiff v0.2.15
    Checking futures-channel v0.3.31
    Checking futures-lite v2.6.1
    Checking tracing-core v0.1.35
   Compiling fs-err v3.1.1
   Compiling lock_api v0.4.13
    Checking futures-buffered v0.2.12
    Checking concurrent-queue v2.5.0
   Compiling indexmap v2.11.0
    Checking event-listener v5.4.1
   Compiling quote v1.0.40
    Checking event-listener-strategy v0.5.4
    Checking async-channel v2.5.0
   Compiling syn v2.0.106
    Checking seccompiler v0.5.0
    Checking unix_socket v0.0.0 (/home/ruize/openvmm-restore-v1/research/vmtime-duration-interface-candidate/workspace/support/unix_socket)
    Checking socket2 v0.6.0
    Checking parking_lot v0.12.4
   Compiling synstructure v0.13.2
   Compiling thiserror-impl v2.0.16
   Compiling zerocopy-derive v0.8.27
   Compiling tracing-attributes v0.1.31
   Compiling futures-macro v0.3.31
   Compiling mesh_derive v0.0.0 (/home/ruize/openvmm-restore-v1/research/vmtime-duration-interface-candidate/workspace/support/mesh/mesh_derive)
   Compiling bitfield-struct v0.11.0
   Compiling enumflags2_derive v0.7.12
   Compiling thiserror-impl v1.0.69
   Compiling inspect_derive v0.0.0 (/home/ruize/openvmm-restore-v1/research/vmtime-duration-interface-candidate/workspace/support/inspect_derive)
   Compiling pin-project-internal v1.1.10
   Compiling pal_async_test v0.0.0 (/home/ruize/openvmm-restore-v1/research/vmtime-duration-interface-candidate/workspace/support/pal/pal_async_test)
   Compiling async-trait v0.1.89
   Compiling save_restore_derive v0.0.0 (/home/ruize/openvmm-restore-v1/research/vmtime-duration-interface-candidate/workspace/vm/vmcore/save_restore_derive)
    Checking enumflags2 v0.7.12
    Checking futures-util v0.3.31
    Checking linkme v0.3.33
    Checking pin-project v1.1.10
    Checking tracing v0.1.43
    Checking futures-concurrency v7.6.3
    Checking caps v0.5.5
    Checking landlock v0.4.2
    Checking tracelimit v0.0.0 (/home/ruize/openvmm-restore-v1/research/vmtime-duration-interface-candidate/workspace/support/tracelimit)
    Checking pal v0.0.0 (/home/ruize/openvmm-restore-v1/research/vmtime-duration-interface-candidate/workspace/support/pal)
    Checking hvdef v0.0.0 (/home/ruize/openvmm-restore-v1/research/vmtime-duration-interface-candidate/workspace/vm/hv1/hvdef)
    Checking futures-executor v0.3.31
   Compiling verus_state_machines_macros v0.0.0-2026-09-06-0133 (/home/ruize/openvmm-restore-v1/research/vmtime-duration-interface-candidate/workspace/toolchain/verus-src/source/state_machines_macros)
   Compiling verus_builtin_macros v0.0.0-2026-09-06-0133 (/home/ruize/openvmm-restore-v1/research/vmtime-duration-interface-candidate/workspace/toolchain/verus-src/source/builtin_macros)
    Checking futures v0.3.31
    Checking mesh_node v0.0.0 (/home/ruize/openvmm-restore-v1/research/vmtime-duration-interface-candidate/workspace/support/mesh/mesh_node)
    Checking pal_event v0.0.0 (/home/ruize/openvmm-restore-v1/research/vmtime-duration-interface-candidate/workspace/support/pal/pal_event)
    Checking pal_async v0.0.0 (/home/ruize/openvmm-restore-v1/research/vmtime-duration-interface-candidate/workspace/support/pal/pal_async)
    Checking mesh_channel_core v0.0.0 (/home/ruize/openvmm-restore-v1/research/vmtime-duration-interface-candidate/workspace/support/mesh/mesh_channel_core)
    Checking mesh_channel v0.0.0 (/home/ruize/openvmm-restore-v1/research/vmtime-duration-interface-candidate/workspace/support/mesh/mesh_channel)
    Checking mesh v0.0.0 (/home/ruize/openvmm-restore-v1/research/vmtime-duration-interface-candidate/workspace/support/mesh)
    Checking inspect v0.0.0 (/home/ruize/openvmm-restore-v1/research/vmtime-duration-interface-candidate/workspace/support/inspect)
    Checking vm_resource v0.0.0 (/home/ruize/openvmm-restore-v1/research/vmtime-duration-interface-candidate/workspace/vm/vmcore/vm_resource)
    Checking vmcore v0.0.0 (/home/ruize/openvmm-restore-v1/research/vmtime-duration-interface-candidate/workspace/vm/vmcore)
note: verifying module vmtime (selected functions)

error: postcondition not satisfied
  --> vm/vmcore/src/vmtime.rs:84:17
   |
84 |           ensures result@ == ((self@ as nat
   |  _________________^
85 | |             + duration_observation::elapsed_nanoseconds(&d) / 100)
86 | |             % 0x1_0000_0000_0000_0000) as u64,
   | |_____________________________________________^ failed this postcondition
87 |       )]
88 |       pub fn wrapping_add(self, d: Duration) -> Self {
   |  ____________________________________________________-
89 | |         Self((self.0 as u128).wrapping_add(d.as_nanos() / 100) as u64)
90 | |     }
   | |_____- at the end of the function body

note: recommendation not met: value may be out of range of the target type (use `#[verifier::truncate]` on the cast to silence this warning)
  --> vm/vmcore/src/vmtime.rs:89:14
   |
89 |         Self((self.0 as u128).wrapping_add(d.as_nanos() / 100) as u64)
   |              ^^^^^^^^^^^^^^^^^^^^^^^^^^^^^^^^^^^^^^^^^^^^^^^^^

verification results:: 0 verified, 1 errors (partial verification with `--verify-*`)
error: could not compile `vmcore` (lib) due to 1 previous error

exit=101 elapsed_s=32
