{
  "state": "error",
  "task_id": "restore-duration-interface-production",
  "run_id": "restore-duration-interface-production-1789896292891528886",
  "description": "background task",
  "command": "bash research/vmtime-duration-interface-candidate/verify.command",
  "exit_code": 101,
  "elapsed_seconds": 31.8,
  "completed_at": 1789896324.7263021,
  "pid": 3957971,
  "worker_pid": 3957970,
  "mode": "direct",
  "run_dir": null,
  "stdout_tail": "g hvdef v0.0.0 (/home/ruize/openvmm-restore-v1/research/vmtime-duration-interface-candidate/workspace/vm/hv1/hvdef)\n    Checking futures-executor v0.3.31\n   Compiling verus_state_machines_macros v0.0.0-2026-09-06-0133 (/home/ruize/openvmm-restore-v1/research/vmtime-duration-interface-candidate/workspace/toolchain/verus-src/source/state_machines_macros)\n   Compiling verus_builtin_macros v0.0.0-2026-09-06-0133 (/home/ruize/openvmm-restore-v1/research/vmtime-duration-interface-candidate/workspace/toolchain/verus-src/source/builtin_macros)\n    Checking futures v0.3.31\n    Checking mesh_node v0.0.0 (/home/ruize/openvmm-restore-v1/research/vmtime-duration-interface-candidate/workspace/support/mesh/mesh_node)\n    Checking pal_event v0.0.0 (/home/ruize/openvmm-restore-v1/research/vmtime-duration-interface-candidate/workspace/support/pal/pal_event)\n    Checking pal_async v0.0.0 (/home/ruize/openvmm-restore-v1/research/vmtime-duration-interface-candidate/workspace/support/pal/pal_async)\n    Checking mesh_channel_core v0.0.0 (/home/ruize/openvmm-restore-v1/research/vmtime-duration-interface-candidate/workspace/support/mesh/mesh_channel_core)\n    Checking mesh_channel v0.0.0 (/home/ruize/openvmm-restore-v1/research/vmtime-duration-interface-candidate/workspace/support/mesh/mesh_channel)\n    Checking mesh v0.0.0 (/home/ruize/openvmm-restore-v1/research/vmtime-duration-interface-candidate/workspace/support/mesh)\n    Checking inspect v0.0.0 (/home/ruize/openvmm-restore-v1/research/vmtime-duration-interface-candidate/workspace/support/inspect)\n    Checking vm_resource v0.0.0 (/home/ruize/openvmm-restore-v1/research/vmtime-duration-interface-candidate/workspace/vm/vmcore/vm_resource)\n    Checking vmcore v0.0.0 (/home/ruize/openvmm-restore-v1/research/vmtime-duration-interface-candidate/workspace/vm/vmcore)\nnote: verifying module vmtime (selected functions)\n\nerror: postcondition not satisfied\n  --> vm/vmcore/src/vmtime.rs:84:17\n   |\n84 |           ensures result@ == ((self@ as nat\n   |  _________________^\n85 | |             + duration_observation::elapsed_nanoseconds(&d) / 100)\n86 | |             % 0x1_0000_0000_0000_0000) as u64,\n   | |_____________________________________________^ failed this postcondition\n87 |       )]\n88 |       pub fn wrapping_add(self, d: Duration) -> Self {\n   |  ____________________________________________________-\n89 | |         Self((self.0 as u128).wrapping_add(d.as_nanos() / 100) as u64)\n90 | |     }\n   | |_____- at the end of the function body\n\nnote: recommendation not met: value may be out of range of the target type (use `#[verifier::truncate]` on the cast to silence this warning)\n  --> vm/vmcore/src/vmtime.rs:89:14\n   |\n89 |         Self((self.0 as u128).wrapping_add(d.as_nanos() / 100) as u64)\n   |              ^^^^^^^^^^^^^^^^^^^^^^^^^^^^^^^^^^^^^^^^^^^^^^^^^\n\nverification results:: 0 verified, 1 errors (partial verification with `--verify-*`)\nerror: could not compile `vmcore` (lib) due to 1 previous error\n\nexit=101 elapsed_s=32\n",
  "stderr_tail": "",
  "stdout_log": ".argus_subagents/restore-duration-interface-production_logs/stdout.log",
  "stderr_log": ".argus_subagents/restore-duration-interface-production_logs/stderr.log",
  "supervisor_usage_model": "",
  "supervisor_input_tokens": 0,
  "supervisor_cached_input_tokens": 0,
  "supervisor_output_tokens": 0,
  "supervisor_reasoning_output_tokens": 0,
  "cwd": "/home/ruize/openvmm-restore-v1",
  "live": false
}
