{
  "state": "done",
  "task_id": "restore-declaration-activation-rust-check",
  "run_id": "restore-declaration-activation-rust-check-1789884555660297725",
  "description": "background task",
  "command": "bash research/restore-declaration-activation/run.sh regular-check env RUSTUP_TOOLCHAIN=1.95.0 cargo check -p openvmm_core --locked",
  "exit_code": 0,
  "elapsed_seconds": 9.3,
  "completed_at": 1789884564.9474132,
  "pid": 3586718,
  "worker_pid": 3586717,
  "mode": "direct",
  "run_dir": null,
  "stdout_tail": "regular-check exit=0 log=research/restore-declaration-activation/regular-check.log\n",
  "stderr_tail": "",
  "stdout_log": ".argus_subagents/restore-declaration-activation-rust-check_logs/stdout.log",
  "stderr_log": ".argus_subagents/restore-declaration-activation-rust-check_logs/stderr.log",
  "supervisor_usage_model": "",
  "supervisor_input_tokens": 0,
  "supervisor_cached_input_tokens": 0,
  "supervisor_output_tokens": 0,
  "supervisor_reasoning_output_tokens": 0,
  "cwd": "/home/ruize/openvmm-restore-v1",
  "live": false
}
elapsed_s=0.14 exit=0
