verbosity level = 2; forwarding 1 `-v` arg(s) to Cargo
verbosity level = 2; forwarding 1 `-v` arg(s) to Cargo
verbosity level >= 2; forwarding 1 `-v` to Verus
forwarding Verus args to crates: <roots>
running cargo command:
cd "/home/ruize/openvmm-restore-v1" &&  __VERUS_DRIVER_ARGS_FOR_mesh_protobuf-0.0.0-b7284b63c0a5="__VERUS_DRIVER_ARGS_SEP__--VIA-CARGO__VERUS_DRIVER_ARGS_SEP__import-dep-if-present=vstd__VERUS_DRIVER_ARGS_SEP__--VIA-CARGO__VERUS_DRIVER_ARGS_SEP__import-dep-if-present=mesh_protobuf__VERUS_DRIVER_ARGS_SEP__--verify-only-module__VERUS_DRIVER_ARGS_SEP__time__VERUS_DRIVER_ARGS_SEP__--no-lifetime__VERUS_DRIVER_ARGS_SEP__--multiple-errors__VERUS_DRIVER_ARGS_SEP__20__VERUS_DRIVER_ARGS_SEP__--num-threads__VERUS_DRIVER_ARGS_SEP__1__VERUS_DRIVER_ARGS_SEP__--triggers-mode__VERUS_DRIVER_ARGS_SEP__silent"  __VERUS_DRIVER_ARGS_FOR_vstd-0.0.0-2026-09-16-0054-9a268c610fa8="__VERUS_DRIVER_ARGS_SEP__--is-vstd__VERUS_DRIVER_ARGS_SEP__--no-verify__VERUS_DRIVER_ARGS_SEP__--VIA-CARGO__VERUS_DRIVER_ARGS_SEP__import-dep-if-present=vstd"  __VERUS_DRIVER_ARGS__="__VERUS_DRIVER_ARGS_SEP__--VIA-CARGO__VERUS_DRIVER_ARGS_SEP__compile-when-not-primary-package__VERUS_DRIVER_ARGS_SEP__-v"  __VERUS_DRIVER_IS_BUILTIN_MACROS_verus_builtin_macros-0.0.0-2026-09-06-0133-94884b16541d="1"  __VERUS_DRIVER_IS_BUILTIN_verus_builtin-0.0.0-2026-09-16-0054-efe0d11dd23e="1" CARGO_UNSTABLE_CHECKSUM_FRESHNESS="true" RUSTC_BOOTSTRAP="1" RUSTC_WRAPPER="/home/ruize/openvmm-restore-v1/toolchain/verus-src/source/target-verus/release/verus" __CARGO_DEFAULT_LIB_METADATA="verus" __VERUS_DRIVER_VERIFY_mesh_protobuf-0.0.0-b7284b63c0a5="1" __VERUS_DRIVER_VERIFY_vstd-0.0.0-2026-09-16-0054-9a268c610fa8="1" __VERUS_DRIVER_VIA_CARGO__="1" "/home/ruize/.rustup/toolchains/1.94.0-x86_64-unknown-linux-gnu/bin/cargo" "check" "-v" "--features" "std" "--target-dir" "/home/ruize/openvmm-restore-v1/target/verus-partial" "--package" "mesh_protobuf"
       Fresh unicode-ident v1.0.18
       Fresh proc-macro2 v1.0.107
       Fresh quote v1.0.40
       Fresh syn v2.0.106
       Fresh verus_syn v0.0.0-2026-09-06-0133 (/home/ruize/openvmm-restore-v1/toolchain/verus-src/dependencies/syn)
       Fresh equivalent v1.0.2
       Fresh autocfg v1.5.0
       Fresh hashbrown v0.15.5
       Fresh synstructure v0.13.2
       Fresh convert_case v0.4.0
       Fresh thiserror-impl v2.0.16
       Fresh zerocopy-derive v0.8.27
       Fresh verus_builtin v0.0.0-2026-09-16-0054 (/home/ruize/openvmm-restore-v1/toolchain/verus-src/source/builtin)
       Fresh heck v0.5.0
       Fresh indexmap v2.11.0
       Fresh verus_prettyplease v0.0.0-2026-09-06-0133 (/home/ruize/openvmm-restore-v1/toolchain/verus-src/dependencies/prettyplease)
       Fresh mesh_derive v0.0.0 (/home/ruize/openvmm-restore-v1/support/mesh/mesh_derive)
       Dirty mesh_protobuf v0.0.0 (/home/ruize/openvmm-restore-v1/support/mesh/mesh_protobuf): the precalculated components changed
   Compiling mesh_protobuf v0.0.0 (/home/ruize/openvmm-restore-v1/support/mesh/mesh_protobuf)
       Fresh verus_builtin_macros v0.0.0-2026-09-06-0133 (/home/ruize/openvmm-restore-v1/toolchain/verus-src/source/builtin_macros)
       Fresh verus_state_machines_macros v0.0.0-2026-09-06-0133 (/home/ruize/openvmm-restore-v1/toolchain/verus-src/source/state_machines_macros)
       Fresh zerocopy v0.8.27
       Fresh thiserror v2.0.16
       Fresh fs-err v3.1.1
       Fresh vstd v0.0.0-2026-09-16-0054 (/home/ruize/openvmm-restore-v1/toolchain/verus-src/source/vstd)
     Running `/home/ruize/openvmm-restore-v1/target/verus-partial/debug/build/mesh_protobuf-e7a968ff13f28f52/build-script-build`
     Running `/home/ruize/openvmm-restore-v1/toolchain/verus-src/source/target-verus/release/verus /home/ruize/.rustup/toolchains/1.94.0-x86_64-unknown-linux-gnu/bin/rustc --crate-name mesh_protobuf --edition=2024 support/mesh/mesh_protobuf/src/lib.rs --error-format=json --json=diagnostic-rendered-ansi,artifacts,future-incompat --crate-type lib --emit=dep-info,metadata -C panic=abort -C embed-bitcode=no -C debuginfo=2 --warn=rust_2018_idioms --deny=future_incompatible --warn=unused_qualifications --forbid=unsafe_op_in_unsafe_fn --deny=unsafe_code '--warn=clippy::unnecessary_box_returns' '--allow=clippy::uninlined_format_args' --warn=unexpected_cfgs '--warn=clippy::undocumented_unsafe_blocks' '--allow=clippy::type_complexity' '--allow=clippy::too_many_arguments' '--warn=clippy::suboptimal_flops' '--allow=clippy::single_range_in_vec_init' '--warn=clippy::rest_pat_in_fully_bound_structs' '--warn=clippy::ref_option_ref' '--warn=clippy::ref_as_ptr' '--warn=clippy::ptr_cast_constness' '--warn=clippy::ptr_as_ptr' '--warn=clippy::option_option' '--allow=clippy::new_without_default' --warn=missing_docs '--allow=clippy::manual_flatten' '--warn=clippy::macro_use_imports' '--warn=clippy::lossy_float_literal' '--warn=clippy::linkedlist' '--allow=clippy::len_without_is_empty' '--warn=clippy::inefficient_to_string' '--warn=clippy::imprecise_flops' '--warn=clippy::implicit_clone' '--warn=clippy::fn_params_excessive_bools' '--warn=clippy::filter_map_next' '--warn=clippy::debug_assert_with_mut_call' '--warn=clippy::dbg_macro' '--allow=clippy::collapsible_match' '--allow=clippy::collapsible_if' '--allow=clippy::collapsible_else_if' '--allow=clippy::box_default' '--allow=clippy::bool_assert_comparison' '--warn=clippy::allow_attributes' --check-cfg 'cfg(trick_rust_analyzer_into_highlighting_interpolated_bits)' --cfg 'feature="default"' --cfg 'feature="std"' --check-cfg 'cfg(docsrs,test)' --check-cfg 'cfg(feature, values("default", "prost", "socket2", "std"))' -C metadata=00acd7b9d0c81655 -C extra-filename=-7af0b6e48e4eadad --out-dir /home/ruize/openvmm-restore-v1/target/verus-partial/debug/deps -C incremental=/home/ruize/openvmm-restore-v1/target/verus-partial/debug/incremental -L dependency=/home/ruize/openvmm-restore-v1/target/verus-partial/debug/deps --extern fs_err=/home/ruize/openvmm-restore-v1/target/verus-partial/debug/deps/libfs_err-f20dc713fe9ba4b8.rmeta --extern heck=/home/ruize/openvmm-restore-v1/target/verus-partial/debug/deps/libheck-c05f31abbad1fdd8.rmeta --extern mesh_derive=/home/ruize/openvmm-restore-v1/target/verus-partial/debug/deps/libmesh_derive-e9dcdcea9c6381f2.so --extern thiserror=/home/ruize/openvmm-restore-v1/target/verus-partial/debug/deps/libthiserror-6d622c34028426ba.rmeta --extern vstd=/home/ruize/openvmm-restore-v1/target/verus-partial/debug/deps/libvstd-0b932679964ce3b0.rmeta --extern zerocopy=/home/ruize/openvmm-restore-v1/target/verus-partial/debug/deps/libzerocopy-2fbbd02099a22f14.rmeta -Cforce-frame-pointers=yes -Csymbol-mangling-version=v0 -Z checksum-hash-algorithm=blake3`
note: verifying module time

error: expected z3 version 4.16.0, found 4.12.5


thread 'rustc' (3575867) panicked at air/src/smt_verify.rs:195:21:
The verifier expects z3 version "4.16.0", found version "4.12.5"
note: run with `RUST_BACKTRACE=1` environment variable to display a backtrace

thread 'rustc' (3575867) panicked at rust_verify/src/verifier.rs:428:17:
dropped, expected call to `into_inner` instead
stack backtrace:
   0:     0x7a7bc3ee12a6 - <<std[6c98fd8553dbae28]::sys::backtrace::BacktraceLock>::print::DisplayBacktrace as core[c0acaeba6ab4c2e0]::fmt::Display>::fmt
   1:     0x7a7bc460ecc8 - core[c0acaeba6ab4c2e0]::fmt::write
   2:     0x7a7bc59d672c - <std[6c98fd8553dbae28]::sys::stdio::unix::Stderr as std[6c98fd8553dbae28]::io::Write>::write_fmt
   3:     0x7a7bc3eb56fa - std[6c98fd8553dbae28]::panicking::default_hook::{closure#0}
   4:     0x7a7bc3ed3a03 - std[6c98fd8553dbae28]::panicking::default_hook
   5:     0x7a7bc3ed3e6b - std[6c98fd8553dbae28]::panicking::panic_with_hook
   6:     0x7a7bc3eb57e4 - std[6c98fd8553dbae28]::panicking::panic_handler::{closure#0}
   7:     0x7a7bc3ea9c89 - std[6c98fd8553dbae28]::sys::backtrace::__rust_end_short_backtrace::<std[6c98fd8553dbae28]::panicking::panic_handler::{closure#0}, !>
   8:     0x7a7bc3eb711d - __rustc[100742bb89c490cb]::rust_begin_unwind
   9:     0x7a7bc102b02c - core[c0acaeba6ab4c2e0]::panicking::panic_fmt
  10:     0x5696e8dfdfe5 - core[c0acaeba6ab4c2e0]::ptr::drop_glue::<rust_verify[11f622d49870298a]::verifier::util::PanicOnDropVec<(alloc[12e961f32105355]::sync::Arc<vir[1a75c293be342749]::messages::MessageX>, air[4b58c2c0e4fbd84d]::messages::MessageLevel)>>
  11:     0x5696e8deda00 - <rust_verify[11f622d49870298a]::verifier::Verifier>::verify_bucket::<rust_verify[11f622d49870298a]::verifier::Reporter>
  12:     0x5696e8e114ce - <rust_verify[11f622d49870298a]::verifier::Verifier>::verify_crate_inner
  13:     0x5696e8e17615 - <rust_verify[11f622d49870298a]::verifier::VerifierCallbacksEraseMacro>::finish_verus
  14:     0x5696e8e23ed8 - <rust_verify[11f622d49870298a]::verifier::VerifierCallbacksEraseMacro as rustc_driver_impl[7c7a30f131ac6633]::Callbacks>::after_expansion
  15:     0x7a7bc5750a03 - rustc_interface[f52ff661d028375d]::interface::run_compiler::<(), rustc_driver_impl[7c7a30f131ac6633]::run_compiler::{closure#0}>::{closure#1}
  16:     0x7a7bc57c4e7a - std[6c98fd8553dbae28]::sys::backtrace::__rust_begin_short_backtrace::<rustc_interface[f52ff661d028375d]::util::run_in_thread_with_globals<rustc_interface[f52ff661d028375d]::util::run_in_thread_pool_with_globals<rustc_interface[f52ff661d028375d]::interface::run_compiler<(), rustc_driver_impl[7c7a30f131ac6633]::run_compiler::{closure#0}>::{closure#1}, ()>::{closure#0}, ()>::{closure#0}::{closure#0}, ()>
  17:     0x7a7bc57c4c2d - <std[6c98fd8553dbae28]::thread::lifecycle::spawn_unchecked<rustc_interface[f52ff661d028375d]::util::run_in_thread_with_globals<rustc_interface[f52ff661d028375d]::util::run_in_thread_pool_with_globals<rustc_interface[f52ff661d028375d]::interface::run_compiler<(), rustc_driver_impl[7c7a30f131ac6633]::run_compiler::{closure#0}>::{closure#1}, ()>::{closure#0}, ()>::{closure#0}::{closure#0}, ()>::{closure#1} as core[c0acaeba6ab4c2e0]::ops::function::FnOnce<()>>::call_once::{shim:vtable#0}
  18:     0x7a7bc57c2a0e - <std[6c98fd8553dbae28]::sys::thread::unix::Thread>::new::thread_start
  19:     0x7a7bbf09cb84 - start_thread
                               at ./nptl/pthread_create.c:447:8
  20:     0x7a7bbf129ecc - clone3
                               at ./misc/../sysdeps/unix/sysv/linux/x86_64/clone3.S:78:0
  21:                0x0 - <unknown>

thread 'rustc' (3575867) panicked at /rustc/48a229ceaefd4985c50990b14116b6d856af0985/library/core/src/panicking.rs:233:5:
panic in a destructor during cleanup
thread caused non-unwinding panic. aborting.
error: could not compile `mesh_protobuf` (lib) due to 1 previous error

Caused by:
  process didn't exit successfully: `/home/ruize/openvmm-restore-v1/toolchain/verus-src/source/target-verus/release/verus /home/ruize/.rustup/toolchains/1.94.0-x86_64-unknown-linux-gnu/bin/rustc --crate-name mesh_protobuf --edition=2024 support/mesh/mesh_protobuf/src/lib.rs --error-format=json --json=diagnostic-rendered-ansi,artifacts,future-incompat --crate-type lib --emit=dep-info,metadata -C panic=abort -C embed-bitcode=no -C debuginfo=2 --warn=rust_2018_idioms --deny=future_incompatible --warn=unused_qualifications --forbid=unsafe_op_in_unsafe_fn --deny=unsafe_code '--warn=clippy::unnecessary_box_returns' '--allow=clippy::uninlined_format_args' --warn=unexpected_cfgs '--warn=clippy::undocumented_unsafe_blocks' '--allow=clippy::type_complexity' '--allow=clippy::too_many_arguments' '--warn=clippy::suboptimal_flops' '--allow=clippy::single_range_in_vec_init' '--warn=clippy::rest_pat_in_fully_bound_structs' '--warn=clippy::ref_option_ref' '--warn=clippy::ref_as_ptr' '--warn=clippy::ptr_cast_constness' '--warn=clippy::ptr_as_ptr' '--warn=clippy::option_option' '--allow=clippy::new_without_default' --warn=missing_docs '--allow=clippy::manual_flatten' '--warn=clippy::macro_use_imports' '--warn=clippy::lossy_float_literal' '--warn=clippy::linkedlist' '--allow=clippy::len_without_is_empty' '--warn=clippy::inefficient_to_string' '--warn=clippy::imprecise_flops' '--warn=clippy::implicit_clone' '--warn=clippy::fn_params_excessive_bools' '--warn=clippy::filter_map_next' '--warn=clippy::debug_assert_with_mut_call' '--warn=clippy::dbg_macro' '--allow=clippy::collapsible_match' '--allow=clippy::collapsible_if' '--allow=clippy::collapsible_else_if' '--allow=clippy::box_default' '--allow=clippy::bool_assert_comparison' '--warn=clippy::allow_attributes' --check-cfg 'cfg(trick_rust_analyzer_into_highlighting_interpolated_bits)' --cfg 'feature="default"' --cfg 'feature="std"' --check-cfg 'cfg(docsrs,test)' --check-cfg 'cfg(feature, values("default", "prost", "socket2", "std"))' -C metadata=00acd7b9d0c81655 -C extra-filename=-7af0b6e48e4eadad --out-dir /home/ruize/openvmm-restore-v1/target/verus-partial/debug/deps -C incremental=/home/ruize/openvmm-restore-v1/target/verus-partial/debug/incremental -L dependency=/home/ruize/openvmm-restore-v1/target/verus-partial/debug/deps --extern fs_err=/home/ruize/openvmm-restore-v1/target/verus-partial/debug/deps/libfs_err-f20dc713fe9ba4b8.rmeta --extern heck=/home/ruize/openvmm-restore-v1/target/verus-partial/debug/deps/libheck-c05f31abbad1fdd8.rmeta --extern mesh_derive=/home/ruize/openvmm-restore-v1/target/verus-partial/debug/deps/libmesh_derive-e9dcdcea9c6381f2.so --extern thiserror=/home/ruize/openvmm-restore-v1/target/verus-partial/debug/deps/libthiserror-6d622c34028426ba.rmeta --extern vstd=/home/ruize/openvmm-restore-v1/target/verus-partial/debug/deps/libvstd-0b932679964ce3b0.rmeta --extern zerocopy=/home/ruize/openvmm-restore-v1/target/verus-partial/debug/deps/libzerocopy-2fbbd02099a22f14.rmeta -Cforce-frame-pointers=yes -Csymbol-mangling-version=v0 -Z checksum-hash-algorithm=blake3` (signal: 6, SIGABRT: process abort signal)
Command exited with non-zero status 101
elapsed_s=2.69 exit=101
