inspect v0.0.0 (/home/ruize/openvmm-restore-v1/support/inspect)
├── inspect feature "defer"
│   ├── membacking v0.0.0 (/home/ruize/openvmm-restore-v1/openvmm/membacking)
│   │   └── membacking feature "default"
│   │       ├── openvmm_core v0.0.0 (/home/ruize/openvmm-restore-v1/openvmm/openvmm_core)
│   │       │   └── openvmm_core feature "default" (command-line)
│   │       └── vfio_assigned_device v0.0.0 (/home/ruize/openvmm-restore-v1/vm/devices/pci/vfio_assigned_device)
│   │           └── vfio_assigned_device feature "default"
│   │               └── openvmm_core v0.0.0 (/home/ruize/openvmm-restore-v1/openvmm/openvmm_core) (*)
│   ├── mesh_worker v0.0.0 (/home/ruize/openvmm-restore-v1/support/mesh/mesh_worker)
│   │   └── mesh_worker feature "default"
│   │       ├── chipset_device_worker v0.0.0 (/home/ruize/openvmm-restore-v1/workers/chipset_device_worker)
│   │       │   └── chipset_device_worker feature "default"
│   │       │       └── openvmm_core v0.0.0 (/home/ruize/openvmm-restore-v1/openvmm/openvmm_core) (*)
│   │       ├── chipset_device_worker_defs v0.0.0 (/home/ruize/openvmm-restore-v1/workers/chipset_device_worker_defs)
│   │       │   └── chipset_device_worker_defs feature "default"
│   │       │       └── chipset_device_worker v0.0.0 (/home/ruize/openvmm-restore-v1/workers/chipset_device_worker) (*)
│   │       ├── openvmm_core v0.0.0 (/home/ruize/openvmm-restore-v1/openvmm/openvmm_core) (*)
│   │       └── openvmm_defs v0.0.0 (/home/ruize/openvmm-restore-v1/openvmm/openvmm_defs)
│   │           └── openvmm_defs feature "default"
│   │               └── openvmm_core v0.0.0 (/home/ruize/openvmm-restore-v1/openvmm/openvmm_core) (*)
│   ├── state_unit v0.0.0 (/home/ruize/openvmm-restore-v1/vmm_core/state_unit)
│   │   └── state_unit feature "default"
│   │       ├── openvmm_core v0.0.0 (/home/ruize/openvmm-restore-v1/openvmm/openvmm_core) (*)
│   │       ├── openvmm_defs v0.0.0 (/home/ruize/openvmm-restore-v1/openvmm/openvmm_defs) (*)
│   │       ├── vmm_core v0.0.0 (/home/ruize/openvmm-restore-v1/vmm_core)
│   │       │   ├── vmm_core feature "default"
│   │       │   │   └── openvmm_core v0.0.0 (/home/ruize/openvmm-restore-v1/openvmm/openvmm_core) (*)
│   │       │   ├── vmm_core feature "dump"
│   │       │   │   └── openvmm_core v0.0.0 (/home/ruize/openvmm-restore-v1/openvmm/openvmm_core) (*)
│   │       │   └── vmm_core feature "hyperv_dump"
│   │       │       └── vmm_core feature "dump" (*)
│   │       └── vmotherboard v0.0.0 (/home/ruize/openvmm-restore-v1/vmm_core/vmotherboard)
│   │           ├── vmotherboard feature "default"
│   │           │   ├── openvmm_core v0.0.0 (/home/ruize/openvmm-restore-v1/openvmm/openvmm_core) (*)
│   │           │   ├── openvmm_defs v0.0.0 (/home/ruize/openvmm-restore-v1/openvmm/openvmm_defs) (*)
│   │           │   └── vmm_core v0.0.0 (/home/ruize/openvmm-restore-v1/vmm_core) (*)
│   │           ├── vmotherboard feature "dev_generic_isa_floppy"
│   │           │   └── openvmm_core v0.0.0 (/home/ruize/openvmm-restore-v1/openvmm/openvmm_core) (*)
│   │           ├── vmotherboard feature "dev_hyperv_vga"
│   │           │   └── openvmm_core v0.0.0 (/home/ruize/openvmm-restore-v1/openvmm/openvmm_core) (*)
│   │           └── vmotherboard feature "dev_winbond_super_io_and_floppy_full"
│   │               └── openvmm_core v0.0.0 (/home/ruize/openvmm-restore-v1/openvmm/openvmm_core) (*)
│   ├── task_control v0.0.0 (/home/ruize/openvmm-restore-v1/support/task_control)
│   │   └── task_control feature "default"
│   │       ├── vga v0.0.0 (/home/ruize/openvmm-restore-v1/vm/devices/vga)
│   │       │   └── vga feature "default"
│   │       │       └── vmotherboard v0.0.0 (/home/ruize/openvmm-restore-v1/vmm_core/vmotherboard) (*)
│   │       ├── vmbus_channel v0.0.0 (/home/ruize/openvmm-restore-v1/vm/devices/vmbus/vmbus_channel)
│   │       │   └── vmbus_channel feature "default"
│   │       │       ├── openvmm_core v0.0.0 (/home/ruize/openvmm-restore-v1/openvmm/openvmm_core) (*)
│   │       │       ├── vmbus_async v0.0.0 (/home/ruize/openvmm-restore-v1/vm/devices/vmbus/vmbus_async)
│   │       │       │   └── vmbus_async feature "default"
│   │       │       │       ├── vmbus_server v0.0.0 (/home/ruize/openvmm-restore-v1/vm/devices/vmbus/vmbus_server)
│   │       │       │       │   └── vmbus_server feature "default"
│   │       │       │       │       ├── openvmm_core v0.0.0 (/home/ruize/openvmm-restore-v1/openvmm/openvmm_core) (*)
│   │       │       │       │       └── vmm_core v0.0.0 (/home/ruize/openvmm-restore-v1/vmm_core) (*)
│   │       │       │       └── vpci v0.0.0 (/home/ruize/openvmm-restore-v1/vm/devices/pci/vpci)
│   │       │       │           └── vpci feature "default"
│   │       │       │               └── vmm_core v0.0.0 (/home/ruize/openvmm-restore-v1/vmm_core) (*)
│   │       │       ├── vmbus_server v0.0.0 (/home/ruize/openvmm-restore-v1/vm/devices/vmbus/vmbus_server) (*)
│   │       │       ├── vmm_core v0.0.0 (/home/ruize/openvmm-restore-v1/vmm_core) (*)
│   │       │       └── vpci v0.0.0 (/home/ruize/openvmm-restore-v1/vm/devices/pci/vpci) (*)
│   │       └── vpci v0.0.0 (/home/ruize/openvmm-restore-v1/vm/devices/pci/vpci) (*)
│   ├── vmcore v0.0.0 (/home/ruize/openvmm-restore-v1/vm/vmcore)
│   │   └── vmcore feature "default"
│   │       ├── amd_iommu v0.0.0 (/home/ruize/openvmm-restore-v1/vm/devices/iommu/amd_iommu)
│   │       │   └── amd_iommu feature "default"
│   │       │       └── openvmm_core v0.0.0 (/home/ruize/openvmm-restore-v1/openvmm/openvmm_core) (*)
│   │       ├── chipset v0.0.0 (/home/ruize/openvmm-restore-v1/vm/devices/chipset)
│   │       │   └── chipset feature "default"
│   │       │       ├── chipset_legacy v0.0.0 (/home/ruize/openvmm-restore-v1/vm/devices/chipset_legacy)
│   │       │       │   └── chipset_legacy feature "default"
│   │       │       │       ├── openvmm_core v0.0.0 (/home/ruize/openvmm-restore-v1/openvmm/openvmm_core) (*)
│   │       │       │       └── vmotherboard v0.0.0 (/home/ruize/openvmm-restore-v1/vmm_core/vmotherboard) (*)
│   │       │       ├── vmm_core v0.0.0 (/home/ruize/openvmm-restore-v1/vmm_core) (*)
│   │       │       └── vmotherboard v0.0.0 (/home/ruize/openvmm-restore-v1/vmm_core/vmotherboard) (*)
│   │       ├── chipset_device v0.0.0 (/home/ruize/openvmm-restore-v1/vm/chipset_device)
│   │       │   └── chipset_device feature "default"
│   │       │       ├── amd_iommu v0.0.0 (/home/ruize/openvmm-restore-v1/vm/devices/iommu/amd_iommu) (*)
│   │       │       ├── chipset v0.0.0 (/home/ruize/openvmm-restore-v1/vm/devices/chipset) (*)
│   │       │       ├── chipset_device_resources v0.0.0 (/home/ruize/openvmm-restore-v1/vm/chipset_device_resources)
│   │       │       │   └── chipset_device_resources feature "default"
│   │       │       │       ├── chipset v0.0.0 (/home/ruize/openvmm-restore-v1/vm/devices/chipset) (*)
│   │       │       │       ├── chipset_device_worker v0.0.0 (/home/ruize/openvmm-restore-v1/workers/chipset_device_worker) (*)
│   │       │       │       ├── chipset_legacy v0.0.0 (/home/ruize/openvmm-restore-v1/vm/devices/chipset_legacy) (*)
│   │       │       │       ├── missing_dev v0.0.0 (/home/ruize/openvmm-restore-v1/vm/devices/missing_dev)
│   │       │       │       │   └── missing_dev feature "default"
│   │       │       │       │       ├── openvmm_core v0.0.0 (/home/ruize/openvmm-restore-v1/openvmm/openvmm_core) (*)
│   │       │       │       │       └── vmotherboard v0.0.0 (/home/ruize/openvmm-restore-v1/vmm_core/vmotherboard) (*)
│   │       │       │       ├── openvmm_core v0.0.0 (/home/ruize/openvmm-restore-v1/openvmm/openvmm_core) (*)
│   │       │       │       ├── pci_resources v0.0.0 (/home/ruize/openvmm-restore-v1/vm/devices/pci/pci_resources)
│   │       │       │       │   └── pci_resources feature "default"
│   │       │       │       │       ├── cxl_spec v0.0.0 (/home/ruize/openvmm-restore-v1/vm/devices/cxl)
│   │       │       │       │       │   └── cxl_spec feature "default"
│   │       │       │       │       │       ├── acpi v0.0.0 (/home/ruize/openvmm-restore-v1/vm/acpi)
│   │       │       │       │       │       │   └── acpi feature "default"
│   │       │       │       │       │       │       ├── openvmm_core v0.0.0 (/home/ruize/openvmm-restore-v1/openvmm/openvmm_core) (*)
│   │       │       │       │       │       │       └── vmm_core v0.0.0 (/home/ruize/openvmm-restore-v1/vmm_core) (*)
│   │       │       │       │       │       ├── openvmm_core v0.0.0 (/home/ruize/openvmm-restore-v1/openvmm/openvmm_core) (*)
│   │       │       │       │       │       ├── pcie v0.0.0 (/home/ruize/openvmm-restore-v1/vm/devices/pci/pcie)
│   │       │       │       │       │       │   └── pcie feature "default"
│   │       │       │       │       │       │       ├── openvmm_core v0.0.0 (/home/ruize/openvmm-restore-v1/openvmm/openvmm_core) (*)
│   │       │       │       │       │       │       └── vmotherboard v0.0.0 (/home/ruize/openvmm-restore-v1/vmm_core/vmotherboard) (*)
│   │       │       │       │       │       └── vm_topology v0.0.0 (/home/ruize/openvmm-restore-v1/vm/vmcore/vm_topology)
│   │       │       │       │       │           ├── vm_topology feature "default"
│   │       │       │       │       │           │   ├── firmware_pcat v0.0.0 (/home/ruize/openvmm-restore-v1/vm/devices/firmware/firmware_pcat)
│   │       │       │       │       │           │   │   └── firmware_pcat feature "default"
│   │       │       │       │       │           │   │       ├── openvmm_core v0.0.0 (/home/ruize/openvmm-restore-v1/openvmm/openvmm_core) (*)
│   │       │       │       │       │           │   │       └── vmotherboard v0.0.0 (/home/ruize/openvmm-restore-v1/vmm_core/vmotherboard) (*)
│   │       │       │       │       │           │   ├── loader v0.0.0 (/home/ruize/openvmm-restore-v1/vm/loader)
│   │       │       │       │       │           │   │   └── loader feature "default"
│   │       │       │       │       │           │   │       ├── openvmm_core v0.0.0 (/home/ruize/openvmm-restore-v1/openvmm/openvmm_core) (*)
│   │       │       │       │       │           │   │       └── vm_loader v0.0.0 (/home/ruize/openvmm-restore-v1/vmm_core/vm_loader)
│   │       │       │       │       │           │   │           └── vm_loader feature "default"
│   │       │       │       │       │           │   │               └── openvmm_core v0.0.0 (/home/ruize/openvmm-restore-v1/openvmm/openvmm_core) (*)
│   │       │       │       │       │           │   ├── openvmm_core v0.0.0 (/home/ruize/openvmm-restore-v1/openvmm/openvmm_core) (*)
│   │       │       │       │       │           │   ├── virt v0.0.0 (/home/ruize/openvmm-restore-v1/vmm_core/virt)
│   │       │       │       │       │           │   │   └── virt feature "default"
│   │       │       │       │       │           │   │       ├── hyperv_dump v0.0.0 (/home/ruize/openvmm-restore-v1/vmm_core/hyperv_dump)
│   │       │       │       │       │           │   │       │   └── hyperv_dump feature "default"
│   │       │       │       │       │           │   │       │       ├── openvmm_core v0.0.0 (/home/ruize/openvmm-restore-v1/openvmm/openvmm_core) (*)
│   │       │       │       │       │           │   │       │       └── vmm_core v0.0.0 (/home/ruize/openvmm-restore-v1/vmm_core) (*)
│   │       │       │       │       │           │   │       ├── membacking v0.0.0 (/home/ruize/openvmm-restore-v1/openvmm/membacking) (*)
│   │       │       │       │       │           │   │       ├── openvmm_core v0.0.0 (/home/ruize/openvmm-restore-v1/openvmm/openvmm_core) (*)
│   │       │       │       │       │           │   │       ├── openvmm_defs v0.0.0 (/home/ruize/openvmm-restore-v1/openvmm/openvmm_defs) (*)
│   │       │       │       │       │           │   │       ├── vm_loader v0.0.0 (/home/ruize/openvmm-restore-v1/vmm_core/vm_loader) (*)
│   │       │       │       │       │           │   │       ├── vmm_core v0.0.0 (/home/ruize/openvmm-restore-v1/vmm_core) (*)
│   │       │       │       │       │           │   │       └── vmm_core_defs v0.0.0 (/home/ruize/openvmm-restore-v1/vmm_core/vmm_core_defs)
│   │       │       │       │       │           │   │           └── vmm_core_defs feature "default"
│   │       │       │       │       │           │   │               ├── openvmm_core v0.0.0 (/home/ruize/openvmm-restore-v1/openvmm/openvmm_core) (*)
│   │       │       │       │       │           │   │               ├── openvmm_defs v0.0.0 (/home/ruize/openvmm-restore-v1/openvmm/openvmm_defs) (*)
│   │       │       │       │       │           │   │               └── vmm_core v0.0.0 (/home/ruize/openvmm-restore-v1/vmm_core) (*)
│   │       │       │       │       │           │   ├── vm_loader v0.0.0 (/home/ruize/openvmm-restore-v1/vmm_core/vm_loader) (*)
│   │       │       │       │       │           │   └── vmm_core v0.0.0 (/home/ruize/openvmm-restore-v1/vmm_core) (*)
│   │       │       │       │       │           ├── vm_topology feature "inspect"
│   │       │       │       │       │           │   ├── firmware_pcat v0.0.0 (/home/ruize/openvmm-restore-v1/vm/devices/firmware/firmware_pcat) (*)
│   │       │       │       │       │           │   ├── virt v0.0.0 (/home/ruize/openvmm-restore-v1/vmm_core/virt) (*)
│   │       │       │       │       │           │   └── vmm_core v0.0.0 (/home/ruize/openvmm-restore-v1/vmm_core) (*)
│   │       │       │       │       │           └── vm_topology feature "mesh"
│   │       │       │       │       │               └── openvmm_core v0.0.0 (/home/ruize/openvmm-restore-v1/openvmm/openvmm_core) (*)
│   │       │       │       │       ├── openvmm_core v0.0.0 (/home/ruize/openvmm-restore-v1/openvmm/openvmm_core) (*)
│   │       │       │       │       ├── vfio_assigned_device v0.0.0 (/home/ruize/openvmm-restore-v1/vm/devices/pci/vfio_assigned_device) (*)
│   │       │       │       │       ├── virtio v0.0.0 (/home/ruize/openvmm-restore-v1/vm/devices/virtio/virtio)
│   │       │       │       │       │   └── virtio feature "default"
│   │       │       │       │       │       └── openvmm_core v0.0.0 (/home/ruize/openvmm-restore-v1/openvmm/openvmm_core) (*)
│   │       │       │       │       └── vmm_core v0.0.0 (/home/ruize/openvmm-restore-v1/vmm_core) (*)
│   │       │       │       ├── vmm_core v0.0.0 (/home/ruize/openvmm-restore-v1/vmm_core) (*)
│   │       │       │       └── vmotherboard v0.0.0 (/home/ruize/openvmm-restore-v1/vmm_core/vmotherboard) (*)
│   │       │       ├── chipset_device_worker v0.0.0 (/home/ruize/openvmm-restore-v1/workers/chipset_device_worker) (*)
│   │       │       ├── chipset_legacy v0.0.0 (/home/ruize/openvmm-restore-v1/vm/devices/chipset_legacy) (*)
│   │       │       ├── cxl_spec v0.0.0 (/home/ruize/openvmm-restore-v1/vm/devices/cxl) (*)
│   │       │       ├── firmware_pcat v0.0.0 (/home/ruize/openvmm-restore-v1/vm/devices/firmware/firmware_pcat) (*)
│   │       │       ├── floppy v0.0.0 (/home/ruize/openvmm-restore-v1/vm/devices/storage/floppy)
│   │       │       │   └── floppy feature "default"
│   │       │       │       ├── chipset_legacy v0.0.0 (/home/ruize/openvmm-restore-v1/vm/devices/chipset_legacy) (*)
│   │       │       │       ├── openvmm_core v0.0.0 (/home/ruize/openvmm-restore-v1/openvmm/openvmm_core) (*)
│   │       │       │       └── vmotherboard v0.0.0 (/home/ruize/openvmm-restore-v1/vmm_core/vmotherboard) (*)
│   │       │       ├── floppy_pcat_stub v0.0.0 (/home/ruize/openvmm-restore-v1/vm/devices/storage/floppy_pcat_stub)
│   │       │       │   └── floppy_pcat_stub feature "default"
│   │       │       │       └── chipset_legacy v0.0.0 (/home/ruize/openvmm-restore-v1/vm/devices/chipset_legacy) (*)
│   │       │       ├── framebuffer v0.0.0 (/home/ruize/openvmm-restore-v1/vm/devices/framebuffer)
│   │       │       │   └── framebuffer feature "default"
│   │       │       │       ├── openvmm_core v0.0.0 (/home/ruize/openvmm-restore-v1/openvmm/openvmm_core) (*)
│   │       │       │       ├── openvmm_defs v0.0.0 (/home/ruize/openvmm-restore-v1/openvmm/openvmm_defs) (*)
│   │       │       │       ├── vga v0.0.0 (/home/ruize/openvmm-restore-v1/vm/devices/vga) (*)
│   │       │       │       └── vmotherboard v0.0.0 (/home/ruize/openvmm-restore-v1/vmm_core/vmotherboard) (*)
│   │       │       ├── ide v0.0.0 (/home/ruize/openvmm-restore-v1/vm/devices/storage/ide)
│   │       │       │   └── ide feature "default"
│   │       │       │       ├── openvmm_core v0.0.0 (/home/ruize/openvmm-restore-v1/openvmm/openvmm_core) (*)
│   │       │       │       └── vmotherboard v0.0.0 (/home/ruize/openvmm-restore-v1/vmm_core/vmotherboard) (*)
│   │       │       ├── intel_vtd v0.0.0 (/home/ruize/openvmm-restore-v1/vm/devices/iommu/intel_vtd)
│   │       │       │   └── intel_vtd feature "default"
│   │       │       │       └── openvmm_core v0.0.0 (/home/ruize/openvmm-restore-v1/openvmm/openvmm_core) (*)
│   │       │       ├── missing_dev v0.0.0 (/home/ruize/openvmm-restore-v1/vm/devices/missing_dev) (*)
│   │       │       ├── openvmm_core v0.0.0 (/home/ruize/openvmm-restore-v1/openvmm/openvmm_core) (*)
│   │       │       ├── pci_bus v0.0.0 (/home/ruize/openvmm-restore-v1/vm/devices/pci/pci_bus)
│   │       │       │   └── pci_bus feature "default"
│   │       │       │       ├── chipset_legacy v0.0.0 (/home/ruize/openvmm-restore-v1/vm/devices/chipset_legacy) (*)
│   │       │       │       ├── openvmm_core v0.0.0 (/home/ruize/openvmm-restore-v1/openvmm/openvmm_core) (*)
│   │       │       │       ├── pcie v0.0.0 (/home/ruize/openvmm-restore-v1/vm/devices/pci/pcie) (*)
│   │       │       │       └── vmotherboard v0.0.0 (/home/ruize/openvmm-restore-v1/vmm_core/vmotherboard) (*)
│   │       │       ├── pci_core v0.0.0 (/home/ruize/openvmm-restore-v1/vm/devices/pci/pci_core)
│   │       │       │   └── pci_core feature "default"
│   │       │       │       ├── amd_iommu v0.0.0 (/home/ruize/openvmm-restore-v1/vm/devices/iommu/amd_iommu) (*)
│   │       │       │       ├── chipset_legacy v0.0.0 (/home/ruize/openvmm-restore-v1/vm/devices/chipset_legacy) (*)
│   │       │       │       ├── cxl_spec v0.0.0 (/home/ruize/openvmm-restore-v1/vm/devices/cxl) (*)
│   │       │       │       ├── ide v0.0.0 (/home/ruize/openvmm-restore-v1/vm/devices/storage/ide) (*)
│   │       │       │       ├── intel_vtd v0.0.0 (/home/ruize/openvmm-restore-v1/vm/devices/iommu/intel_vtd) (*)
│   │       │       │       ├── iommu_common v0.0.0 (/home/ruize/openvmm-restore-v1/vm/devices/iommu/iommu_common)
│   │       │       │       │   └── iommu_common feature "default"
│   │       │       │       │       ├── amd_iommu v0.0.0 (/home/ruize/openvmm-restore-v1/vm/devices/iommu/amd_iommu) (*)
│   │       │       │       │       ├── intel_vtd v0.0.0 (/home/ruize/openvmm-restore-v1/vm/devices/iommu/intel_vtd) (*)
│   │       │       │       │       ├── openvmm_core v0.0.0 (/home/ruize/openvmm-restore-v1/openvmm/openvmm_core) (*)
│   │       │       │       │       └── smmu v0.0.0 (/home/ruize/openvmm-restore-v1/vm/devices/iommu/smmu)
│   │       │       │       │           └── smmu feature "default"
│   │       │       │       │               └── openvmm_core v0.0.0 (/home/ruize/openvmm-restore-v1/openvmm/openvmm_core) (*)
│   │       │       │       ├── missing_dev v0.0.0 (/home/ruize/openvmm-restore-v1/vm/devices/missing_dev) (*)
│   │       │       │       ├── openvmm_core v0.0.0 (/home/ruize/openvmm-restore-v1/openvmm/openvmm_core) (*)
│   │       │       │       ├── pci_bus v0.0.0 (/home/ruize/openvmm-restore-v1/vm/devices/pci/pci_bus) (*)
│   │       │       │       ├── pci_resource_assignment v0.0.0 (/home/ruize/openvmm-restore-v1/vm/devices/pci/pci_resource_assignment)
│   │       │       │       │   └── pci_resource_assignment feature "default"
│   │       │       │       │       └── openvmm_core v0.0.0 (/home/ruize/openvmm-restore-v1/openvmm/openvmm_core) (*)
│   │       │       │       ├── pci_resources v0.0.0 (/home/ruize/openvmm-restore-v1/vm/devices/pci/pci_resources) (*)
│   │       │       │       ├── pcie v0.0.0 (/home/ruize/openvmm-restore-v1/vm/devices/pci/pcie) (*)
│   │       │       │       ├── smmu v0.0.0 (/home/ruize/openvmm-restore-v1/vm/devices/iommu/smmu) (*)
│   │       │       │       ├── vfio_assigned_device v0.0.0 (/home/ruize/openvmm-restore-v1/vm/devices/pci/vfio_assigned_device) (*)
│   │       │       │       ├── vga v0.0.0 (/home/ruize/openvmm-restore-v1/vm/devices/vga) (*)
│   │       │       │       ├── virt v0.0.0 (/home/ruize/openvmm-restore-v1/vmm_core/virt) (*)
│   │       │       │       ├── virtio v0.0.0 (/home/ruize/openvmm-restore-v1/vm/devices/virtio/virtio) (*)
│   │       │       │       ├── vmm_core v0.0.0 (/home/ruize/openvmm-restore-v1/vmm_core) (*)
│   │       │       │       └── vpci v0.0.0 (/home/ruize/openvmm-restore-v1/vm/devices/pci/vpci) (*)
│   │       │       ├── pci_resources v0.0.0 (/home/ruize/openvmm-restore-v1/vm/devices/pci/pci_resources) (*)
│   │       │       ├── pcie v0.0.0 (/home/ruize/openvmm-restore-v1/vm/devices/pci/pcie) (*)
│   │       │       ├── smmu v0.0.0 (/home/ruize/openvmm-restore-v1/vm/devices/iommu/smmu) (*)
│   │       │       ├── vfio_assigned_device v0.0.0 (/home/ruize/openvmm-restore-v1/vm/devices/pci/vfio_assigned_device) (*)
│   │       │       ├── vga v0.0.0 (/home/ruize/openvmm-restore-v1/vm/devices/vga) (*)
│   │       │       ├── virtio v0.0.0 (/home/ruize/openvmm-restore-v1/vm/devices/virtio/virtio) (*)
│   │       │       ├── vmotherboard v0.0.0 (/home/ruize/openvmm-restore-v1/vmm_core/vmotherboard) (*)
│   │       │       └── vpci v0.0.0 (/home/ruize/openvmm-restore-v1/vm/devices/pci/vpci) (*)
│   │       ├── chipset_device_resources v0.0.0 (/home/ruize/openvmm-restore-v1/vm/chipset_device_resources) (*)
│   │       ├── chipset_device_worker v0.0.0 (/home/ruize/openvmm-restore-v1/workers/chipset_device_worker) (*)
│   │       ├── chipset_legacy v0.0.0 (/home/ruize/openvmm-restore-v1/vm/devices/chipset_legacy) (*)
│   │       ├── cxl_spec v0.0.0 (/home/ruize/openvmm-restore-v1/vm/devices/cxl) (*)
│   │       ├── disk_backend v0.0.0 (/home/ruize/openvmm-restore-v1/vm/devices/storage/disk_backend)
│   │       │   └── disk_backend feature "default"
│   │       │       ├── floppy v0.0.0 (/home/ruize/openvmm-restore-v1/vm/devices/storage/floppy) (*)
│   │       │       ├── ide v0.0.0 (/home/ruize/openvmm-restore-v1/vm/devices/storage/ide) (*)
│   │       │       ├── openvmm_core v0.0.0 (/home/ruize/openvmm-restore-v1/openvmm/openvmm_core) (*)
│   │       │       ├── scsidisk v0.0.0 (/home/ruize/openvmm-restore-v1/vm/devices/storage/scsidisk)
│   │       │       │   └── scsidisk feature "default"
│   │       │       │       └── openvmm_core v0.0.0 (/home/ruize/openvmm-restore-v1/openvmm/openvmm_core) (*)
│   │       │       └── vmgs v0.0.0 (/home/ruize/openvmm-restore-v1/vm/vmgs/vmgs)
│   │       │           ├── vmgs feature "default"
│   │       │           │   ├── openvmm_core v0.0.0 (/home/ruize/openvmm-restore-v1/openvmm/openvmm_core) (*)
│   │       │           │   └── vmgs_broker v0.0.0 (/home/ruize/openvmm-restore-v1/vm/vmgs/vmgs_broker)
│   │       │           │       ├── vmgs_broker feature "default"
│   │       │           │       │   └── openvmm_core v0.0.0 (/home/ruize/openvmm-restore-v1/openvmm/openvmm_core) (*)
│   │       │           │       └── vmgs_broker feature "encryption"
│   │       │           │           └── openvmm_core v0.0.0 (/home/ruize/openvmm-restore-v1/openvmm/openvmm_core) (*)
│   │       │           ├── vmgs feature "encryption"
│   │       │           │   └── vmgs_broker feature "encryption" (*)
│   │       │           ├── vmgs feature "inspect"
│   │       │           │   └── vmgs_broker v0.0.0 (/home/ruize/openvmm-restore-v1/vm/vmgs/vmgs_broker) (*)
│   │       │           ├── vmgs feature "mesh"
│   │       │           │   └── vmgs_broker v0.0.0 (/home/ruize/openvmm-restore-v1/vm/vmgs/vmgs_broker) (*)
│   │       │           └── vmgs feature "save_restore"
│   │       │               └── vmgs_broker v0.0.0 (/home/ruize/openvmm-restore-v1/vm/vmgs/vmgs_broker) (*)
│   │       ├── firmware_pcat v0.0.0 (/home/ruize/openvmm-restore-v1/vm/devices/firmware/firmware_pcat) (*)
│   │       ├── floppy v0.0.0 (/home/ruize/openvmm-restore-v1/vm/devices/storage/floppy) (*)
│   │       ├── floppy_pcat_stub v0.0.0 (/home/ruize/openvmm-restore-v1/vm/devices/storage/floppy_pcat_stub) (*)
│   │       ├── framebuffer v0.0.0 (/home/ruize/openvmm-restore-v1/vm/devices/framebuffer) (*)
│   │       ├── generation_id v0.0.0 (/home/ruize/openvmm-restore-v1/vm/devices/firmware/generation_id)
│   │       │   └── generation_id feature "default"
│   │       │       ├── firmware_pcat v0.0.0 (/home/ruize/openvmm-restore-v1/vm/devices/firmware/firmware_pcat) (*)
│   │       │       └── vmotherboard v0.0.0 (/home/ruize/openvmm-restore-v1/vmm_core/vmotherboard) (*)
│   │       ├── ide v0.0.0 (/home/ruize/openvmm-restore-v1/vm/devices/storage/ide) (*)
│   │       ├── intel_vtd v0.0.0 (/home/ruize/openvmm-restore-v1/vm/devices/iommu/intel_vtd) (*)
│   │       ├── membacking v0.0.0 (/home/ruize/openvmm-restore-v1/openvmm/membacking) (*)
│   │       ├── missing_dev v0.0.0 (/home/ruize/openvmm-restore-v1/vm/devices/missing_dev) (*)
│   │       ├── openvmm_core v0.0.0 (/home/ruize/openvmm-restore-v1/openvmm/openvmm_core) (*)
│   │       ├── openvmm_defs v0.0.0 (/home/ruize/openvmm-restore-v1/openvmm/openvmm_defs) (*)
│   │       ├── pci_bus v0.0.0 (/home/ruize/openvmm-restore-v1/vm/devices/pci/pci_bus) (*)
│   │       ├── pci_core v0.0.0 (/home/ruize/openvmm-restore-v1/vm/devices/pci/pci_core) (*)
│   │       ├── pci_resources v0.0.0 (/home/ruize/openvmm-restore-v1/vm/devices/pci/pci_resources) (*)
│   │       ├── pcie v0.0.0 (/home/ruize/openvmm-restore-v1/vm/devices/pci/pcie) (*)
│   │       ├── scsi_core v0.0.0 (/home/ruize/openvmm-restore-v1/vm/devices/storage/scsi_core)
│   │       │   └── scsi_core feature "default"
│   │       │       ├── ide v0.0.0 (/home/ruize/openvmm-restore-v1/vm/devices/storage/ide) (*)
│   │       │       ├── openvmm_core v0.0.0 (/home/ruize/openvmm-restore-v1/openvmm/openvmm_core) (*)
│   │       │       └── scsidisk v0.0.0 (/home/ruize/openvmm-restore-v1/vm/devices/storage/scsidisk) (*)
│   │       ├── scsidisk v0.0.0 (/home/ruize/openvmm-restore-v1/vm/devices/storage/scsidisk) (*)
│   │       ├── smmu v0.0.0 (/home/ruize/openvmm-restore-v1/vm/devices/iommu/smmu) (*)
│   │       ├── state_unit v0.0.0 (/home/ruize/openvmm-restore-v1/vmm_core/state_unit) (*)
│   │       ├── vfio_assigned_device v0.0.0 (/home/ruize/openvmm-restore-v1/vm/devices/pci/vfio_assigned_device) (*)
│   │       ├── vga v0.0.0 (/home/ruize/openvmm-restore-v1/vm/devices/vga) (*)
│   │       ├── virt v0.0.0 (/home/ruize/openvmm-restore-v1/vmm_core/virt) (*)
│   │       ├── virtio v0.0.0 (/home/ruize/openvmm-restore-v1/vm/devices/virtio/virtio) (*)
│   │       ├── vmbus_channel v0.0.0 (/home/ruize/openvmm-restore-v1/vm/devices/vmbus/vmbus_channel) (*)
│   │       ├── vmbus_server v0.0.0 (/home/ruize/openvmm-restore-v1/vm/devices/vmbus/vmbus_server) (*)
│   │       ├── vmgs_broker v0.0.0 (/home/ruize/openvmm-restore-v1/vm/vmgs/vmgs_broker) (*)
│   │       ├── vmm_core v0.0.0 (/home/ruize/openvmm-restore-v1/vmm_core) (*)
│   │       ├── vmotherboard v0.0.0 (/home/ruize/openvmm-restore-v1/vmm_core/vmotherboard) (*)
│   │       ├── vpci v0.0.0 (/home/ruize/openvmm-restore-v1/vm/devices/pci/vpci) (*)
│   │       ├── watchdog_core v0.0.0 (/home/ruize/openvmm-restore-v1/vm/devices/watchdog/watchdog_core)
│   │       │   └── watchdog_core feature "default"
│   │       │       ├── firmware_uefi_resources v0.0.0 (/home/ruize/openvmm-restore-v1/vm/devices/firmware/firmware_uefi_resources)
│   │       │       │   └── firmware_uefi_resources feature "default"
│   │       │       │       └── openvmm_core v0.0.0 (/home/ruize/openvmm-restore-v1/openvmm/openvmm_core) (*)
│   │       │       └── openvmm_core v0.0.0 (/home/ruize/openvmm-restore-v1/openvmm/openvmm_core) (*)
│   │       └── watchdog_vmgs_format v0.0.0 (/home/ruize/openvmm-restore-v1/vm/devices/watchdog/watchdog_vmgs_format)
│   │           └── watchdog_vmgs_format feature "default"
│   │               └── watchdog_core v0.0.0 (/home/ruize/openvmm-restore-v1/vm/devices/watchdog/watchdog_core) (*)
│   └── vmgs_broker v0.0.0 (/home/ruize/openvmm-restore-v1/vm/vmgs/vmgs_broker) (*)
├── inspect feature "derive"
│   ├── address_filter v0.0.0 (/home/ruize/openvmm-restore-v1/support/address_filter)
│   │   └── address_filter feature "default"
│   │       └── vmotherboard v0.0.0 (/home/ruize/openvmm-restore-v1/vmm_core/vmotherboard) (*)
│   ├── amd_iommu v0.0.0 (/home/ruize/openvmm-restore-v1/vm/devices/iommu/amd_iommu) (*)
│   ├── chipset v0.0.0 (/home/ruize/openvmm-restore-v1/vm/devices/chipset) (*)
│   ├── chipset_device v0.0.0 (/home/ruize/openvmm-restore-v1/vm/chipset_device) (*)
│   ├── chipset_device_resources v0.0.0 (/home/ruize/openvmm-restore-v1/vm/chipset_device_resources) (*)
│   ├── chipset_device_worker v0.0.0 (/home/ruize/openvmm-restore-v1/workers/chipset_device_worker) (*)
│   ├── chipset_legacy v0.0.0 (/home/ruize/openvmm-restore-v1/vm/devices/chipset_legacy) (*)
│   ├── chipset_resources v0.0.0 (/home/ruize/openvmm-restore-v1/vm/devices/chipset_resources)
│   │   └── chipset_resources feature "default"
│   │       ├── chipset v0.0.0 (/home/ruize/openvmm-restore-v1/vm/devices/chipset) (*)
│   │       ├── chipset_legacy v0.0.0 (/home/ruize/openvmm-restore-v1/vm/devices/chipset_legacy) (*)
│   │       ├── firmware_uefi_resources v0.0.0 (/home/ruize/openvmm-restore-v1/vm/devices/firmware/firmware_uefi_resources) (*)
│   │       ├── openvmm_core v0.0.0 (/home/ruize/openvmm-restore-v1/openvmm/openvmm_core) (*)
│   │       ├── openvmm_defs v0.0.0 (/home/ruize/openvmm-restore-v1/openvmm/openvmm_defs) (*)
│   │       ├── vmm_core v0.0.0 (/home/ruize/openvmm-restore-v1/vmm_core) (*)
│   │       └── vmotherboard v0.0.0 (/home/ruize/openvmm-restore-v1/vmm_core/vmotherboard) (*)
│   ├── cxl_spec v0.0.0 (/home/ruize/openvmm-restore-v1/vm/devices/cxl) (*)
│   ├── disk_backend v0.0.0 (/home/ruize/openvmm-restore-v1/vm/devices/storage/disk_backend) (*)
│   ├── firmware_pcat v0.0.0 (/home/ruize/openvmm-restore-v1/vm/devices/firmware/firmware_pcat) (*)
│   ├── firmware_uefi_resources v0.0.0 (/home/ruize/openvmm-restore-v1/vm/devices/firmware/firmware_uefi_resources) (*)
│   ├── floppy v0.0.0 (/home/ruize/openvmm-restore-v1/vm/devices/storage/floppy) (*)
│   ├── floppy_pcat_stub v0.0.0 (/home/ruize/openvmm-restore-v1/vm/devices/storage/floppy_pcat_stub) (*)
│   ├── framebuffer v0.0.0 (/home/ruize/openvmm-restore-v1/vm/devices/framebuffer) (*)
│   ├── generation_id v0.0.0 (/home/ruize/openvmm-restore-v1/vm/devices/firmware/generation_id) (*)
│   ├── get_resources v0.0.0 (/home/ruize/openvmm-restore-v1/vm/devices/get/get_resources)
│   │   └── get_resources feature "default"
│   │       ├── openvmm_core v0.0.0 (/home/ruize/openvmm-restore-v1/openvmm/openvmm_core) (*)
│   │       └── openvmm_defs v0.0.0 (/home/ruize/openvmm-restore-v1/openvmm/openvmm_defs) (*)
│   ├── guestmem v0.0.0 (/home/ruize/openvmm-restore-v1/vm/vmcore/guestmem)
│   │   └── guestmem feature "default"
│   │       ├── amd_iommu v0.0.0 (/home/ruize/openvmm-restore-v1/vm/devices/iommu/amd_iommu) (*)
│   │       ├── chipset_device_resources v0.0.0 (/home/ruize/openvmm-restore-v1/vm/chipset_device_resources) (*)
│   │       ├── chipset_device_worker v0.0.0 (/home/ruize/openvmm-restore-v1/workers/chipset_device_worker) (*)
│   │       ├── chipset_legacy v0.0.0 (/home/ruize/openvmm-restore-v1/vm/devices/chipset_legacy) (*)
│   │       ├── disk_backend v0.0.0 (/home/ruize/openvmm-restore-v1/vm/devices/storage/disk_backend) (*)
│   │       ├── firmware_pcat v0.0.0 (/home/ruize/openvmm-restore-v1/vm/devices/firmware/firmware_pcat) (*)
│   │       ├── floppy v0.0.0 (/home/ruize/openvmm-restore-v1/vm/devices/storage/floppy) (*)
│   │       ├── framebuffer v0.0.0 (/home/ruize/openvmm-restore-v1/vm/devices/framebuffer) (*)
│   │       ├── generation_id v0.0.0 (/home/ruize/openvmm-restore-v1/vm/devices/firmware/generation_id) (*)
│   │       ├── ide v0.0.0 (/home/ruize/openvmm-restore-v1/vm/devices/storage/ide) (*)
│   │       ├── intel_vtd v0.0.0 (/home/ruize/openvmm-restore-v1/vm/devices/iommu/intel_vtd) (*)
│   │       ├── iommu_common v0.0.0 (/home/ruize/openvmm-restore-v1/vm/devices/iommu/iommu_common) (*)
│   │       ├── membacking v0.0.0 (/home/ruize/openvmm-restore-v1/openvmm/membacking) (*)
│   │       ├── openvmm_core v0.0.0 (/home/ruize/openvmm-restore-v1/openvmm/openvmm_core) (*)
│   │       ├── pci_core v0.0.0 (/home/ruize/openvmm-restore-v1/vm/devices/pci/pci_core) (*)
│   │       ├── pci_resources v0.0.0 (/home/ruize/openvmm-restore-v1/vm/devices/pci/pci_resources) (*)
│   │       ├── scsi_buffers v0.0.0 (/home/ruize/openvmm-restore-v1/vm/devices/storage/scsi_buffers)
│   │       │   └── scsi_buffers feature "default"
│   │       │       ├── disk_backend v0.0.0 (/home/ruize/openvmm-restore-v1/vm/devices/storage/disk_backend) (*)
│   │       │       ├── floppy v0.0.0 (/home/ruize/openvmm-restore-v1/vm/devices/storage/floppy) (*)
│   │       │       ├── ide v0.0.0 (/home/ruize/openvmm-restore-v1/vm/devices/storage/ide) (*)
│   │       │       ├── scsi_core v0.0.0 (/home/ruize/openvmm-restore-v1/vm/devices/storage/scsi_core) (*)
│   │       │       ├── scsidisk v0.0.0 (/home/ruize/openvmm-restore-v1/vm/devices/storage/scsidisk) (*)
│   │       │       └── vmgs v0.0.0 (/home/ruize/openvmm-restore-v1/vm/vmgs/vmgs) (*)
│   │       ├── scsidisk v0.0.0 (/home/ruize/openvmm-restore-v1/vm/devices/storage/scsidisk) (*)
│   │       ├── smmu v0.0.0 (/home/ruize/openvmm-restore-v1/vm/devices/iommu/smmu) (*)
│   │       ├── vfio_assigned_device v0.0.0 (/home/ruize/openvmm-restore-v1/vm/devices/pci/vfio_assigned_device) (*)
│   │       ├── vga v0.0.0 (/home/ruize/openvmm-restore-v1/vm/devices/vga) (*)
│   │       ├── virt v0.0.0 (/home/ruize/openvmm-restore-v1/vmm_core/virt) (*)
│   │       ├── virtio v0.0.0 (/home/ruize/openvmm-restore-v1/vm/devices/virtio/virtio) (*)
│   │       ├── vm_loader v0.0.0 (/home/ruize/openvmm-restore-v1/vmm_core/vm_loader) (*)
│   │       ├── vmbus_async v0.0.0 (/home/ruize/openvmm-restore-v1/vm/devices/vmbus/vmbus_async) (*)
│   │       ├── vmbus_channel v0.0.0 (/home/ruize/openvmm-restore-v1/vm/devices/vmbus/vmbus_channel) (*)
│   │       ├── vmbus_ring v0.0.0 (/home/ruize/openvmm-restore-v1/vm/devices/vmbus/vmbus_ring)
│   │       │   └── vmbus_ring feature "default"
│   │       │       ├── vmbus_async v0.0.0 (/home/ruize/openvmm-restore-v1/vm/devices/vmbus/vmbus_async) (*)
│   │       │       ├── vmbus_channel v0.0.0 (/home/ruize/openvmm-restore-v1/vm/devices/vmbus/vmbus_channel) (*)
│   │       │       ├── vmbus_server v0.0.0 (/home/ruize/openvmm-restore-v1/vm/devices/vmbus/vmbus_server) (*)
│   │       │       └── vpci v0.0.0 (/home/ruize/openvmm-restore-v1/vm/devices/pci/vpci) (*)
│   │       ├── vmbus_server v0.0.0 (/home/ruize/openvmm-restore-v1/vm/devices/vmbus/vmbus_server) (*)
│   │       ├── vmgs v0.0.0 (/home/ruize/openvmm-restore-v1/vm/vmgs/vmgs) (*)
│   │       ├── vmm_core v0.0.0 (/home/ruize/openvmm-restore-v1/vmm_core) (*)
│   │       ├── vmotherboard v0.0.0 (/home/ruize/openvmm-restore-v1/vmm_core/vmotherboard) (*)
│   │       └── vpci v0.0.0 (/home/ruize/openvmm-restore-v1/vm/devices/pci/vpci) (*)
│   ├── guid v0.0.0 (/home/ruize/openvmm-restore-v1/support/guid)
│   │   ├── guid feature "default"
│   │   │   ├── acpi v0.0.0 (/home/ruize/openvmm-restore-v1/vm/acpi) (*)
│   │   │   ├── firmware_pcat v0.0.0 (/home/ruize/openvmm-restore-v1/vm/devices/firmware/firmware_pcat) (*)
│   │   │   ├── firmware_uefi_custom_vars v0.0.0 (/home/ruize/openvmm-restore-v1/vm/devices/firmware/firmware_uefi_custom_vars)
│   │   │   │   └── firmware_uefi_custom_vars feature "default"
│   │   │   │       ├── firmware_uefi_resources v0.0.0 (/home/ruize/openvmm-restore-v1/vm/devices/firmware/firmware_uefi_resources) (*)
│   │   │   │       └── hyperv_secure_boot_templates v0.0.0 (/home/ruize/openvmm-restore-v1/vm/devices/firmware/hyperv_secure_boot_templates)
│   │   │   │           └── hyperv_secure_boot_templates feature "default"
│   │   │   │               └── firmware_uefi_resources v0.0.0 (/home/ruize/openvmm-restore-v1/vm/devices/firmware/firmware_uefi_resources) (*)
│   │   │   ├── hcl_compat_uefi_nvram_storage v0.0.0 (/home/ruize/openvmm-restore-v1/vm/devices/firmware/hcl_compat_uefi_nvram_storage)
│   │   │   │   └── hcl_compat_uefi_nvram_storage feature "default"
│   │   │   │       └── vmm_core v0.0.0 (/home/ruize/openvmm-restore-v1/vmm_core) (*)
│   │   │   ├── hybrid_vsock v0.0.0 (/home/ruize/openvmm-restore-v1/support/hybrid_vsock)
│   │   │   │   └── hybrid_vsock feature "default"
│   │   │   │       └── vmbus_server v0.0.0 (/home/ruize/openvmm-restore-v1/vm/devices/vmbus/vmbus_server) (*)
│   │   │   ├── loader v0.0.0 (/home/ruize/openvmm-restore-v1/vm/loader) (*)
│   │   │   ├── net_backend_resources v0.0.0 (/home/ruize/openvmm-restore-v1/vm/devices/net/net_backend_resources)
│   │   │   │   └── net_backend_resources feature "default"
│   │   │   │       ├── openvmm_defs v0.0.0 (/home/ruize/openvmm-restore-v1/openvmm/openvmm_defs) (*)
│   │   │   │       └── virtio_resources v0.0.0 (/home/ruize/openvmm-restore-v1/vm/devices/virtio/virtio_resources)
│   │   │   │           └── virtio_resources feature "default"
│   │   │   │               └── virtio v0.0.0 (/home/ruize/openvmm-restore-v1/vm/devices/virtio/virtio) (*)
│   │   │   ├── openvmm_core v0.0.0 (/home/ruize/openvmm-restore-v1/openvmm/openvmm_core) (*)
│   │   │   ├── openvmm_defs v0.0.0 (/home/ruize/openvmm-restore-v1/openvmm/openvmm_defs) (*)
│   │   │   ├── scsidisk v0.0.0 (/home/ruize/openvmm-restore-v1/vm/devices/storage/scsidisk) (*)
│   │   │   ├── uefi_nvram_storage v0.0.0 (/home/ruize/openvmm-restore-v1/vm/devices/firmware/uefi_nvram_storage)
│   │   │   │   └── uefi_nvram_storage feature "default"
│   │   │   │       └── hcl_compat_uefi_nvram_storage v0.0.0 (/home/ruize/openvmm-restore-v1/vm/devices/firmware/hcl_compat_uefi_nvram_storage) (*)
│   │   │   ├── uefi_specs v0.0.0 (/home/ruize/openvmm-restore-v1/vm/devices/firmware/uefi_specs)
│   │   │   │   └── uefi_specs feature "default"
│   │   │   │       ├── firmware_uefi_custom_vars v0.0.0 (/home/ruize/openvmm-restore-v1/vm/devices/firmware/firmware_uefi_custom_vars) (*)
│   │   │   │       ├── firmware_uefi_resources v0.0.0 (/home/ruize/openvmm-restore-v1/vm/devices/firmware/firmware_uefi_resources) (*)
│   │   │   │       ├── openvmm_core v0.0.0 (/home/ruize/openvmm-restore-v1/openvmm/openvmm_core) (*)
│   │   │   │       └── uefi_nvram_storage v0.0.0 (/home/ruize/openvmm-restore-v1/vm/devices/firmware/uefi_nvram_storage) (*)
│   │   │   ├── vmbus_channel v0.0.0 (/home/ruize/openvmm-restore-v1/vm/devices/vmbus/vmbus_channel) (*)
│   │   │   ├── vmbus_core v0.0.0 (/home/ruize/openvmm-restore-v1/vm/devices/vmbus/vmbus_core)
│   │   │   │   └── vmbus_core feature "default"
│   │   │   │       ├── openvmm_core v0.0.0 (/home/ruize/openvmm-restore-v1/openvmm/openvmm_core) (*)
│   │   │   │       ├── vmbus_channel v0.0.0 (/home/ruize/openvmm-restore-v1/vm/devices/vmbus/vmbus_channel) (*)
│   │   │   │       └── vmbus_server v0.0.0 (/home/ruize/openvmm-restore-v1/vm/devices/vmbus/vmbus_server) (*)
│   │   │   ├── vmbus_server v0.0.0 (/home/ruize/openvmm-restore-v1/vm/devices/vmbus/vmbus_server) (*)
│   │   │   ├── vpci v0.0.0 (/home/ruize/openvmm-restore-v1/vm/devices/pci/vpci) (*)
│   │   │   └── vpci_protocol v0.0.0 (/home/ruize/openvmm-restore-v1/vm/devices/pci/vpci_protocol)
│   │   │       └── vpci_protocol feature "default"
│   │   │           └── vpci v0.0.0 (/home/ruize/openvmm-restore-v1/vm/devices/pci/vpci) (*)
│   │   ├── guid feature "inspect"
│   │   │   ├── firmware_pcat v0.0.0 (/home/ruize/openvmm-restore-v1/vm/devices/firmware/firmware_pcat) (*)
│   │   │   ├── scsidisk v0.0.0 (/home/ruize/openvmm-restore-v1/vm/devices/storage/scsidisk) (*)
│   │   │   ├── vmbus_channel v0.0.0 (/home/ruize/openvmm-restore-v1/vm/devices/vmbus/vmbus_channel) (*)
│   │   │   └── vmbus_core v0.0.0 (/home/ruize/openvmm-restore-v1/vm/devices/vmbus/vmbus_core) (*)
│   │   ├── guid feature "mesh"
│   │   │   ├── firmware_uefi_custom_vars v0.0.0 (/home/ruize/openvmm-restore-v1/vm/devices/firmware/firmware_uefi_custom_vars) (*)
│   │   │   ├── net_backend_resources v0.0.0 (/home/ruize/openvmm-restore-v1/vm/devices/net/net_backend_resources) (*)
│   │   │   ├── scsidisk v0.0.0 (/home/ruize/openvmm-restore-v1/vm/devices/storage/scsidisk) (*)
│   │   │   └── vmbus_channel v0.0.0 (/home/ruize/openvmm-restore-v1/vm/devices/vmbus/vmbus_channel) (*)
│   │   └── guid feature "mesh_protobuf"
│   │       └── guid feature "mesh" (*)
│   ├── hcl_compat_uefi_nvram_resources v0.0.0 (/home/ruize/openvmm-restore-v1/vm/devices/firmware/hcl_compat_uefi_nvram_resources)
│   │   └── hcl_compat_uefi_nvram_resources feature "default"
│   │       ├── firmware_uefi_resources v0.0.0 (/home/ruize/openvmm-restore-v1/vm/devices/firmware/firmware_uefi_resources) (*)
│   │       └── hcl_compat_uefi_nvram_storage v0.0.0 (/home/ruize/openvmm-restore-v1/vm/devices/firmware/hcl_compat_uefi_nvram_storage) (*)
│   ├── ide v0.0.0 (/home/ruize/openvmm-restore-v1/vm/devices/storage/ide) (*)
│   ├── ide_resources v0.0.0 (/home/ruize/openvmm-restore-v1/vm/devices/storage/ide_resources)
│   │   └── ide_resources feature "default"
│   │       ├── ide v0.0.0 (/home/ruize/openvmm-restore-v1/vm/devices/storage/ide) (*)
│   │       ├── openvmm_core v0.0.0 (/home/ruize/openvmm-restore-v1/openvmm/openvmm_core) (*)
│   │       └── openvmm_defs v0.0.0 (/home/ruize/openvmm-restore-v1/openvmm/openvmm_defs) (*)
│   ├── inspect_counters v0.0.0 (/home/ruize/openvmm-restore-v1/support/inspect_counters)
│   │   └── inspect_counters feature "default"
│   │       ├── chipset v0.0.0 (/home/ruize/openvmm-restore-v1/vm/devices/chipset) (*)
│   │       ├── membacking v0.0.0 (/home/ruize/openvmm-restore-v1/openvmm/membacking) (*)
│   │       ├── vmbus_async v0.0.0 (/home/ruize/openvmm-restore-v1/vm/devices/vmbus/vmbus_async) (*)
│   │       ├── vmgs v0.0.0 (/home/ruize/openvmm-restore-v1/vm/vmgs/vmgs) (*)
│   │       └── vmotherboard v0.0.0 (/home/ruize/openvmm-restore-v1/vmm_core/vmotherboard) (*)
│   ├── intel_vtd v0.0.0 (/home/ruize/openvmm-restore-v1/vm/devices/iommu/intel_vtd) (*)
│   ├── local_clock v0.0.0 (/home/ruize/openvmm-restore-v1/support/local_clock)
│   │   ├── local_clock feature "default"
│   │   │   ├── chipset v0.0.0 (/home/ruize/openvmm-restore-v1/vm/devices/chipset) (*)
│   │   │   ├── chipset_legacy v0.0.0 (/home/ruize/openvmm-restore-v1/vm/devices/chipset_legacy) (*)
│   │   │   └── chipset_resources v0.0.0 (/home/ruize/openvmm-restore-v1/vm/devices/chipset_resources) (*)
│   │   ├── local_clock feature "inspect"
│   │   │   └── chipset v0.0.0 (/home/ruize/openvmm-restore-v1/vm/devices/chipset) (*)
│   │   │   └── local_clock feature "default" (*)
│   │   └── local_clock feature "jiff_exts"
│   │       └── local_clock feature "default" (*)
│   ├── membacking v0.0.0 (/home/ruize/openvmm-restore-v1/openvmm/membacking) (*)
│   ├── memory_range v0.0.0 (/home/ruize/openvmm-restore-v1/vm/vmcore/memory_range)
│   │   ├── memory_range feature "default"
│   │   │   ├── acpi v0.0.0 (/home/ruize/openvmm-restore-v1/vm/acpi) (*)
│   │   │   ├── chipset_legacy v0.0.0 (/home/ruize/openvmm-restore-v1/vm/devices/chipset_legacy) (*)
│   │   │   ├── chipset_resources v0.0.0 (/home/ruize/openvmm-restore-v1/vm/devices/chipset_resources) (*)
│   │   │   ├── firmware_pcat v0.0.0 (/home/ruize/openvmm-restore-v1/vm/devices/firmware/firmware_pcat) (*)
│   │   │   ├── framebuffer v0.0.0 (/home/ruize/openvmm-restore-v1/vm/devices/framebuffer) (*)
│   │   │   ├── hyperv_dump v0.0.0 (/home/ruize/openvmm-restore-v1/vmm_core/hyperv_dump) (*)
│   │   │   ├── loader v0.0.0 (/home/ruize/openvmm-restore-v1/vm/loader) (*)
│   │   │   ├── loader_defs v0.0.0 (/home/ruize/openvmm-restore-v1/vm/loader/loader_defs)
│   │   │   │   └── loader_defs feature "default"
│   │   │   │       └── loader v0.0.0 (/home/ruize/openvmm-restore-v1/vm/loader) (*)
│   │   │   ├── membacking v0.0.0 (/home/ruize/openvmm-restore-v1/openvmm/membacking) (*)
│   │   │   ├── openvmm_core v0.0.0 (/home/ruize/openvmm-restore-v1/openvmm/openvmm_core) (*)
│   │   │   ├── openvmm_defs v0.0.0 (/home/ruize/openvmm-restore-v1/openvmm/openvmm_defs) (*)
│   │   │   ├── pci_resource_assignment v0.0.0 (/home/ruize/openvmm-restore-v1/vm/devices/pci/pci_resource_assignment) (*)
│   │   │   ├── pcie v0.0.0 (/home/ruize/openvmm-restore-v1/vm/devices/pci/pcie) (*)
│   │   │   ├── vfio_assigned_device v0.0.0 (/home/ruize/openvmm-restore-v1/vm/devices/pci/vfio_assigned_device) (*)
│   │   │   ├── vfio_sys v0.0.0 (/home/ruize/openvmm-restore-v1/vm/devices/user_driver/vfio_sys)
│   │   │   │   └── vfio_sys feature "default"
│   │   │   │       └── vfio_assigned_device v0.0.0 (/home/ruize/openvmm-restore-v1/vm/devices/pci/vfio_assigned_device) (*)
│   │   │   ├── vga v0.0.0 (/home/ruize/openvmm-restore-v1/vm/devices/vga) (*)
│   │   │   ├── virt v0.0.0 (/home/ruize/openvmm-restore-v1/vmm_core/virt) (*)
│   │   │   ├── vm_loader v0.0.0 (/home/ruize/openvmm-restore-v1/vmm_core/vm_loader) (*)
│   │   │   ├── vm_topology v0.0.0 (/home/ruize/openvmm-restore-v1/vm/vmcore/vm_topology) (*)
│   │   │   └── vmm_core v0.0.0 (/home/ruize/openvmm-restore-v1/vmm_core) (*)
│   │   ├── memory_range feature "inspect"
│   │   │   ├── framebuffer v0.0.0 (/home/ruize/openvmm-restore-v1/vm/devices/framebuffer) (*)
│   │   │   ├── virt v0.0.0 (/home/ruize/openvmm-restore-v1/vmm_core/virt) (*)
│   │   │   └── vmm_core v0.0.0 (/home/ruize/openvmm-restore-v1/vmm_core) (*)
│   │   │   └── vm_topology feature "inspect" (*)
│   │   └── memory_range feature "mesh"
│   │       ├── framebuffer v0.0.0 (/home/ruize/openvmm-restore-v1/vm/devices/framebuffer) (*)
│   │       ├── loader_defs v0.0.0 (/home/ruize/openvmm-restore-v1/vm/loader/loader_defs) (*)
│   │       ├── membacking v0.0.0 (/home/ruize/openvmm-restore-v1/openvmm/membacking) (*)
│   │       ├── openvmm_core v0.0.0 (/home/ruize/openvmm-restore-v1/openvmm/openvmm_core) (*)
│   │       └── openvmm_defs v0.0.0 (/home/ruize/openvmm-restore-v1/openvmm/openvmm_defs) (*)
│   │       └── vm_topology feature "mesh" (*)
│   ├── mesh_worker v0.0.0 (/home/ruize/openvmm-restore-v1/support/mesh/mesh_worker) (*)
│   ├── missing_dev v0.0.0 (/home/ruize/openvmm-restore-v1/vm/devices/missing_dev) (*)
│   ├── net_backend_resources v0.0.0 (/home/ruize/openvmm-restore-v1/vm/devices/net/net_backend_resources) (*)
│   ├── openvmm_core v0.0.0 (/home/ruize/openvmm-restore-v1/openvmm/openvmm_core) (*)
│   ├── pci_bus v0.0.0 (/home/ruize/openvmm-restore-v1/vm/devices/pci/pci_bus) (*)
│   ├── pci_core v0.0.0 (/home/ruize/openvmm-restore-v1/vm/devices/pci/pci_core) (*)
│   ├── pcie v0.0.0 (/home/ruize/openvmm-restore-v1/vm/devices/pci/pcie) (*)
│   ├── scsi_core v0.0.0 (/home/ruize/openvmm-restore-v1/vm/devices/storage/scsi_core) (*)
│   ├── scsidisk v0.0.0 (/home/ruize/openvmm-restore-v1/vm/devices/storage/scsidisk) (*)
│   ├── scsidisk_resources v0.0.0 (/home/ruize/openvmm-restore-v1/vm/devices/storage/scsidisk_resources)
│   │   └── scsidisk_resources feature "default"
│   │       └── scsidisk v0.0.0 (/home/ruize/openvmm-restore-v1/vm/devices/storage/scsidisk) (*)
│   ├── serial_core v0.0.0 (/home/ruize/openvmm-restore-v1/vm/devices/serial/serial_core)
│   │   └── serial_core feature "default"
│   │       └── chipset v0.0.0 (/home/ruize/openvmm-restore-v1/vm/devices/chipset) (*)
│   ├── smmu v0.0.0 (/home/ruize/openvmm-restore-v1/vm/devices/iommu/smmu) (*)
│   ├── state_unit v0.0.0 (/home/ruize/openvmm-restore-v1/vmm_core/state_unit) (*)
│   ├── storage_string v0.0.0 (/home/ruize/openvmm-restore-v1/vm/devices/storage/storage_string)
│   │   └── storage_string feature "default"
│   │       └── scsidisk_resources v0.0.0 (/home/ruize/openvmm-restore-v1/vm/devices/storage/scsidisk_resources) (*)
│   ├── task_control v0.0.0 (/home/ruize/openvmm-restore-v1/support/task_control) (*)
│   ├── tdisp_proto v0.0.0 (/home/ruize/openvmm-restore-v1/vm/devices/tdisp_proto)
│   │   └── tdisp_proto feature "default"
│   │       └── tdisp v0.0.0 (/home/ruize/openvmm-restore-v1/vm/devices/tdisp)
│   │           └── tdisp feature "default"
│   │               ├── chipset_device v0.0.0 (/home/ruize/openvmm-restore-v1/vm/chipset_device) (*)
│   │               ├── chipset_device_resources v0.0.0 (/home/ruize/openvmm-restore-v1/vm/chipset_device_resources) (*)
│   │               └── vpci v0.0.0 (/home/ruize/openvmm-restore-v1/vm/devices/pci/vpci) (*)
│   ├── vfio_assigned_device v0.0.0 (/home/ruize/openvmm-restore-v1/vm/devices/pci/vfio_assigned_device) (*)
│   ├── vga v0.0.0 (/home/ruize/openvmm-restore-v1/vm/devices/vga) (*)
│   ├── video_core v0.0.0 (/home/ruize/openvmm-restore-v1/vm/devices/video_core)
│   │   └── video_core feature "default"
│   │       ├── framebuffer v0.0.0 (/home/ruize/openvmm-restore-v1/vm/devices/framebuffer) (*)
│   │       └── vga v0.0.0 (/home/ruize/openvmm-restore-v1/vm/devices/vga) (*)
│   ├── virt v0.0.0 (/home/ruize/openvmm-restore-v1/vmm_core/virt) (*)
│   ├── virtio v0.0.0 (/home/ruize/openvmm-restore-v1/vm/devices/virtio/virtio) (*)
│   ├── virtio_spec v0.0.0 (/home/ruize/openvmm-restore-v1/vm/devices/virtio/virtio_spec)
│   │   └── virtio_spec feature "default"
│   │       └── virtio v0.0.0 (/home/ruize/openvmm-restore-v1/vm/devices/virtio/virtio) (*)
│   ├── vm_resource v0.0.0 (/home/ruize/openvmm-restore-v1/vm/vmcore/vm_resource)
│   │   └── vm_resource feature "default"
│   │       ├── chipset v0.0.0 (/home/ruize/openvmm-restore-v1/vm/devices/chipset) (*)
│   │       ├── chipset_device_resources v0.0.0 (/home/ruize/openvmm-restore-v1/vm/chipset_device_resources) (*)
│   │       ├── chipset_device_worker v0.0.0 (/home/ruize/openvmm-restore-v1/workers/chipset_device_worker) (*)
│   │       ├── chipset_device_worker_defs v0.0.0 (/home/ruize/openvmm-restore-v1/workers/chipset_device_worker_defs) (*)
│   │       ├── chipset_legacy v0.0.0 (/home/ruize/openvmm-restore-v1/vm/devices/chipset_legacy) (*)
│   │       ├── chipset_resources v0.0.0 (/home/ruize/openvmm-restore-v1/vm/devices/chipset_resources) (*)
│   │       ├── cxl_spec v0.0.0 (/home/ruize/openvmm-restore-v1/vm/devices/cxl) (*)
│   │       ├── disk_backend v0.0.0 (/home/ruize/openvmm-restore-v1/vm/devices/storage/disk_backend) (*)
│   │       ├── firmware_uefi_resources v0.0.0 (/home/ruize/openvmm-restore-v1/vm/devices/firmware/firmware_uefi_resources) (*)
│   │       ├── floppy_resources v0.0.0 (/home/ruize/openvmm-restore-v1/vm/devices/storage/floppy_resources)
│   │       │   └── floppy_resources feature "default"
│   │       │       ├── openvmm_core v0.0.0 (/home/ruize/openvmm-restore-v1/openvmm/openvmm_core) (*)
│   │       │       └── openvmm_defs v0.0.0 (/home/ruize/openvmm-restore-v1/openvmm/openvmm_defs) (*)
│   │       ├── framebuffer v0.0.0 (/home/ruize/openvmm-restore-v1/vm/devices/framebuffer) (*)
│   │       ├── get_resources v0.0.0 (/home/ruize/openvmm-restore-v1/vm/devices/get/get_resources) (*)
│   │       ├── hypervisor_resources v0.0.0 (/home/ruize/openvmm-restore-v1/openvmm/hypervisor_resources)
│   │       │   └── hypervisor_resources feature "default"
│   │       │       ├── openvmm_core v0.0.0 (/home/ruize/openvmm-restore-v1/openvmm/openvmm_core) (*)
│   │       │       └── openvmm_defs v0.0.0 (/home/ruize/openvmm-restore-v1/openvmm/openvmm_defs) (*)
│   │       ├── ide_resources v0.0.0 (/home/ruize/openvmm-restore-v1/vm/devices/storage/ide_resources) (*)
│   │       ├── input_core v0.0.0 (/home/ruize/openvmm-restore-v1/vm/devices/input_core)
│   │       │   └── input_core feature "default"
│   │       │       ├── chipset v0.0.0 (/home/ruize/openvmm-restore-v1/vm/devices/chipset) (*)
│   │       │       ├── openvmm_core v0.0.0 (/home/ruize/openvmm-restore-v1/openvmm/openvmm_core) (*)
│   │       │       ├── openvmm_defs v0.0.0 (/home/ruize/openvmm-restore-v1/openvmm/openvmm_defs) (*)
│   │       │       └── vmm_core v0.0.0 (/home/ruize/openvmm-restore-v1/vmm_core) (*)
│   │       ├── missing_dev v0.0.0 (/home/ruize/openvmm-restore-v1/vm/devices/missing_dev) (*)
│   │       ├── missing_dev_resources v0.0.0 (/home/ruize/openvmm-restore-v1/vm/devices/missing_dev_resources)
│   │       │   └── missing_dev_resources feature "default"
│   │       │       └── missing_dev v0.0.0 (/home/ruize/openvmm-restore-v1/vm/devices/missing_dev) (*)
│   │       ├── net_backend_resources v0.0.0 (/home/ruize/openvmm-restore-v1/vm/devices/net/net_backend_resources) (*)
│   │       ├── openvmm_core v0.0.0 (/home/ruize/openvmm-restore-v1/openvmm/openvmm_core) (*)
│   │       ├── openvmm_defs v0.0.0 (/home/ruize/openvmm-restore-v1/openvmm/openvmm_defs) (*)
│   │       ├── pci_resources v0.0.0 (/home/ruize/openvmm-restore-v1/vm/devices/pci/pci_resources) (*)
│   │       ├── power_resources v0.0.0 (/home/ruize/openvmm-restore-v1/vm/power_resources)
│   │       │   └── power_resources feature "default"
│   │       │       ├── chipset v0.0.0 (/home/ruize/openvmm-restore-v1/vm/devices/chipset) (*)
│   │       │       ├── chipset_legacy v0.0.0 (/home/ruize/openvmm-restore-v1/vm/devices/chipset_legacy) (*)
│   │       │       └── vmm_core v0.0.0 (/home/ruize/openvmm-restore-v1/vmm_core) (*)
│   │       ├── scsi_core v0.0.0 (/home/ruize/openvmm-restore-v1/vm/devices/storage/scsi_core) (*)
│   │       ├── scsidisk v0.0.0 (/home/ruize/openvmm-restore-v1/vm/devices/storage/scsidisk) (*)
│   │       ├── scsidisk_resources v0.0.0 (/home/ruize/openvmm-restore-v1/vm/devices/storage/scsidisk_resources) (*)
│   │       ├── serial_16550_resources v0.0.0 (/home/ruize/openvmm-restore-v1/vm/devices/serial/serial_16550_resources)
│   │       │   └── serial_16550_resources feature "default"
│   │       │       └── openvmm_core v0.0.0 (/home/ruize/openvmm-restore-v1/openvmm/openvmm_core) (*)
│   │       ├── serial_core v0.0.0 (/home/ruize/openvmm-restore-v1/vm/devices/serial/serial_core) (*)
│   │       ├── vfio_assigned_device v0.0.0 (/home/ruize/openvmm-restore-v1/vm/devices/pci/vfio_assigned_device) (*)
│   │       ├── vfio_assigned_device_resources v0.0.0 (/home/ruize/openvmm-restore-v1/vm/devices/pci/vfio_assigned_device_resources)
│   │       │   └── vfio_assigned_device_resources feature "default"
│   │       │       ├── openvmm_core v0.0.0 (/home/ruize/openvmm-restore-v1/openvmm/openvmm_core) (*)
│   │       │       └── vfio_assigned_device v0.0.0 (/home/ruize/openvmm-restore-v1/vm/devices/pci/vfio_assigned_device) (*)
│   │       ├── video_core v0.0.0 (/home/ruize/openvmm-restore-v1/vm/devices/video_core) (*)
│   │       ├── virtio v0.0.0 (/home/ruize/openvmm-restore-v1/vm/devices/virtio/virtio) (*)
│   │       ├── virtio_resources v0.0.0 (/home/ruize/openvmm-restore-v1/vm/devices/virtio/virtio_resources) (*)
│   │       ├── vmbus_channel v0.0.0 (/home/ruize/openvmm-restore-v1/vm/devices/vmbus/vmbus_channel) (*)
│   │       ├── vmcore v0.0.0 (/home/ruize/openvmm-restore-v1/vm/vmcore) (*)
│   │       ├── vmgs_broker v0.0.0 (/home/ruize/openvmm-restore-v1/vm/vmgs/vmgs_broker) (*)
│   │       ├── vmgs_resources v0.0.0 (/home/ruize/openvmm-restore-v1/vm/vmgs/vmgs_resources)
│   │       │   └── vmgs_resources feature "default"
│   │       │       ├── get_resources v0.0.0 (/home/ruize/openvmm-restore-v1/vm/devices/get/get_resources) (*)
│   │       │       ├── openvmm_core v0.0.0 (/home/ruize/openvmm-restore-v1/openvmm/openvmm_core) (*)
│   │       │       ├── openvmm_defs v0.0.0 (/home/ruize/openvmm-restore-v1/openvmm/openvmm_defs) (*)
│   │       │       └── vmgs_broker v0.0.0 (/home/ruize/openvmm-restore-v1/vm/vmgs/vmgs_broker) (*)
│   │       ├── vmm_core v0.0.0 (/home/ruize/openvmm-restore-v1/vmm_core) (*)
│   │       ├── vmotherboard v0.0.0 (/home/ruize/openvmm-restore-v1/vmm_core/vmotherboard) (*)
│   │       └── watchdog_core v0.0.0 (/home/ruize/openvmm-restore-v1/vm/devices/watchdog/watchdog_core) (*)
│   ├── vm_topology v0.0.0 (/home/ruize/openvmm-restore-v1/vm/vmcore/vm_topology) (*)
│   ├── vmbus_async v0.0.0 (/home/ruize/openvmm-restore-v1/vm/devices/vmbus/vmbus_async) (*)
│   ├── vmbus_channel v0.0.0 (/home/ruize/openvmm-restore-v1/vm/devices/vmbus/vmbus_channel) (*)
│   ├── vmbus_core v0.0.0 (/home/ruize/openvmm-restore-v1/vm/devices/vmbus/vmbus_core) (*)
│   ├── vmbus_ring v0.0.0 (/home/ruize/openvmm-restore-v1/vm/devices/vmbus/vmbus_ring) (*)
│   ├── vmbus_server v0.0.0 (/home/ruize/openvmm-restore-v1/vm/devices/vmbus/vmbus_server) (*)
│   ├── vmcore v0.0.0 (/home/ruize/openvmm-restore-v1/vm/vmcore) (*)
│   ├── vmgs v0.0.0 (/home/ruize/openvmm-restore-v1/vm/vmgs/vmgs) (*)
│   ├── vmgs_broker v0.0.0 (/home/ruize/openvmm-restore-v1/vm/vmgs/vmgs_broker) (*)
│   ├── vmgs_format v0.0.0 (/home/ruize/openvmm-restore-v1/vm/vmgs/vmgs_format)
│   │   ├── vmgs_format feature "default"
│   │   │   ├── vmgs v0.0.0 (/home/ruize/openvmm-restore-v1/vm/vmgs/vmgs) (*)
│   │   │   ├── vmgs_broker v0.0.0 (/home/ruize/openvmm-restore-v1/vm/vmgs/vmgs_broker) (*)
│   │   │   └── vmgs_resources v0.0.0 (/home/ruize/openvmm-restore-v1/vm/vmgs/vmgs_resources) (*)
│   │   └── vmgs_format feature "inspect"
│   │       └── vmgs feature "inspect" (*)
│   ├── vmm_core v0.0.0 (/home/ruize/openvmm-restore-v1/vmm_core) (*)
│   ├── vmm_core_defs v0.0.0 (/home/ruize/openvmm-restore-v1/vmm_core/vmm_core_defs) (*)
│   ├── vmotherboard v0.0.0 (/home/ruize/openvmm-restore-v1/vmm_core/vmotherboard) (*)
│   ├── vpci v0.0.0 (/home/ruize/openvmm-restore-v1/vm/devices/pci/vpci) (*)
│   └── watchdog_core v0.0.0 (/home/ruize/openvmm-restore-v1/vm/devices/watchdog/watchdog_core) (*)
├── inspect feature "inspect_derive"
│   └── inspect feature "derive" (*)
└── inspect feature "std"
    ├── disk_backend v0.0.0 (/home/ruize/openvmm-restore-v1/vm/devices/storage/disk_backend) (*)
    ├── generation_id v0.0.0 (/home/ruize/openvmm-restore-v1/vm/devices/firmware/generation_id) (*)
    ├── mesh_worker v0.0.0 (/home/ruize/openvmm-restore-v1/support/mesh/mesh_worker) (*)
    └── task_control v0.0.0 (/home/ruize/openvmm-restore-v1/support/task_control) (*)
