exec_drift: frozen branch argus/restore-v1-frozen at 8a676351cc02 -> working tree
  ❌ openvmm/openvmm_core/src/worker/dispatch.rs: exec body changed (mismatched=1 missing=0 extra=0 unknown=0)
       - ProcessorTopology::to_config: MISMATCH
## openvmm/openvmm_core/src/worker/dispatch.rs::ProcessorTopology::to_config (exec-only): MISMATCH

--- baseline
+++ working-tree
@@ -3,15 +3,26 @@
             proc_count: self.vp_count(),
             vps_per_socket: Some(self.reserved_vps_per_socket()),
             enable_smt: Some(self.smt_enabled()),
-            arch: Some(ArchTopologyConfig::X86(X86TopologyConfig {
-                apic_id_offset: self.vp_arch(VpIndex::BSP).apic_id,
-                x2apic: match self.apic_mode() {
-                    vm_topology::processor::x86::ApicMode::XApic => X2ApicConfig::Unsupported,
-                    vm_topology::processor::x86::ApicMode::X2ApicSupported => {
-                        X2ApicConfig::Supported
+            arch: Some(ArchTopologyConfig::Aarch64(Aarch64TopologyConfig {
+                gic_config: Some(match self.gic_version() {
+                    GicVersion::V3 {
+                        redistributors_base,
+                    } => GicConfig::V3(Some(openvmm_defs::config::GicV3Config {
+                        gic_distributor_base: self.gic_distributor_base(),
+                        gic_redistributors_base: redistributors_base,
+                    })),
+                    GicVersion::V2 { cpu_interface_base } => {
+                        GicConfig::V2(Some(openvmm_defs::config::GicV2Config {
+                            gic_distributor_base: self.gic_distributor_base(),
+                            cpu_interface_base,
+                        }))
                     }
-                    vm_topology::processor::x86::ApicMode::X2ApicEnabled => X2ApicConfig::Enabled,
+                }),
+                pmu_gsiv: match self.pmu_gsiv() {
+                    Some(gsiv) => PmuGsivConfig::Gsiv(gsiv),
+                    None => PmuGsivConfig::Disabled,
                 },
+                gic_msi: Default::default(),
             })),
         }
     }
  checked 20 exec file(s); 1 with body edits; 0 with unknown functions
exec_drift: DRIFT — executable code changed from the frozen branch.

Exit code : 1
Elapsed seconds: 4.795
