Pipeline record agrees with completed receipt/logs; diagnostic status explicit; runner syntax and whitespace clean
/home/ruize/.cargo/registry/src/index.crates.io-1949cf8c6b5b557f/anyhow-1.0.99/src/lib.rs:710-732
    #[doc(hidden)]
    #[inline]
    pub fn not(cond: impl Bool) -> bool {
        cond.not()
    }

    mod not {
        #[doc(hidden)]
        pub trait Bool {
            fn not(self) -> bool;
        }

        impl Bool for bool {
            #[inline]
            fn not(self) -> bool {
                !self
            }
        }

        impl Bool for &bool {
            #[inline]
            fn not(self) -> bool {
                !*self
/home/ruize/.cargo/registry/src/index.crates.io-1949cf8c6b5b557f/anyhow-1.0.99/src/ensure.rs:919-924
    };
    ($cond:expr, $msg:literal $(,)?) => {
        if $crate::__private::not($cond) {
            return $crate::__private::Err($crate::__anyhow!($msg));
        }
    };
elapsed_s=0.05 exit=0
