{
  "state": "done",
  "task_id": "restore-partition-presence-proposal-reference",
  "run_id": "restore-partition-presence-proposal-reference-1789886848858440430",
  "description": "background task",
  "command": "bash research/restore-partition-presence-proof/run.sh proposal-reference-check \"${ARGUS_SKILL_PYTHON:-python3}\" research/restore-partition-presence-proof/check-proposal.py",
  "exit_code": 0,
  "elapsed_seconds": 17.5,
  "completed_at": 1789886866.3656309,
  "pid": 3649879,
  "worker_pid": 3649878,
  "mode": "direct",
  "run_dir": null,
  "stdout_tail": "proposal-reference-check exit=0 log=research/restore-partition-presence-proof/proposal-reference-check.log\n",
  "stderr_tail": "",
  "stdout_log": ".argus_subagents/restore-partition-presence-proposal-reference_logs/stdout.log",
  "stderr_log": ".argus_subagents/restore-partition-presence-proposal-reference_logs/stderr.log",
  "supervisor_usage_model": "",
  "supervisor_input_tokens": 0,
  "supervisor_cached_input_tokens": 0,
  "supervisor_output_tokens": 0,
  "supervisor_reasoning_output_tokens": 0,
  "cwd": "/home/ruize/openvmm-restore-v1",
  "live": false
}
elapsed_s=0.14 exit=0
