Verus source 8ed93e5d0164885f415c11ad8baa736371bcff92 is already installed
Verus 0.2026.09.18.8ed93e5 is already installed
   Compiling mesh_protobuf v0.0.0 (/tmp/argus-verus-freeze-kx81h8hq/run/support/mesh/mesh_protobuf)
   Compiling anyhow v1.0.99 (/tmp/argus-verus-freeze-kx81h8hq/run/verification/dependencies/anyhow)
warning: crypto@0.0.0: No or multiple crypto backends enabled. This may cause a link-time error.
   Compiling hyperv_secure_boot_templates v0.0.0 (/tmp/argus-verus-freeze-kx81h8hq/run/vm/devices/firmware/hyperv_secure_boot_templates)
warning: Verus does not (yet) support autoderive Clone impl when the clone is not a copy; continuing, but without adding a specification for the derived Clone impl
  --> support/mesh/mesh_protobuf/src/message.rs:32:10
   |
32 | #[derive(Clone, Debug)]
   |          ^^^^^
   |
   = help: to suppress this warning, use `#[verifier::allow(autoderive_clone_without_spec)]` on the surrounding function, datatype, or module or `#![verifier::allow(autoderive_clone_without_spec)]` in the module or crate

warning: Verus does not (yet) support autoderive Clone impl when the clone is not a copy; continuing, but without adding a specification for the derived Clone impl
  --> support/mesh/mesh_protobuf/src/message.rs:85:10
   |
85 | #[derive(Clone, Protobuf)]
   |          ^^^^^
   |
   = help: to suppress this warning, use `#[verifier::allow(autoderive_clone_without_spec)]` on the surrounding function, datatype, or module or `#![verifier::allow(autoderive_clone_without_spec)]` in the module or crate

    Checking tracing_helpers v0.0.0 (/tmp/argus-verus-freeze-kx81h8hq/run/support/tracing_helpers)
    Checking crypto v0.0.0 (/tmp/argus-verus-freeze-kx81h8hq/run/support/crypto)
    Checking resource_dll_parser v0.0.0 (/tmp/argus-verus-freeze-kx81h8hq/run/support/resource_dll_parser)
   Compiling prost-derive v0.11.9
warning: `mesh_protobuf` (lib) generated 2 warnings
    Checking mesh_node v0.0.0 (/tmp/argus-verus-freeze-kx81h8hq/run/support/mesh/mesh_node)
    Checking pal_event v0.0.0 (/tmp/argus-verus-freeze-kx81h8hq/run/support/pal/pal_event)
    Checking product_policy v0.0.0 (/tmp/argus-verus-freeze-kx81h8hq/run/openhcl/product_policy)
    Checking pal_async v0.0.0 (/tmp/argus-verus-freeze-kx81h8hq/run/support/pal/pal_async)
   Compiling prost v0.11.9
   Compiling prost-types v0.11.9
    Checking mesh_channel_core v0.0.0 (/tmp/argus-verus-freeze-kx81h8hq/run/support/mesh/mesh_channel_core)
   Compiling prost-build v0.11.9
    Checking mesh_channel v0.0.0 (/tmp/argus-verus-freeze-kx81h8hq/run/support/mesh/mesh_channel)
   Compiling tdisp_proto v0.0.0 (/tmp/argus-verus-freeze-kx81h8hq/run/vm/devices/tdisp_proto)
    Checking mesh v0.0.0 (/tmp/argus-verus-freeze-kx81h8hq/run/support/mesh)
    Checking inspect v0.0.0 (/tmp/argus-verus-freeze-kx81h8hq/run/support/inspect)
    Checking openvmm_pcat_locator v0.0.0 (/tmp/argus-verus-freeze-kx81h8hq/run/openvmm/openvmm_pcat_locator)
    Checking vm_resource v0.0.0 (/tmp/argus-verus-freeze-kx81h8hq/run/vm/vmcore/vm_resource)
    Checking guestmem v0.0.0 (/tmp/argus-verus-freeze-kx81h8hq/run/vm/vmcore/guestmem)
    Checking guid v0.0.0 (/tmp/argus-verus-freeze-kx81h8hq/run/support/guid)
    Checking memory_range v0.0.0 (/tmp/argus-verus-freeze-kx81h8hq/run/vm/vmcore/memory_range)
    Checking inspect_counters v0.0.0 (/tmp/argus-verus-freeze-kx81h8hq/run/support/inspect_counters)
    Checking task_control v0.0.0 (/tmp/argus-verus-freeze-kx81h8hq/run/support/task_control)
    Checking local_clock v0.0.0 (/tmp/argus-verus-freeze-kx81h8hq/run/support/local_clock)
    Checking vmgs_format v0.0.0 (/tmp/argus-verus-freeze-kx81h8hq/run/vm/vmgs/vmgs_format)
    Checking address_filter v0.0.0 (/tmp/argus-verus-freeze-kx81h8hq/run/support/address_filter)
    Checking mesh_worker v0.0.0 (/tmp/argus-verus-freeze-kx81h8hq/run/support/mesh/mesh_worker)
    Checking hcl_compat_uefi_nvram_resources v0.0.0 (/tmp/argus-verus-freeze-kx81h8hq/run/vm/devices/firmware/hcl_compat_uefi_nvram_resources)
    Checking storage_string v0.0.0 (/tmp/argus-verus-freeze-kx81h8hq/run/vm/devices/storage/storage_string)
    Checking virtio_spec v0.0.0 (/tmp/argus-verus-freeze-kx81h8hq/run/vm/devices/virtio/virtio_spec)
    Checking uefi_specs v0.0.0 (/tmp/argus-verus-freeze-kx81h8hq/run/vm/devices/firmware/uefi_specs)
    Checking vmbus_core v0.0.0 (/tmp/argus-verus-freeze-kx81h8hq/run/vm/devices/vmbus/vmbus_core)
    Checking vpci_protocol v0.0.0 (/tmp/argus-verus-freeze-kx81h8hq/run/vm/devices/pci/vpci_protocol)
    Checking hybrid_vsock v0.0.0 (/tmp/argus-verus-freeze-kx81h8hq/run/support/hybrid_vsock)
    Checking loader_defs v0.0.0 (/tmp/argus-verus-freeze-kx81h8hq/run/vm/loader/loader_defs)
    Checking vfio_sys v0.0.0 (/tmp/argus-verus-freeze-kx81h8hq/run/vm/devices/user_driver/vfio_sys)
    Checking tdisp v0.0.0 (/tmp/argus-verus-freeze-kx81h8hq/run/vm/devices/tdisp)
    Checking vmcore v0.0.0 (/tmp/argus-verus-freeze-kx81h8hq/run/vm/vmcore)
    Checking chipset_resources v0.0.0 (/tmp/argus-verus-freeze-kx81h8hq/run/vm/devices/chipset_resources)
    Checking serial_core v0.0.0 (/tmp/argus-verus-freeze-kx81h8hq/run/vm/devices/serial/serial_core)
    Checking power_resources v0.0.0 (/tmp/argus-verus-freeze-kx81h8hq/run/vm/power_resources)
    Checking input_core v0.0.0 (/tmp/argus-verus-freeze-kx81h8hq/run/vm/devices/input_core)
    Checking video_core v0.0.0 (/tmp/argus-verus-freeze-kx81h8hq/run/vm/devices/video_core)
    Checking missing_dev_resources v0.0.0 (/tmp/argus-verus-freeze-kx81h8hq/run/vm/devices/missing_dev_resources)
    Checking ide_resources v0.0.0 (/tmp/argus-verus-freeze-kx81h8hq/run/vm/devices/storage/ide_resources)
    Checking net_backend_resources v0.0.0 (/tmp/argus-verus-freeze-kx81h8hq/run/vm/devices/net/net_backend_resources)
    Checking vfio_assigned_device_resources v0.0.0 (/tmp/argus-verus-freeze-kx81h8hq/run/vm/devices/pci/vfio_assigned_device_resources)
    Checking scsidisk_resources v0.0.0 (/tmp/argus-verus-freeze-kx81h8hq/run/vm/devices/storage/scsidisk_resources)
    Checking hypervisor_resources v0.0.0 (/tmp/argus-verus-freeze-kx81h8hq/run/openvmm/hypervisor_resources)
    Checking floppy_resources v0.0.0 (/tmp/argus-verus-freeze-kx81h8hq/run/vm/devices/storage/floppy_resources)
    Checking serial_16550_resources v0.0.0 (/tmp/argus-verus-freeze-kx81h8hq/run/vm/devices/serial/serial_16550_resources)
    Checking chipset_device_worker_defs v0.0.0 (/tmp/argus-verus-freeze-kx81h8hq/run/workers/chipset_device_worker_defs)
    Checking vmgs_resources v0.0.0 (/tmp/argus-verus-freeze-kx81h8hq/run/vm/vmgs/vmgs_resources)
    Checking scsi_buffers v0.0.0 (/tmp/argus-verus-freeze-kx81h8hq/run/vm/devices/storage/scsi_buffers)
    Checking vmbus_ring v0.0.0 (/tmp/argus-verus-freeze-kx81h8hq/run/vm/devices/vmbus/vmbus_ring)
    Checking get_resources v0.0.0 (/tmp/argus-verus-freeze-kx81h8hq/run/vm/devices/get/get_resources)
    Checking virtio_resources v0.0.0 (/tmp/argus-verus-freeze-kx81h8hq/run/vm/devices/virtio/virtio_resources)
    Checking uefi_nvram_storage v0.0.0 (/tmp/argus-verus-freeze-kx81h8hq/run/vm/devices/firmware/uefi_nvram_storage)
    Checking firmware_uefi_custom_vars v0.0.0 (/tmp/argus-verus-freeze-kx81h8hq/run/vm/devices/firmware/firmware_uefi_custom_vars)
    Checking hcl_compat_uefi_nvram_storage v0.0.0 (/tmp/argus-verus-freeze-kx81h8hq/run/vm/devices/firmware/hcl_compat_uefi_nvram_storage)
warning: Verus does not (yet) support autoderive Clone impl when the clone is not a copy; continuing, but without adding a specification for the derived Clone impl
   --> vm/vmcore/src/save_restore.rs:118:10
    |
118 | #[derive(Clone, Debug, Protobuf)]
    |          ^^^^^
    |
    = help: to suppress this warning, use `#[verifier::allow(autoderive_clone_without_spec)]` on the surrounding function, datatype, or module or `#![verifier::allow(autoderive_clone_without_spec)]` in the module or crate

warning: `vmcore` (lib) generated 1 warning
    Checking chipset_device v0.0.0 (/tmp/argus-verus-freeze-kx81h8hq/run/vm/chipset_device)
    Checking disk_backend v0.0.0 (/tmp/argus-verus-freeze-kx81h8hq/run/vm/devices/storage/disk_backend)
    Checking scsi_core v0.0.0 (/tmp/argus-verus-freeze-kx81h8hq/run/vm/devices/storage/scsi_core)
    Checking vmbus_channel v0.0.0 (/tmp/argus-verus-freeze-kx81h8hq/run/vm/devices/vmbus/vmbus_channel)
    Checking generation_id v0.0.0 (/tmp/argus-verus-freeze-kx81h8hq/run/vm/devices/firmware/generation_id)
    Checking state_unit v0.0.0 (/tmp/argus-verus-freeze-kx81h8hq/run/vmm_core/state_unit)
    Checking watchdog_vmgs_format v0.0.0 (/tmp/argus-verus-freeze-kx81h8hq/run/vm/devices/watchdog/watchdog_vmgs_format)
    Checking watchdog_core v0.0.0 (/tmp/argus-verus-freeze-kx81h8hq/run/vm/devices/watchdog/watchdog_core)
    Checking pci_core v0.0.0 (/tmp/argus-verus-freeze-kx81h8hq/run/vm/devices/pci/pci_core)
    Checking chipset_device_resources v0.0.0 (/tmp/argus-verus-freeze-kx81h8hq/run/vm/chipset_device_resources)
    Checking framebuffer v0.0.0 (/tmp/argus-verus-freeze-kx81h8hq/run/vm/devices/framebuffer)
    Checking floppy_pcat_stub v0.0.0 (/tmp/argus-verus-freeze-kx81h8hq/run/vm/devices/storage/floppy_pcat_stub)
    Checking floppy v0.0.0 (/tmp/argus-verus-freeze-kx81h8hq/run/vm/devices/storage/floppy)
    Checking vmgs v0.0.0 (/tmp/argus-verus-freeze-kx81h8hq/run/vm/vmgs/vmgs)
    Checking scsidisk v0.0.0 (/tmp/argus-verus-freeze-kx81h8hq/run/vm/devices/storage/scsidisk)
    Checking firmware_uefi_resources v0.0.0 (/tmp/argus-verus-freeze-kx81h8hq/run/vm/devices/firmware/firmware_uefi_resources)
    Checking chipset v0.0.0 (/tmp/argus-verus-freeze-kx81h8hq/run/vm/devices/chipset)
    Checking chipset_device_worker v0.0.0 (/tmp/argus-verus-freeze-kx81h8hq/run/workers/chipset_device_worker)
    Checking vmgs_broker v0.0.0 (/tmp/argus-verus-freeze-kx81h8hq/run/vm/vmgs/vmgs_broker)
    Checking vmbus_async v0.0.0 (/tmp/argus-verus-freeze-kx81h8hq/run/vm/devices/vmbus/vmbus_async)
    Checking vmbus_server v0.0.0 (/tmp/argus-verus-freeze-kx81h8hq/run/vm/devices/vmbus/vmbus_server)
    Checking pci_resources v0.0.0 (/tmp/argus-verus-freeze-kx81h8hq/run/vm/devices/pci/pci_resources)
    Checking pci_bus v0.0.0 (/tmp/argus-verus-freeze-kx81h8hq/run/vm/devices/pci/pci_bus)
    Checking iommu_common v0.0.0 (/tmp/argus-verus-freeze-kx81h8hq/run/vm/devices/iommu/iommu_common)
    Checking ide v0.0.0 (/tmp/argus-verus-freeze-kx81h8hq/run/vm/devices/storage/ide)
    Checking vga v0.0.0 (/tmp/argus-verus-freeze-kx81h8hq/run/vm/devices/vga)
    Checking missing_dev v0.0.0 (/tmp/argus-verus-freeze-kx81h8hq/run/vm/devices/missing_dev)
    Checking vpci v0.0.0 (/tmp/argus-verus-freeze-kx81h8hq/run/vm/devices/pci/vpci)
    Checking pci_resource_assignment v0.0.0 (/tmp/argus-verus-freeze-kx81h8hq/run/vm/devices/pci/pci_resource_assignment)
    Checking cxl_spec v0.0.0 (/tmp/argus-verus-freeze-kx81h8hq/run/vm/devices/cxl)
    Checking virtio v0.0.0 (/tmp/argus-verus-freeze-kx81h8hq/run/vm/devices/virtio/virtio)
    Checking amd_iommu v0.0.0 (/tmp/argus-verus-freeze-kx81h8hq/run/vm/devices/iommu/amd_iommu)
    Checking smmu v0.0.0 (/tmp/argus-verus-freeze-kx81h8hq/run/vm/devices/iommu/smmu)
    Checking intel_vtd v0.0.0 (/tmp/argus-verus-freeze-kx81h8hq/run/vm/devices/iommu/intel_vtd)
    Checking chipset_legacy v0.0.0 (/tmp/argus-verus-freeze-kx81h8hq/run/vm/devices/chipset_legacy)
    Checking vm_topology v0.0.0 (/tmp/argus-verus-freeze-kx81h8hq/run/vm/vmcore/vm_topology)
    Checking pcie v0.0.0 (/tmp/argus-verus-freeze-kx81h8hq/run/vm/devices/pci/pcie)
    Checking acpi v0.0.0 (/tmp/argus-verus-freeze-kx81h8hq/run/vm/acpi)
    Checking virt v0.0.0 (/tmp/argus-verus-freeze-kx81h8hq/run/vmm_core/virt)
    Checking firmware_pcat v0.0.0 (/tmp/argus-verus-freeze-kx81h8hq/run/vm/devices/firmware/firmware_pcat)
    Checking loader v0.0.0 (/tmp/argus-verus-freeze-kx81h8hq/run/vm/loader)
    Checking vmotherboard v0.0.0 (/tmp/argus-verus-freeze-kx81h8hq/run/vmm_core/vmotherboard)
    Checking vmm_core_defs v0.0.0 (/tmp/argus-verus-freeze-kx81h8hq/run/vmm_core/vmm_core_defs)
    Checking hyperv_dump v0.0.0 (/tmp/argus-verus-freeze-kx81h8hq/run/vmm_core/hyperv_dump)
    Checking membacking v0.0.0 (/tmp/argus-verus-freeze-kx81h8hq/run/openvmm/membacking)
    Checking vm_loader v0.0.0 (/tmp/argus-verus-freeze-kx81h8hq/run/vmm_core/vm_loader)
warning: autoderive Clone impl does not take the form Verus expects; continuing, but without adding a specification for the derived Clone impl
  --> vmm_core/vmm_core_defs/src/lib.rs:36:17
   |
36 | #[derive(Debug, Clone, Eq, PartialEq, Protobuf, Inspect)]
   |                 ^^^^^
   |
   = help: to suppress this warning, use `#[verifier::allow(autoderive_clone_without_spec)]` on the surrounding function, datatype, or module or `#![verifier::allow(autoderive_clone_without_spec)]` in the module or crate

warning: `vmm_core_defs` (lib) generated 1 warning
    Checking vmm_core v0.0.0 (/tmp/argus-verus-freeze-kx81h8hq/run/vmm_core)
    Checking openvmm_defs v0.0.0 (/tmp/argus-verus-freeze-kx81h8hq/run/openvmm/openvmm_defs)
    Checking vfio_assigned_device v0.0.0 (/tmp/argus-verus-freeze-kx81h8hq/run/vm/devices/pci/vfio_assigned_device)
    Checking openvmm_core v0.0.0 (/tmp/argus-verus-freeze-kx81h8hq/run/openvmm/openvmm_core)
warning: verus-related attribute has no effect because item is already marked external
    --> openvmm/openvmm_core/src/worker/dispatch.rs:2181:13
     |
2181 |             const PCI_LEGACY_INTA_IRQ: u32 = 11;
     |             ^^^^^^^^^^^^^^^^^^^^^^^^^^^^^^^^^^^

warning: verus-related attribute has no effect because item is already marked external
    --> openvmm/openvmm_core/src/worker/dispatch.rs:2182:13
     |
2182 |             const PCI_INTA_IRQ: u32 = 16;
     |             ^^^^^^^^^^^^^^^^^^^^^^^^^^^^

warning: verus-related attribute has no effect because item is already marked external
    --> openvmm/openvmm_core/src/worker/dispatch.rs:3033:13
     |
3033 |             const VIRTIO_MMIO_IOAPIC_IRQ: u32 = 17;
     |             ^^^^^^^^^^^^^^^^^^^^^^^^^^^^^^^^^^^^^^

warning: verus-related attribute has no effect because item is already marked external
    --> openvmm/openvmm_core/src/worker/dispatch.rs:3034:13
     |
3034 |             const VIRTIO_MMIO_PIC_IRQ: u32 = 5;
     |             ^^^^^^^^^^^^^^^^^^^^^^^^^^^^^^^^^^

note: verifying module worker::dispatch (selected functions)

verification results:: 0 verified, 0 errors (partial verification with `--verify-*`)
warning: `openvmm_core` (lib) generated 4 warnings
    Finished `dev` profile [unoptimized + debuginfo] target(s) in 15.47s

Exit code : 0
Elapsed seconds: 16.091
