{
  "state": "done",
  "task_id": "restore-partition-presence-integration",
  "run_id": "restore-partition-presence-integration-1789887134579210280",
  "description": "background task",
  "command": "bash research/restore-partition-presence-proof/run.sh proposal-integration-check \"${ARGUS_SKILL_PYTHON:-python3}\" research/restore-partition-presence-proof/check-proposal.py integration",
  "exit_code": 0,
  "elapsed_seconds": 28.7,
  "completed_at": 1789887163.25843,
  "pid": 3662986,
  "worker_pid": 3662985,
  "mode": "direct",
  "run_dir": null,
  "stdout_tail": "proposal-integration-check exit=0 log=research/restore-partition-presence-proof/proposal-integration-check.log\n",
  "stderr_tail": "",
  "stdout_log": ".argus_subagents/restore-partition-presence-integration_logs/stdout.log",
  "stderr_log": ".argus_subagents/restore-partition-presence-integration_logs/stderr.log",
  "supervisor_usage_model": "",
  "supervisor_input_tokens": 0,
  "supervisor_cached_input_tokens": 0,
  "supervisor_output_tokens": 0,
  "supervisor_reasoning_output_tokens": 0,
  "cwd": "/home/ruize/openvmm-restore-v1",
  "live": false
}
elapsed_s=0.14 exit=0
