   Compiling proc-macro2 v1.0.107
   Compiling unicode-ident v1.0.18
   Compiling libc v0.2.184
    Checking pin-project-lite v0.2.16
   Compiling autocfg v1.5.0
    Checking cfg-if v1.0.3
   Compiling zerocopy v0.8.27
   Compiling thiserror v2.0.16
    Checking once_cell v1.21.3
    Checking smallvec v1.15.1
   Compiling equivalent v1.0.2
   Compiling hashbrown v0.15.5
    Checking futures-core v0.3.31
   Compiling verus_syn v0.0.0-2026-09-06-0133 (/home/ruize/openvmm-restore-v1/research/restore-vp-prefix-proof/candidate/toolchain/verus-src/dependencies/syn)
   Compiling verus_prettyplease v0.0.0-2026-09-06-0133 (/home/ruize/openvmm-restore-v1/research/restore-vp-prefix-proof/candidate/toolchain/verus-src/dependencies/prettyplease)
   Compiling parking_lot_core v0.9.11
    Checking scopeguard v1.2.0
    Checking futures-io v0.3.31
   Compiling convert_case v0.4.0
   Compiling heck v0.5.0
   Compiling vstd v0.0.0-2026-09-16-0054 (/home/ruize/openvmm-restore-v1/research/restore-vp-prefix-proof/candidate/toolchain/verus-src/source/vstd)
    Checking open_enum v0.0.0 (/home/ruize/openvmm-restore-v1/research/restore-vp-prefix-proof/candidate/support/open_enum)
    Checking verus_builtin v0.0.0-2026-09-16-0054 (/home/ruize/openvmm-restore-v1/research/restore-vp-prefix-proof/candidate/toolchain/verus-src/source/builtin)
    Checking futures-sink v0.3.31
    Checking slab v0.4.11
   Compiling mesh_protobuf v0.0.0 (/home/ruize/openvmm-restore-v1/research/restore-vp-prefix-proof/candidate/support/mesh/mesh_protobuf)
    Checking memchr v2.7.5
    Checking futures-task v0.3.31
    Checking pin-utils v0.1.0
   Compiling getrandom v0.4.2
   Compiling anyhow v1.0.99
    Checking static_assertions v1.1.0
   Compiling thiserror v1.0.69
   Compiling linkme-impl v0.3.33
   Compiling crossbeam-utils v0.8.21
   Compiling syn v1.0.109
    Checking parking v2.2.1
   Compiling smallbox v0.8.8
   Compiling io-uring v0.7.11
    Checking bitflags v2.9.3
    Checking async-task v4.7.1
   Compiling either v1.15.0
    Checking loan_cell v0.0.0 (/home/ruize/openvmm-restore-v1/research/restore-vp-prefix-proof/candidate/support/loan_cell)
    Checking diatomic-waker v0.2.3
    Checking fastrand v2.3.0
    Checking cordyceps v0.3.4
    Checking spin v0.10.0
    Checking jiff v0.2.15
    Checking fixedbitset v0.5.7
   Compiling rustix v1.0.8
   Compiling getrandom v0.3.3
   Compiling rustix v0.38.44
   Compiling regex-syntax v0.8.6
   Compiling prettyplease v0.1.25
   Compiling linux-raw-sys v0.9.4
   Compiling bytes v1.11.1
   Compiling linux-raw-sys v0.4.15
   Compiling home v0.5.11
   Compiling fixedbitset v0.4.2
   Compiling log v0.4.27
   Compiling lazy_static v1.5.0
   Compiling heck v0.4.1
   Compiling multimap v0.8.3
   Compiling build_rs_guest_arch v0.0.0 (/home/ruize/openvmm-restore-v1/research/restore-vp-prefix-proof/candidate/vm/vmcore/build_rs_guest_arch)
    Checking nu-ansi-term v0.50.1
    Checking stackfuture v0.3.0
   Compiling wchar v0.11.1
   Compiling paste v1.0.15
   Compiling crc32fast v1.5.0
    Checking arrayvec v0.7.6
   Compiling object v0.37.3
    Checking range_map_vec v0.2.0
    Checking hex v0.4.3
    Checking uniset v0.2.4
    Checking arc_cyclic_builder v0.0.0 (/home/ruize/openvmm-restore-v1/research/restore-vp-prefix-proof/candidate/support/arc_cyclic_builder)
    Checking device_emulators v0.0.0 (/home/ruize/openvmm-restore-v1/research/restore-vp-prefix-proof/candidate/vm/devices/support/device_emulators)
    Checking tracing-core v0.1.35
    Checking futures-channel v0.3.31
    Checking futures-lite v2.6.1
    Checking thread_local v1.1.9
    Checking safe_intrinsics v0.0.0 (/home/ruize/openvmm-restore-v1/research/restore-vp-prefix-proof/candidate/support/safe_intrinsics)
   Compiling fs-err v3.1.1
   Compiling lock_api v0.4.13
   Compiling itertools v0.10.5
    Checking sharded-slab v0.1.7
    Checking futures-buffered v0.2.12
   Compiling vm_topology v0.0.0 (/home/ruize/openvmm-restore-v1/research/restore-vp-prefix-proof/candidate/vm/vmcore/vm_topology)
   Compiling virt v0.0.0 (/home/ruize/openvmm-restore-v1/research/restore-vp-prefix-proof/candidate/vmm_core/virt)
   Compiling loader v0.0.0 (/home/ruize/openvmm-restore-v1/research/restore-vp-prefix-proof/candidate/vm/loader)
   Compiling vmm_core v0.0.0 (/home/ruize/openvmm-restore-v1/research/restore-vp-prefix-proof/candidate/vmm_core)
   Compiling indexmap v2.11.0
    Checking tracing-log v0.2.0
    Checking concurrent-queue v2.5.0
    Checking event-listener v5.4.1
    Checking tracing-subscriber v0.3.22
   Compiling quote v1.0.40
    Checking event-listener-strategy v0.5.4
   Compiling syn v2.0.106
    Checking async-channel v2.5.0
   Compiling petgraph v0.6.5
   Compiling regex-automata v0.4.14
    Checking seccompiler v0.5.0
    Checking unix_socket v0.0.0 (/home/ruize/openvmm-restore-v1/research/restore-vp-prefix-proof/candidate/support/unix_socket)
    Checking socket2 v0.6.0
    Checking parking_lot v0.12.4
   Compiling tempfile v3.21.0
   Compiling which v4.4.2
    Checking fast_select v0.0.0 (/home/ruize/openvmm-restore-v1/research/restore-vp-prefix-proof/candidate/support/fast_select)
    Checking closeable_mutex v0.0.0 (/home/ruize/openvmm-restore-v1/research/restore-vp-prefix-proof/candidate/support/closeable_mutex)
    Checking unicycle v0.10.2
   Compiling regex v1.12.3
   Compiling prost-derive v0.11.9
   Compiling wchar-impl v0.11.0
   Compiling synstructure v0.13.2
   Compiling zerocopy-derive v0.8.27
   Compiling thiserror-impl v2.0.16
   Compiling tracing-attributes v0.1.31
   Compiling bitfield-struct v0.11.0
   Compiling mesh_derive v0.0.0 (/home/ruize/openvmm-restore-v1/research/restore-vp-prefix-proof/candidate/support/mesh/mesh_derive)
   Compiling futures-macro v0.3.31
   Compiling inspect_derive v0.0.0 (/home/ruize/openvmm-restore-v1/research/restore-vp-prefix-proof/candidate/support/inspect_derive)
   Compiling async-trait v0.1.89
   Compiling enumflags2_derive v0.7.12
   Compiling thiserror-impl v1.0.69
   Compiling pal_async_test v0.0.0 (/home/ruize/openvmm-restore-v1/research/restore-vp-prefix-proof/candidate/support/pal/pal_async_test)
   Compiling pin-project-internal v1.1.10
   Compiling save_restore_derive v0.0.0 (/home/ruize/openvmm-restore-v1/research/restore-vp-prefix-proof/candidate/vm/vmcore/save_restore_derive)
   Compiling open-enum-derive v0.5.2
   Compiling bitfield-struct v0.12.1
   Compiling test_with_tracing_macro v0.0.0 (/home/ruize/openvmm-restore-v1/research/restore-vp-prefix-proof/candidate/support/test_with_tracing/test_with_tracing_macro)
    Checking enumflags2 v0.7.12
   Compiling prost v0.11.9
    Checking open-enum v0.5.2
    Checking futures-util v0.3.31
    Checking linkme v0.3.33
   Compiling prost-types v0.11.9
    Checking pin-project v1.1.10
    Checking futures-concurrency v7.6.3
    Checking tracing v0.1.43
    Checking caps v0.5.5
    Checking landlock v0.4.2
    Checking trycopy v0.0.0 (/home/ruize/openvmm-restore-v1/research/restore-vp-prefix-proof/candidate/support/trycopy)
    Checking ucs2 v0.0.0 (/home/ruize/openvmm-restore-v1/research/restore-vp-prefix-proof/candidate/support/ucs2)
    Checking cache_topology v0.0.0 (/home/ruize/openvmm-restore-v1/research/restore-vp-prefix-proof/candidate/support/cache_topology)
    Checking tracelimit v0.0.0 (/home/ruize/openvmm-restore-v1/research/restore-vp-prefix-proof/candidate/support/tracelimit)
    Checking tracing_helpers v0.0.0 (/home/ruize/openvmm-restore-v1/research/restore-vp-prefix-proof/candidate/support/tracing_helpers)
    Checking cvm_tracing v0.0.0 (/home/ruize/openvmm-restore-v1/research/restore-vp-prefix-proof/candidate/vm/cvm_tracing)
    Checking test_with_tracing v0.0.0 (/home/ruize/openvmm-restore-v1/research/restore-vp-prefix-proof/candidate/support/test_with_tracing)
    Checking pal v0.0.0 (/home/ruize/openvmm-restore-v1/research/restore-vp-prefix-proof/candidate/support/pal)
   Compiling prost-build v0.11.9
   Compiling tdisp_proto v0.0.0 (/home/ruize/openvmm-restore-v1/research/restore-vp-prefix-proof/candidate/vm/devices/tdisp_proto)
    Checking hvdef v0.0.0 (/home/ruize/openvmm-restore-v1/research/restore-vp-prefix-proof/candidate/vm/hv1/hvdef)
    Checking sparse_mmap v0.0.0 (/home/ruize/openvmm-restore-v1/research/restore-vp-prefix-proof/candidate/support/sparse_mmap)
    Checking safeatomic v0.0.0 (/home/ruize/openvmm-restore-v1/research/restore-vp-prefix-proof/candidate/support/safeatomic)
    Checking x86defs v0.0.0 (/home/ruize/openvmm-restore-v1/research/restore-vp-prefix-proof/candidate/vm/x86/x86defs)
    Checking aarch64defs v0.0.0 (/home/ruize/openvmm-restore-v1/research/restore-vp-prefix-proof/candidate/vm/aarch64/aarch64defs)
    Checking igvm_defs v0.4.0 (https://github.com/microsoft/igvm?rev=7184dce1086956342c1bf561f82ff268d06d2c73#7184dce1)
    Checking scsi_defs v0.0.0 (/home/ruize/openvmm-restore-v1/research/restore-vp-prefix-proof/candidate/vm/devices/storage/scsi_defs)
    Checking acpi_spec v0.0.0 (/home/ruize/openvmm-restore-v1/research/restore-vp-prefix-proof/candidate/vm/acpi_spec)
    Checking page_table v0.0.0 (/home/ruize/openvmm-restore-v1/research/restore-vp-prefix-proof/candidate/vm/loader/page_table)
error: failed to run custom build command for `tdisp_proto v0.0.0 (/home/ruize/openvmm-restore-v1/research/restore-vp-prefix-proof/candidate/vm/devices/tdisp_proto)`

Caused by:
  process didn't exit successfully: `/home/ruize/openvmm-restore-v1/target/debug/build/tdisp_proto-05f14832938da576/build-script-build` (exit status: 101)
  --- stderr

  thread 'main' (3725470) panicked at vm/devices/tdisp_proto/build.rs:9:10:
  called `Result::unwrap()` on an `Err` value: Custom { kind: NotFound, error: "failed to invoke protoc (hint: https://docs.rs/prost-build/#sourcing-protoc): (path: \"/home/ruize/openvmm-restore-v1/research/restore-vp-prefix-proof/candidate/.packages/Google.Protobuf.Tools/tools/protoc\"): No such file or directory (os error 2)" }
  note: run with `RUST_BACKTRACE=1` environment variable to display a backtrace
warning: build failed, waiting for other jobs to finish...
