   Compiling verus_state_machines_macros v0.0.0-2026-09-06-0133 (/home/ruize/openvmm-restore-v1/research/restore-vp-prefix-proof/candidate/toolchain/verus-src/source/state_machines_macros)
   Compiling verus_builtin_macros v0.0.0-2026-09-06-0133 (/home/ruize/openvmm-restore-v1/research/restore-vp-prefix-proof/candidate/toolchain/verus-src/source/builtin_macros)
    Checking futures-executor v0.3.31
   Compiling tdisp_proto v0.0.0 (/home/ruize/openvmm-restore-v1/research/restore-vp-prefix-proof/candidate/vm/devices/tdisp_proto)
    Checking futures v0.3.31
    Checking vstd v0.0.0-2026-09-16-0054 (/home/ruize/openvmm-restore-v1/research/restore-vp-prefix-proof/candidate/toolchain/verus-src/source/vstd)
    Checking mesh_protobuf v0.0.0 (/home/ruize/openvmm-restore-v1/research/restore-vp-prefix-proof/candidate/support/mesh/mesh_protobuf)
    Checking mesh_node v0.0.0 (/home/ruize/openvmm-restore-v1/research/restore-vp-prefix-proof/candidate/support/mesh/mesh_node)
    Checking pal_event v0.0.0 (/home/ruize/openvmm-restore-v1/research/restore-vp-prefix-proof/candidate/support/pal/pal_event)
    Checking pal_async v0.0.0 (/home/ruize/openvmm-restore-v1/research/restore-vp-prefix-proof/candidate/support/pal/pal_async)
    Checking mesh_channel_core v0.0.0 (/home/ruize/openvmm-restore-v1/research/restore-vp-prefix-proof/candidate/support/mesh/mesh_channel_core)
    Checking mesh_channel v0.0.0 (/home/ruize/openvmm-restore-v1/research/restore-vp-prefix-proof/candidate/support/mesh/mesh_channel)
    Checking mesh v0.0.0 (/home/ruize/openvmm-restore-v1/research/restore-vp-prefix-proof/candidate/support/mesh)
    Checking inspect v0.0.0 (/home/ruize/openvmm-restore-v1/research/restore-vp-prefix-proof/candidate/support/inspect)
    Checking vm_resource v0.0.0 (/home/ruize/openvmm-restore-v1/research/restore-vp-prefix-proof/candidate/vm/vmcore/vm_resource)
    Checking guestmem v0.0.0 (/home/ruize/openvmm-restore-v1/research/restore-vp-prefix-proof/candidate/vm/vmcore/guestmem)
    Checking guid v0.0.0 (/home/ruize/openvmm-restore-v1/research/restore-vp-prefix-proof/candidate/support/guid)
    Checking memory_range v0.0.0 (/home/ruize/openvmm-restore-v1/research/restore-vp-prefix-proof/candidate/vm/vmcore/memory_range)
    Checking inspect_counters v0.0.0 (/home/ruize/openvmm-restore-v1/research/restore-vp-prefix-proof/candidate/support/inspect_counters)
    Checking local_clock v0.0.0 (/home/ruize/openvmm-restore-v1/research/restore-vp-prefix-proof/candidate/support/local_clock)
    Checking task_control v0.0.0 (/home/ruize/openvmm-restore-v1/research/restore-vp-prefix-proof/candidate/support/task_control)
    Checking address_filter v0.0.0 (/home/ruize/openvmm-restore-v1/research/restore-vp-prefix-proof/candidate/support/address_filter)
    Checking hcl_compat_uefi_nvram_resources v0.0.0 (/home/ruize/openvmm-restore-v1/research/restore-vp-prefix-proof/candidate/vm/devices/firmware/hcl_compat_uefi_nvram_resources)
    Checking vmbus_core v0.0.0 (/home/ruize/openvmm-restore-v1/research/restore-vp-prefix-proof/candidate/vm/devices/vmbus/vmbus_core)
    Checking uefi_specs v0.0.0 (/home/ruize/openvmm-restore-v1/research/restore-vp-prefix-proof/candidate/vm/devices/firmware/uefi_specs)
    Checking hybrid_vsock v0.0.0 (/home/ruize/openvmm-restore-v1/research/restore-vp-prefix-proof/candidate/support/hybrid_vsock)
    Checking vpci_protocol v0.0.0 (/home/ruize/openvmm-restore-v1/research/restore-vp-prefix-proof/candidate/vm/devices/pci/vpci_protocol)
    Checking tdisp v0.0.0 (/home/ruize/openvmm-restore-v1/research/restore-vp-prefix-proof/candidate/vm/devices/tdisp)
    Checking vmcore v0.0.0 (/home/ruize/openvmm-restore-v1/research/restore-vp-prefix-proof/candidate/vm/vmcore)
    Checking serial_core v0.0.0 (/home/ruize/openvmm-restore-v1/research/restore-vp-prefix-proof/candidate/vm/devices/serial/serial_core)
    Checking power_resources v0.0.0 (/home/ruize/openvmm-restore-v1/research/restore-vp-prefix-proof/candidate/vm/power_resources)
    Checking input_core v0.0.0 (/home/ruize/openvmm-restore-v1/research/restore-vp-prefix-proof/candidate/vm/devices/input_core)
    Checking chipset_resources v0.0.0 (/home/ruize/openvmm-restore-v1/research/restore-vp-prefix-proof/candidate/vm/devices/chipset_resources)
    Checking video_core v0.0.0 (/home/ruize/openvmm-restore-v1/research/restore-vp-prefix-proof/candidate/vm/devices/video_core)
    Checking missing_dev_resources v0.0.0 (/home/ruize/openvmm-restore-v1/research/restore-vp-prefix-proof/candidate/vm/devices/missing_dev_resources)
    Checking ide_resources v0.0.0 (/home/ruize/openvmm-restore-v1/research/restore-vp-prefix-proof/candidate/vm/devices/storage/ide_resources)
    Checking scsi_buffers v0.0.0 (/home/ruize/openvmm-restore-v1/research/restore-vp-prefix-proof/candidate/vm/devices/storage/scsi_buffers)
    Checking vmbus_ring v0.0.0 (/home/ruize/openvmm-restore-v1/research/restore-vp-prefix-proof/candidate/vm/devices/vmbus/vmbus_ring)
    Checking uefi_nvram_storage v0.0.0 (/home/ruize/openvmm-restore-v1/research/restore-vp-prefix-proof/candidate/vm/devices/firmware/uefi_nvram_storage)
    Checking hcl_compat_uefi_nvram_storage v0.0.0 (/home/ruize/openvmm-restore-v1/research/restore-vp-prefix-proof/candidate/vm/devices/firmware/hcl_compat_uefi_nvram_storage)
    Checking chipset_device v0.0.0 (/home/ruize/openvmm-restore-v1/research/restore-vp-prefix-proof/candidate/vm/chipset_device)
    Checking disk_backend v0.0.0 (/home/ruize/openvmm-restore-v1/research/restore-vp-prefix-proof/candidate/vm/devices/storage/disk_backend)
    Checking vmbus_channel v0.0.0 (/home/ruize/openvmm-restore-v1/research/restore-vp-prefix-proof/candidate/vm/devices/vmbus/vmbus_channel)
    Checking scsi_core v0.0.0 (/home/ruize/openvmm-restore-v1/research/restore-vp-prefix-proof/candidate/vm/devices/storage/scsi_core)
    Checking generation_id v0.0.0 (/home/ruize/openvmm-restore-v1/research/restore-vp-prefix-proof/candidate/vm/devices/firmware/generation_id)
    Checking state_unit v0.0.0 (/home/ruize/openvmm-restore-v1/research/restore-vp-prefix-proof/candidate/vmm_core/state_unit)
    Checking pci_core v0.0.0 (/home/ruize/openvmm-restore-v1/research/restore-vp-prefix-proof/candidate/vm/devices/pci/pci_core)
    Checking chipset_device_resources v0.0.0 (/home/ruize/openvmm-restore-v1/research/restore-vp-prefix-proof/candidate/vm/chipset_device_resources)
    Checking floppy_pcat_stub v0.0.0 (/home/ruize/openvmm-restore-v1/research/restore-vp-prefix-proof/candidate/vm/devices/storage/floppy_pcat_stub)
    Checking framebuffer v0.0.0 (/home/ruize/openvmm-restore-v1/research/restore-vp-prefix-proof/candidate/vm/devices/framebuffer)
    Checking floppy v0.0.0 (/home/ruize/openvmm-restore-v1/research/restore-vp-prefix-proof/candidate/vm/devices/storage/floppy)
    Checking chipset v0.0.0 (/home/ruize/openvmm-restore-v1/research/restore-vp-prefix-proof/candidate/vm/devices/chipset)
    Checking vmbus_async v0.0.0 (/home/ruize/openvmm-restore-v1/research/restore-vp-prefix-proof/candidate/vm/devices/vmbus/vmbus_async)
    Checking vmbus_server v0.0.0 (/home/ruize/openvmm-restore-v1/research/restore-vp-prefix-proof/candidate/vm/devices/vmbus/vmbus_server)
    Checking pci_resources v0.0.0 (/home/ruize/openvmm-restore-v1/research/restore-vp-prefix-proof/candidate/vm/devices/pci/pci_resources)
    Checking pci_bus v0.0.0 (/home/ruize/openvmm-restore-v1/research/restore-vp-prefix-proof/candidate/vm/devices/pci/pci_bus)
    Checking missing_dev v0.0.0 (/home/ruize/openvmm-restore-v1/research/restore-vp-prefix-proof/candidate/vm/devices/missing_dev)
    Checking ide v0.0.0 (/home/ruize/openvmm-restore-v1/research/restore-vp-prefix-proof/candidate/vm/devices/storage/ide)
    Checking vpci v0.0.0 (/home/ruize/openvmm-restore-v1/research/restore-vp-prefix-proof/candidate/vm/devices/pci/vpci)
    Checking cxl_spec v0.0.0 (/home/ruize/openvmm-restore-v1/research/restore-vp-prefix-proof/candidate/vm/devices/cxl)
    Checking chipset_legacy v0.0.0 (/home/ruize/openvmm-restore-v1/research/restore-vp-prefix-proof/candidate/vm/devices/chipset_legacy)
    Checking vm_topology v0.0.0 (/home/ruize/openvmm-restore-v1/research/restore-vp-prefix-proof/candidate/vm/vmcore/vm_topology)
    Checking pcie v0.0.0 (/home/ruize/openvmm-restore-v1/research/restore-vp-prefix-proof/candidate/vm/devices/pci/pcie)
    Checking acpi v0.0.0 (/home/ruize/openvmm-restore-v1/research/restore-vp-prefix-proof/candidate/vm/acpi)
    Checking firmware_pcat v0.0.0 (/home/ruize/openvmm-restore-v1/research/restore-vp-prefix-proof/candidate/vm/devices/firmware/firmware_pcat)
    Checking virt v0.0.0 (/home/ruize/openvmm-restore-v1/research/restore-vp-prefix-proof/candidate/vmm_core/virt)
    Checking vmotherboard v0.0.0 (/home/ruize/openvmm-restore-v1/research/restore-vp-prefix-proof/candidate/vmm_core/vmotherboard)
    Checking vmm_core_defs v0.0.0 (/home/ruize/openvmm-restore-v1/research/restore-vp-prefix-proof/candidate/vmm_core/vmm_core_defs)
warning: autoderive Clone impl does not take the form Verus expects; continuing, but without adding a specification for the derived Clone impl
  --> vmm_core/vmm_core_defs/src/lib.rs:36:17
   |
36 | #[derive(Debug, Clone, Eq, PartialEq, Protobuf, Inspect)]
   |                 ^^^^^
   |
   = help: to suppress this warning, use `#[verifier::allow(autoderive_clone_without_spec)]` on the surrounding function, datatype, or module or `#![verifier::allow(autoderive_clone_without_spec)]` in the module or crate

warning: `vmm_core_defs` (lib) generated 1 warning
    Checking vmm_core v0.0.0 (/home/ruize/openvmm-restore-v1/research/restore-vp-prefix-proof/candidate/vmm_core)
error: `vm_topology::processor::VpIndex` is not supported (note: you may be able to add a Verus specification to this type with the `external_type_specification` attribute)
   --> vmm_core/src/partition_unit/vp_set.rs:918:5
    |
918 |                                      states: Vec<(VpIndex, T)>,
    |                                      ^^^^^^^^^^^^^^^^^^^^^^^^^
919 |                                  ) -> Result<Vec<(VpIndex, T)>, RestoreError> {
    |  _____________________________________---------------------------------------_-
920 | |                / /                 validate_restore_vp_indices(
921 | |                | |                     vp_capacity,
922 | |                | |                     states.iter().map(|entry| {
    | |                | |            _________-------------_____-_______-
    | |                | |           |_________|_________________|
    | |                | |       ___||_________|
    | |                | |      |   ||
923 | |                | |      |   ||             let (vp_index, _) = entry;
    | |                | |      |   ||                 -------------   -----
924 | |                | |      |   ||             *vp_index
    | |                | |      |   ||              --------
925 | |                | |      |   ||         }),
    | |                | |      |___||_________--
    | |                | |          ||_________|
    | |                | |           |_________|
    | |                | |
926 | |                | |                 )?;
    | |                | |_________________--
    | |                |___________________|
    | |
927 | |                                    Ok(states
    | |                               _____-__------
    | |                               _____|__|
    | |                               _____|__|
    | |                               _____|__|
    | |                               _____|__|
    | |                               _____|__|
    | |                               _____|__|
    | |                               _____|__|
    | |                               _____|__|
    | |                               _____|__|
    | |                               _____|__|
    | |                               _____|
    | |                              |
928 | |                              |         .into_iter()
    | |                              |____________________-
    | |                              |____________________|
    | |                              |____________________|
    | |
929 | |                                        .filter(|entry| {
    | |                               _________________-
    | |                               _________________|
    | |                              |
930 | |                              |             let (vp_index, _) = entry;
    | |                              |                 -------------   -----
931 | |                              |             vp_index.index() < instantiated_vp_count as u32
    | |                              |             --------
932 | |                              |         })
    | |                              |_________--
    | |                              |_________||
    | |                              |_________||
    | |                              |_________||
    | |                              |_________|
    | |                              |_________|
    | |
933 | |                              |         .collect())
    | |                              |__________________--
    | |                              |__________________|
    | |                              |__________________|
    | |                              |__________________|
    | |                              |__________________|
    | |
934 | |                              | }
    | |______________________________|_-
    |
    = help: The following declaration may resolve this error:
            #[verifier::external_type_specification]
            pub struct ExVpIndex(virt::VpIndex);

error: `vmcore::save_restore::RestoreError` is not supported (note: you may be able to add a Verus specification to this type with the `external_type_specification` attribute)
   --> vmm_core/src/partition_unit/vp_set.rs:919:6
    |
919 |            ) -> Result<Vec<(VpIndex, T)>, RestoreError> {
    |  _______________^^^^^^^^^^^^^^^^^^^^^^^^^^^^^^^^^^^^^^^_-
920 | |    /   /     validate_restore_vp_indices(
921 | |    |   |         vp_capacity,
922 | |    |   |         states.iter().map(|entry| {
923 | |    |   |             let (vp_index, _) = entry;
924 | |    |   |             *vp_index
925 | |    |   |         }),
926 | |    |   |     )?;
    | |    |   |_____--
    | |    |_________|
    | |
927 | |        /     Ok(states
928 | |        |         .into_iter()
929 | |        |         .filter(|entry| {
930 | |        |             let (vp_index, _) = entry;
931 | |        |             vp_index.index() < instantiated_vp_count as u32
932 | |        |         })
933 | |        |         .collect())
    | |        |___________________-
934 | |          }
    | |__________-
    |
    = help: The following declaration may resolve this error:
            #[verifier::external_type_specification]
            pub struct ExRestoreError(vmcore::save_restore::RestoreError);

error: cannot use function `vmm_core::partition_unit::vp_set::validate_restore_vp_indices` which is ignored because it is either declared outside the verus! macro or it is marked as `external`.
   --> vmm_core/src/partition_unit/vp_set.rs:920:5
    |
920 | /     validate_restore_vp_indices(
921 | |         vp_capacity,
922 | |         states.iter().map(|entry| {
923 | |             let (vp_index, _) = entry;
924 | |             *vp_index
925 | |         }),
926 | |     )?;
    | |_____^
    |
    = help: The following declaration may resolve this error:
            assume_specification<impl IntoIterator<Item = VpIndex>> [crate::partition_unit::vp_set::validate_restore_vp_indices] (_0: usize, _1: impl IntoIterator<Item = VpIndex>) -> std::result::Result<(), vmcore::save_restore::RestoreError>
            where
            impl IntoIterator<Item = VpIndex>: std::iter::IntoIterator<Item = virt::VpIndex>,;

error: `vm_topology::processor::impl&%4::index` is not supported (note: you may be able to add a Verus specification to this function with `assume_specification`)
   --> vmm_core/src/partition_unit/vp_set.rs:931:13
    |
931 |             vp_index.index() < instantiated_vp_count as u32
    |             ^^^^^^^^^^^^^^^^
    |
    = help: The following declaration may resolve this error:
            pub assume_specification [virt::VpIndex::index] (_0: &virt::VpIndex) -> u32;

error: could not compile `vmm_core` (lib) due to 4 previous errors
