    Blocking waiting for file lock on package cache
    Blocking waiting for file lock on package cache
    Blocking waiting for file lock on package cache
    Blocking waiting for file lock on package cache
    Blocking waiting for file lock on package cache
   Compiling verus_state_machines_macros v0.0.0-2026-09-06-0133 (/home/ruize/openvmm-restore-v1/research/vmtime-reset-installation/workspace/toolchain/verus-src/source/state_machines_macros)
   Compiling verus_builtin_macros v0.0.0-2026-09-06-0133 (/home/ruize/openvmm-restore-v1/research/vmtime-reset-installation/workspace/toolchain/verus-src/source/builtin_macros)
   Compiling futures-executor v0.3.31
   Compiling igvm v0.4.0 (https://github.com/microsoft/igvm?rev=7184dce1086956342c1bf561f82ff268d06d2c73#7184dce1)
   Compiling tdisp_proto v0.0.0 (/home/ruize/openvmm-restore-v1/research/vmtime-reset-installation/workspace/vm/devices/tdisp_proto)
   Compiling futures v0.3.31
   Compiling vstd v0.0.0-2026-09-16-0054 (/home/ruize/openvmm-restore-v1/research/vmtime-reset-installation/workspace/toolchain/verus-src/source/vstd)
warning: unexpected `cfg` condition name: `target_has_atomic_primitive_alignment`
   --> toolchain/verus-src/source/vstd/atomic.rs:518:15
    |
518 |         #[cfg(target_has_atomic_primitive_alignment = $width)]
    |               ^^^^^^^^^^^^^^^^^^^^^^^^^^^^^^^^^^^^^^^^^^^^^^
...
603 | ptr_atomic_methods!(PAtomicU64, AtomicU64, u64, "64");
    | ----------------------------------------------------- in this macro invocation
    |
    = help: consider using a Cargo feature instead
    = help: or consider adding in `Cargo.toml` the `check-cfg` lint config for the lint:
             [lints.rust]
             unexpected_cfgs = { level = "warn", check-cfg = ['cfg(target_has_atomic_primitive_alignment, values("64"))'] }
    = help: or consider adding `println!("cargo::rustc-check-cfg=cfg(target_has_atomic_primitive_alignment, values(\"64\"))");` to the top of the `build.rs`
    = note: see <https://doc.rust-lang.org/nightly/rustc/check-cfg/cargo-specifics.html> for more information about checking conditional configuration
    = note: requested on the command line with `-W unexpected-cfgs`
    = note: this warning originates in the macro `ptr_atomic_methods` (in Nightly builds, run with -Z macro-backtrace for more info)
help: there is a config with a similar name and value
    |
518 -         #[cfg(target_has_atomic_primitive_alignment = $width)]
518 +         #[cfg(target_has_atomic_equal_alignment = $width)]
    |

warning: unexpected `cfg` condition name: `target_has_atomic_primitive_alignment`
   --> toolchain/verus-src/source/vstd/atomic.rs:531:15
    |
531 |         #[cfg(target_has_atomic_primitive_alignment = $width)]
    |               ^^^^^^^^^^^^^^^^^^^^^^^^^^^^^^^^^^^^^^^^^^^^^^
...
603 | ptr_atomic_methods!(PAtomicU64, AtomicU64, u64, "64");
    | ----------------------------------------------------- in this macro invocation
    |
    = help: consider using a Cargo feature instead
    = help: or consider adding in `Cargo.toml` the `check-cfg` lint config for the lint:
             [lints.rust]
             unexpected_cfgs = { level = "warn", check-cfg = ['cfg(target_has_atomic_primitive_alignment, values("64"))'] }
    = help: or consider adding `println!("cargo::rustc-check-cfg=cfg(target_has_atomic_primitive_alignment, values(\"64\"))");` to the top of the `build.rs`
    = note: see <https://doc.rust-lang.org/nightly/rustc/check-cfg/cargo-specifics.html> for more information about checking conditional configuration
    = note: this warning originates in the macro `ptr_atomic_methods` (in Nightly builds, run with -Z macro-backtrace for more info)
help: there is a config with a similar name and value
    |
531 -         #[cfg(target_has_atomic_primitive_alignment = $width)]
531 +         #[cfg(target_has_atomic_equal_alignment = $width)]
    |

warning: unexpected `cfg` condition name: `target_has_atomic_primitive_alignment`
   --> toolchain/verus-src/source/vstd/atomic.rs:518:15
    |
518 |         #[cfg(target_has_atomic_primitive_alignment = $width)]
    |               ^^^^^^^^^^^^^^^^^^^^^^^^^^^^^^^^^^^^^^^^^^^^^^
...
605 | ptr_atomic_methods!(PAtomicU32, AtomicU32, u32, "32");
    | ----------------------------------------------------- in this macro invocation
    |
    = help: consider using a Cargo feature instead
    = help: or consider adding in `Cargo.toml` the `check-cfg` lint config for the lint:
             [lints.rust]
             unexpected_cfgs = { level = "warn", check-cfg = ['cfg(target_has_atomic_primitive_alignment, values("32"))'] }
    = help: or consider adding `println!("cargo::rustc-check-cfg=cfg(target_has_atomic_primitive_alignment, values(\"32\"))");` to the top of the `build.rs`
    = note: see <https://doc.rust-lang.org/nightly/rustc/check-cfg/cargo-specifics.html> for more information about checking conditional configuration
    = note: this warning originates in the macro `ptr_atomic_methods` (in Nightly builds, run with -Z macro-backtrace for more info)
help: there is a config with a similar name and value
    |
518 -         #[cfg(target_has_atomic_primitive_alignment = $width)]
518 +         #[cfg(target_has_atomic_equal_alignment = $width)]
    |

warning: unexpected `cfg` condition name: `target_has_atomic_primitive_alignment`
   --> toolchain/verus-src/source/vstd/atomic.rs:531:15
    |
531 |         #[cfg(target_has_atomic_primitive_alignment = $width)]
    |               ^^^^^^^^^^^^^^^^^^^^^^^^^^^^^^^^^^^^^^^^^^^^^^
...
605 | ptr_atomic_methods!(PAtomicU32, AtomicU32, u32, "32");
    | ----------------------------------------------------- in this macro invocation
    |
    = help: consider using a Cargo feature instead
    = help: or consider adding in `Cargo.toml` the `check-cfg` lint config for the lint:
             [lints.rust]
             unexpected_cfgs = { level = "warn", check-cfg = ['cfg(target_has_atomic_primitive_alignment, values("32"))'] }
    = help: or consider adding `println!("cargo::rustc-check-cfg=cfg(target_has_atomic_primitive_alignment, values(\"32\"))");` to the top of the `build.rs`
    = note: see <https://doc.rust-lang.org/nightly/rustc/check-cfg/cargo-specifics.html> for more information about checking conditional configuration
    = note: this warning originates in the macro `ptr_atomic_methods` (in Nightly builds, run with -Z macro-backtrace for more info)
help: there is a config with a similar name and value
    |
531 -         #[cfg(target_has_atomic_primitive_alignment = $width)]
531 +         #[cfg(target_has_atomic_equal_alignment = $width)]
    |

warning: unexpected `cfg` condition name: `target_has_atomic_primitive_alignment`
   --> toolchain/verus-src/source/vstd/atomic.rs:518:15
    |
518 |         #[cfg(target_has_atomic_primitive_alignment = $width)]
    |               ^^^^^^^^^^^^^^^^^^^^^^^^^^^^^^^^^^^^^^^^^^^^^^
...
606 | ptr_atomic_methods!(PAtomicU16, AtomicU16, u16, "16");
    | ----------------------------------------------------- in this macro invocation
    |
    = help: consider using a Cargo feature instead
    = help: or consider adding in `Cargo.toml` the `check-cfg` lint config for the lint:
             [lints.rust]
             unexpected_cfgs = { level = "warn", check-cfg = ['cfg(target_has_atomic_primitive_alignment, values("16"))'] }
    = help: or consider adding `println!("cargo::rustc-check-cfg=cfg(target_has_atomic_primitive_alignment, values(\"16\"))");` to the top of the `build.rs`
    = note: see <https://doc.rust-lang.org/nightly/rustc/check-cfg/cargo-specifics.html> for more information about checking conditional configuration
    = note: this warning originates in the macro `ptr_atomic_methods` (in Nightly builds, run with -Z macro-backtrace for more info)
help: there is a config with a similar name and value
    |
518 -         #[cfg(target_has_atomic_primitive_alignment = $width)]
518 +         #[cfg(target_has_atomic_equal_alignment = $width)]
    |

warning: unexpected `cfg` condition name: `target_has_atomic_primitive_alignment`
   --> toolchain/verus-src/source/vstd/atomic.rs:531:15
    |
531 |         #[cfg(target_has_atomic_primitive_alignment = $width)]
    |               ^^^^^^^^^^^^^^^^^^^^^^^^^^^^^^^^^^^^^^^^^^^^^^
...
606 | ptr_atomic_methods!(PAtomicU16, AtomicU16, u16, "16");
    | ----------------------------------------------------- in this macro invocation
    |
    = help: consider using a Cargo feature instead
    = help: or consider adding in `Cargo.toml` the `check-cfg` lint config for the lint:
             [lints.rust]
             unexpected_cfgs = { level = "warn", check-cfg = ['cfg(target_has_atomic_primitive_alignment, values("16"))'] }
    = help: or consider adding `println!("cargo::rustc-check-cfg=cfg(target_has_atomic_primitive_alignment, values(\"16\"))");` to the top of the `build.rs`
    = note: see <https://doc.rust-lang.org/nightly/rustc/check-cfg/cargo-specifics.html> for more information about checking conditional configuration
    = note: this warning originates in the macro `ptr_atomic_methods` (in Nightly builds, run with -Z macro-backtrace for more info)
help: there is a config with a similar name and value
    |
531 -         #[cfg(target_has_atomic_primitive_alignment = $width)]
531 +         #[cfg(target_has_atomic_equal_alignment = $width)]
    |

warning: unexpected `cfg` condition name: `target_has_atomic_primitive_alignment`
   --> toolchain/verus-src/source/vstd/atomic.rs:518:15
    |
518 |         #[cfg(target_has_atomic_primitive_alignment = $width)]
    |               ^^^^^^^^^^^^^^^^^^^^^^^^^^^^^^^^^^^^^^^^^^^^^^
...
607 | ptr_atomic_methods!(PAtomicU8, AtomicU8, u8, "8");
    | ------------------------------------------------- in this macro invocation
    |
    = help: consider using a Cargo feature instead
    = help: or consider adding in `Cargo.toml` the `check-cfg` lint config for the lint:
             [lints.rust]
             unexpected_cfgs = { level = "warn", check-cfg = ['cfg(target_has_atomic_primitive_alignment, values("8"))'] }
    = help: or consider adding `println!("cargo::rustc-check-cfg=cfg(target_has_atomic_primitive_alignment, values(\"8\"))");` to the top of the `build.rs`
    = note: see <https://doc.rust-lang.org/nightly/rustc/check-cfg/cargo-specifics.html> for more information about checking conditional configuration
    = note: this warning originates in the macro `ptr_atomic_methods` (in Nightly builds, run with -Z macro-backtrace for more info)
help: there is a config with a similar name and value
    |
518 -         #[cfg(target_has_atomic_primitive_alignment = $width)]
518 +         #[cfg(target_has_atomic_equal_alignment = $width)]
    |

warning: unexpected `cfg` condition name: `target_has_atomic_primitive_alignment`
   --> toolchain/verus-src/source/vstd/atomic.rs:531:15
    |
531 |         #[cfg(target_has_atomic_primitive_alignment = $width)]
    |               ^^^^^^^^^^^^^^^^^^^^^^^^^^^^^^^^^^^^^^^^^^^^^^
...
607 | ptr_atomic_methods!(PAtomicU8, AtomicU8, u8, "8");
    | ------------------------------------------------- in this macro invocation
    |
    = help: consider using a Cargo feature instead
    = help: or consider adding in `Cargo.toml` the `check-cfg` lint config for the lint:
             [lints.rust]
             unexpected_cfgs = { level = "warn", check-cfg = ['cfg(target_has_atomic_primitive_alignment, values("8"))'] }
    = help: or consider adding `println!("cargo::rustc-check-cfg=cfg(target_has_atomic_primitive_alignment, values(\"8\"))");` to the top of the `build.rs`
    = note: see <https://doc.rust-lang.org/nightly/rustc/check-cfg/cargo-specifics.html> for more information about checking conditional configuration
    = note: this warning originates in the macro `ptr_atomic_methods` (in Nightly builds, run with -Z macro-backtrace for more info)
help: there is a config with a similar name and value
    |
531 -         #[cfg(target_has_atomic_primitive_alignment = $width)]
531 +         #[cfg(target_has_atomic_equal_alignment = $width)]
    |

warning: unexpected `cfg` condition name: `target_has_atomic_primitive_alignment`
   --> toolchain/verus-src/source/vstd/atomic.rs:518:15
    |
518 |         #[cfg(target_has_atomic_primitive_alignment = $width)]
    |               ^^^^^^^^^^^^^^^^^^^^^^^^^^^^^^^^^^^^^^^^^^^^^^
...
608 | ptr_atomic_methods!(PAtomicUsize, AtomicUsize, usize, "ptr");
    | ------------------------------------------------------------ in this macro invocation
    |
    = help: consider using a Cargo feature instead
    = help: or consider adding in `Cargo.toml` the `check-cfg` lint config for the lint:
             [lints.rust]
             unexpected_cfgs = { level = "warn", check-cfg = ['cfg(target_has_atomic_primitive_alignment, values("ptr"))'] }
    = help: or consider adding `println!("cargo::rustc-check-cfg=cfg(target_has_atomic_primitive_alignment, values(\"ptr\"))");` to the top of the `build.rs`
    = note: see <https://doc.rust-lang.org/nightly/rustc/check-cfg/cargo-specifics.html> for more information about checking conditional configuration
    = note: this warning originates in the macro `ptr_atomic_methods` (in Nightly builds, run with -Z macro-backtrace for more info)
help: there is a config with a similar name and value
    |
518 -         #[cfg(target_has_atomic_primitive_alignment = $width)]
518 +         #[cfg(target_has_atomic_equal_alignment = $width)]
    |

warning: unexpected `cfg` condition name: `target_has_atomic_primitive_alignment`
   --> toolchain/verus-src/source/vstd/atomic.rs:531:15
    |
531 |         #[cfg(target_has_atomic_primitive_alignment = $width)]
    |               ^^^^^^^^^^^^^^^^^^^^^^^^^^^^^^^^^^^^^^^^^^^^^^
...
608 | ptr_atomic_methods!(PAtomicUsize, AtomicUsize, usize, "ptr");
    | ------------------------------------------------------------ in this macro invocation
    |
    = help: consider using a Cargo feature instead
    = help: or consider adding in `Cargo.toml` the `check-cfg` lint config for the lint:
             [lints.rust]
             unexpected_cfgs = { level = "warn", check-cfg = ['cfg(target_has_atomic_primitive_alignment, values("ptr"))'] }
    = help: or consider adding `println!("cargo::rustc-check-cfg=cfg(target_has_atomic_primitive_alignment, values(\"ptr\"))");` to the top of the `build.rs`
    = note: see <https://doc.rust-lang.org/nightly/rustc/check-cfg/cargo-specifics.html> for more information about checking conditional configuration
    = note: this warning originates in the macro `ptr_atomic_methods` (in Nightly builds, run with -Z macro-backtrace for more info)
help: there is a config with a similar name and value
    |
531 -         #[cfg(target_has_atomic_primitive_alignment = $width)]
531 +         #[cfg(target_has_atomic_equal_alignment = $width)]
    |

warning: unexpected `cfg` condition name: `target_has_atomic_primitive_alignment`
   --> toolchain/verus-src/source/vstd/atomic.rs:518:15
    |
518 |         #[cfg(target_has_atomic_primitive_alignment = $width)]
    |               ^^^^^^^^^^^^^^^^^^^^^^^^^^^^^^^^^^^^^^^^^^^^^^
...
611 | ptr_atomic_methods!(PAtomicI64, AtomicI64, i64, "64");
    | ----------------------------------------------------- in this macro invocation
    |
    = help: consider using a Cargo feature instead
    = help: or consider adding in `Cargo.toml` the `check-cfg` lint config for the lint:
             [lints.rust]
             unexpected_cfgs = { level = "warn", check-cfg = ['cfg(target_has_atomic_primitive_alignment, values("64"))'] }
    = help: or consider adding `println!("cargo::rustc-check-cfg=cfg(target_has_atomic_primitive_alignment, values(\"64\"))");` to the top of the `build.rs`
    = note: see <https://doc.rust-lang.org/nightly/rustc/check-cfg/cargo-specifics.html> for more information about checking conditional configuration
    = note: this warning originates in the macro `ptr_atomic_methods` (in Nightly builds, run with -Z macro-backtrace for more info)
help: there is a config with a similar name and value
    |
518 -         #[cfg(target_has_atomic_primitive_alignment = $width)]
518 +         #[cfg(target_has_atomic_equal_alignment = $width)]
    |

warning: unexpected `cfg` condition name: `target_has_atomic_primitive_alignment`
   --> toolchain/verus-src/source/vstd/atomic.rs:531:15
    |
531 |         #[cfg(target_has_atomic_primitive_alignment = $width)]
    |               ^^^^^^^^^^^^^^^^^^^^^^^^^^^^^^^^^^^^^^^^^^^^^^
...
611 | ptr_atomic_methods!(PAtomicI64, AtomicI64, i64, "64");
    | ----------------------------------------------------- in this macro invocation
    |
    = help: consider using a Cargo feature instead
    = help: or consider adding in `Cargo.toml` the `check-cfg` lint config for the lint:
             [lints.rust]
             unexpected_cfgs = { level = "warn", check-cfg = ['cfg(target_has_atomic_primitive_alignment, values("64"))'] }
    = help: or consider adding `println!("cargo::rustc-check-cfg=cfg(target_has_atomic_primitive_alignment, values(\"64\"))");` to the top of the `build.rs`
    = note: see <https://doc.rust-lang.org/nightly/rustc/check-cfg/cargo-specifics.html> for more information about checking conditional configuration
    = note: this warning originates in the macro `ptr_atomic_methods` (in Nightly builds, run with -Z macro-backtrace for more info)
help: there is a config with a similar name and value
    |
531 -         #[cfg(target_has_atomic_primitive_alignment = $width)]
531 +         #[cfg(target_has_atomic_equal_alignment = $width)]
    |

warning: unexpected `cfg` condition name: `target_has_atomic_primitive_alignment`
   --> toolchain/verus-src/source/vstd/atomic.rs:518:15
    |
518 |         #[cfg(target_has_atomic_primitive_alignment = $width)]
    |               ^^^^^^^^^^^^^^^^^^^^^^^^^^^^^^^^^^^^^^^^^^^^^^
...
613 | ptr_atomic_methods!(PAtomicI32, AtomicI32, i32, "32");
    | ----------------------------------------------------- in this macro invocation
    |
    = help: consider using a Cargo feature instead
    = help: or consider adding in `Cargo.toml` the `check-cfg` lint config for the lint:
             [lints.rust]
             unexpected_cfgs = { level = "warn", check-cfg = ['cfg(target_has_atomic_primitive_alignment, values("32"))'] }
    = help: or consider adding `println!("cargo::rustc-check-cfg=cfg(target_has_atomic_primitive_alignment, values(\"32\"))");` to the top of the `build.rs`
    = note: see <https://doc.rust-lang.org/nightly/rustc/check-cfg/cargo-specifics.html> for more information about checking conditional configuration
    = note: this warning originates in the macro `ptr_atomic_methods` (in Nightly builds, run with -Z macro-backtrace for more info)
help: there is a config with a similar name and value
    |
518 -         #[cfg(target_has_atomic_primitive_alignment = $width)]
518 +         #[cfg(target_has_atomic_equal_alignment = $width)]
    |

warning: unexpected `cfg` condition name: `target_has_atomic_primitive_alignment`
   --> toolchain/verus-src/source/vstd/atomic.rs:531:15
    |
531 |         #[cfg(target_has_atomic_primitive_alignment = $width)]
    |               ^^^^^^^^^^^^^^^^^^^^^^^^^^^^^^^^^^^^^^^^^^^^^^
...
613 | ptr_atomic_methods!(PAtomicI32, AtomicI32, i32, "32");
    | ----------------------------------------------------- in this macro invocation
    |
    = help: consider using a Cargo feature instead
    = help: or consider adding in `Cargo.toml` the `check-cfg` lint config for the lint:
             [lints.rust]
             unexpected_cfgs = { level = "warn", check-cfg = ['cfg(target_has_atomic_primitive_alignment, values("32"))'] }
    = help: or consider adding `println!("cargo::rustc-check-cfg=cfg(target_has_atomic_primitive_alignment, values(\"32\"))");` to the top of the `build.rs`
    = note: see <https://doc.rust-lang.org/nightly/rustc/check-cfg/cargo-specifics.html> for more information about checking conditional configuration
    = note: this warning originates in the macro `ptr_atomic_methods` (in Nightly builds, run with -Z macro-backtrace for more info)
help: there is a config with a similar name and value
    |
531 -         #[cfg(target_has_atomic_primitive_alignment = $width)]
531 +         #[cfg(target_has_atomic_equal_alignment = $width)]
    |

warning: unexpected `cfg` condition name: `target_has_atomic_primitive_alignment`
   --> toolchain/verus-src/source/vstd/atomic.rs:518:15
    |
518 |         #[cfg(target_has_atomic_primitive_alignment = $width)]
    |               ^^^^^^^^^^^^^^^^^^^^^^^^^^^^^^^^^^^^^^^^^^^^^^
...
614 | ptr_atomic_methods!(PAtomicI16, AtomicI16, i16, "16");
    | ----------------------------------------------------- in this macro invocation
    |
    = help: consider using a Cargo feature instead
    = help: or consider adding in `Cargo.toml` the `check-cfg` lint config for the lint:
             [lints.rust]
             unexpected_cfgs = { level = "warn", check-cfg = ['cfg(target_has_atomic_primitive_alignment, values("16"))'] }
    = help: or consider adding `println!("cargo::rustc-check-cfg=cfg(target_has_atomic_primitive_alignment, values(\"16\"))");` to the top of the `build.rs`
    = note: see <https://doc.rust-lang.org/nightly/rustc/check-cfg/cargo-specifics.html> for more information about checking conditional configuration
    = note: this warning originates in the macro `ptr_atomic_methods` (in Nightly builds, run with -Z macro-backtrace for more info)
help: there is a config with a similar name and value
    |
518 -         #[cfg(target_has_atomic_primitive_alignment = $width)]
518 +         #[cfg(target_has_atomic_equal_alignment = $width)]
    |

warning: unexpected `cfg` condition name: `target_has_atomic_primitive_alignment`
   --> toolchain/verus-src/source/vstd/atomic.rs:531:15
    |
531 |         #[cfg(target_has_atomic_primitive_alignment = $width)]
    |               ^^^^^^^^^^^^^^^^^^^^^^^^^^^^^^^^^^^^^^^^^^^^^^
...
614 | ptr_atomic_methods!(PAtomicI16, AtomicI16, i16, "16");
    | ----------------------------------------------------- in this macro invocation
    |
    = help: consider using a Cargo feature instead
    = help: or consider adding in `Cargo.toml` the `check-cfg` lint config for the lint:
             [lints.rust]
             unexpected_cfgs = { level = "warn", check-cfg = ['cfg(target_has_atomic_primitive_alignment, values("16"))'] }
    = help: or consider adding `println!("cargo::rustc-check-cfg=cfg(target_has_atomic_primitive_alignment, values(\"16\"))");` to the top of the `build.rs`
    = note: see <https://doc.rust-lang.org/nightly/rustc/check-cfg/cargo-specifics.html> for more information about checking conditional configuration
    = note: this warning originates in the macro `ptr_atomic_methods` (in Nightly builds, run with -Z macro-backtrace for more info)
help: there is a config with a similar name and value
    |
531 -         #[cfg(target_has_atomic_primitive_alignment = $width)]
531 +         #[cfg(target_has_atomic_equal_alignment = $width)]
    |

warning: unexpected `cfg` condition name: `target_has_atomic_primitive_alignment`
   --> toolchain/verus-src/source/vstd/atomic.rs:518:15
    |
518 |         #[cfg(target_has_atomic_primitive_alignment = $width)]
    |               ^^^^^^^^^^^^^^^^^^^^^^^^^^^^^^^^^^^^^^^^^^^^^^
...
615 | ptr_atomic_methods!(PAtomicI8, AtomicI8, i8, "8");
    | ------------------------------------------------- in this macro invocation
    |
    = help: consider using a Cargo feature instead
    = help: or consider adding in `Cargo.toml` the `check-cfg` lint config for the lint:
             [lints.rust]
             unexpected_cfgs = { level = "warn", check-cfg = ['cfg(target_has_atomic_primitive_alignment, values("8"))'] }
    = help: or consider adding `println!("cargo::rustc-check-cfg=cfg(target_has_atomic_primitive_alignment, values(\"8\"))");` to the top of the `build.rs`
    = note: see <https://doc.rust-lang.org/nightly/rustc/check-cfg/cargo-specifics.html> for more information about checking conditional configuration
    = note: this warning originates in the macro `ptr_atomic_methods` (in Nightly builds, run with -Z macro-backtrace for more info)
help: there is a config with a similar name and value
    |
518 -         #[cfg(target_has_atomic_primitive_alignment = $width)]
518 +         #[cfg(target_has_atomic_equal_alignment = $width)]
    |

warning: unexpected `cfg` condition name: `target_has_atomic_primitive_alignment`
   --> toolchain/verus-src/source/vstd/atomic.rs:531:15
    |
531 |         #[cfg(target_has_atomic_primitive_alignment = $width)]
    |               ^^^^^^^^^^^^^^^^^^^^^^^^^^^^^^^^^^^^^^^^^^^^^^
...
615 | ptr_atomic_methods!(PAtomicI8, AtomicI8, i8, "8");
    | ------------------------------------------------- in this macro invocation
    |
    = help: consider using a Cargo feature instead
    = help: or consider adding in `Cargo.toml` the `check-cfg` lint config for the lint:
             [lints.rust]
             unexpected_cfgs = { level = "warn", check-cfg = ['cfg(target_has_atomic_primitive_alignment, values("8"))'] }
    = help: or consider adding `println!("cargo::rustc-check-cfg=cfg(target_has_atomic_primitive_alignment, values(\"8\"))");` to the top of the `build.rs`
    = note: see <https://doc.rust-lang.org/nightly/rustc/check-cfg/cargo-specifics.html> for more information about checking conditional configuration
    = note: this warning originates in the macro `ptr_atomic_methods` (in Nightly builds, run with -Z macro-backtrace for more info)
help: there is a config with a similar name and value
    |
531 -         #[cfg(target_has_atomic_primitive_alignment = $width)]
531 +         #[cfg(target_has_atomic_equal_alignment = $width)]
    |

warning: unexpected `cfg` condition name: `target_has_atomic_primitive_alignment`
   --> toolchain/verus-src/source/vstd/atomic.rs:518:15
    |
518 |         #[cfg(target_has_atomic_primitive_alignment = $width)]
    |               ^^^^^^^^^^^^^^^^^^^^^^^^^^^^^^^^^^^^^^^^^^^^^^
...
616 | ptr_atomic_methods!(PAtomicIsize, AtomicIsize, isize, "ptr");
    | ------------------------------------------------------------ in this macro invocation
    |
    = help: consider using a Cargo feature instead
    = help: or consider adding in `Cargo.toml` the `check-cfg` lint config for the lint:
             [lints.rust]
             unexpected_cfgs = { level = "warn", check-cfg = ['cfg(target_has_atomic_primitive_alignment, values("ptr"))'] }
    = help: or consider adding `println!("cargo::rustc-check-cfg=cfg(target_has_atomic_primitive_alignment, values(\"ptr\"))");` to the top of the `build.rs`
    = note: see <https://doc.rust-lang.org/nightly/rustc/check-cfg/cargo-specifics.html> for more information about checking conditional configuration
    = note: this warning originates in the macro `ptr_atomic_methods` (in Nightly builds, run with -Z macro-backtrace for more info)
help: there is a config with a similar name and value
    |
518 -         #[cfg(target_has_atomic_primitive_alignment = $width)]
518 +         #[cfg(target_has_atomic_equal_alignment = $width)]
    |

warning: unexpected `cfg` condition name: `target_has_atomic_primitive_alignment`
   --> toolchain/verus-src/source/vstd/atomic.rs:531:15
    |
531 |         #[cfg(target_has_atomic_primitive_alignment = $width)]
    |               ^^^^^^^^^^^^^^^^^^^^^^^^^^^^^^^^^^^^^^^^^^^^^^
...
616 | ptr_atomic_methods!(PAtomicIsize, AtomicIsize, isize, "ptr");
    | ------------------------------------------------------------ in this macro invocation
    |
    = help: consider using a Cargo feature instead
    = help: or consider adding in `Cargo.toml` the `check-cfg` lint config for the lint:
             [lints.rust]
             unexpected_cfgs = { level = "warn", check-cfg = ['cfg(target_has_atomic_primitive_alignment, values("ptr"))'] }
    = help: or consider adding `println!("cargo::rustc-check-cfg=cfg(target_has_atomic_primitive_alignment, values(\"ptr\"))");` to the top of the `build.rs`
    = note: see <https://doc.rust-lang.org/nightly/rustc/check-cfg/cargo-specifics.html> for more information about checking conditional configuration
    = note: this warning originates in the macro `ptr_atomic_methods` (in Nightly builds, run with -Z macro-backtrace for more info)
help: there is a config with a similar name and value
    |
531 -         #[cfg(target_has_atomic_primitive_alignment = $width)]
531 +         #[cfg(target_has_atomic_equal_alignment = $width)]
    |

   Compiling mesh_protobuf v0.0.0 (/home/ruize/openvmm-restore-v1/research/vmtime-reset-installation/workspace/support/mesh/mesh_protobuf)
warning: `vstd` (lib) generated 20 warnings
   Compiling mesh_node v0.0.0 (/home/ruize/openvmm-restore-v1/research/vmtime-reset-installation/workspace/support/mesh/mesh_node)
   Compiling pal_event v0.0.0 (/home/ruize/openvmm-restore-v1/research/vmtime-reset-installation/workspace/support/pal/pal_event)
   Compiling product_policy v0.0.0 (/home/ruize/openvmm-restore-v1/research/vmtime-reset-installation/workspace/openhcl/product_policy)
   Compiling pal_async v0.0.0 (/home/ruize/openvmm-restore-v1/research/vmtime-reset-installation/workspace/support/pal/pal_async)
   Compiling mesh_channel_core v0.0.0 (/home/ruize/openvmm-restore-v1/research/vmtime-reset-installation/workspace/support/mesh/mesh_channel_core)
   Compiling mesh_channel v0.0.0 (/home/ruize/openvmm-restore-v1/research/vmtime-reset-installation/workspace/support/mesh/mesh_channel)
   Compiling mesh v0.0.0 (/home/ruize/openvmm-restore-v1/research/vmtime-reset-installation/workspace/support/mesh)
   Compiling inspect v0.0.0 (/home/ruize/openvmm-restore-v1/research/vmtime-reset-installation/workspace/support/inspect)
   Compiling vm_resource v0.0.0 (/home/ruize/openvmm-restore-v1/research/vmtime-reset-installation/workspace/vm/vmcore/vm_resource)
   Compiling guestmem v0.0.0 (/home/ruize/openvmm-restore-v1/research/vmtime-reset-installation/workspace/vm/vmcore/guestmem)
   Compiling guid v0.0.0 (/home/ruize/openvmm-restore-v1/research/vmtime-reset-installation/workspace/support/guid)
   Compiling memory_range v0.0.0 (/home/ruize/openvmm-restore-v1/research/vmtime-reset-installation/workspace/vm/vmcore/memory_range)
   Compiling inspect_counters v0.0.0 (/home/ruize/openvmm-restore-v1/research/vmtime-reset-installation/workspace/support/inspect_counters)
   Compiling local_clock v0.0.0 (/home/ruize/openvmm-restore-v1/research/vmtime-reset-installation/workspace/support/local_clock)
   Compiling task_control v0.0.0 (/home/ruize/openvmm-restore-v1/research/vmtime-reset-installation/workspace/support/task_control)
   Compiling address_filter v0.0.0 (/home/ruize/openvmm-restore-v1/research/vmtime-reset-installation/workspace/support/address_filter)
   Compiling hcl_compat_uefi_nvram_resources v0.0.0 (/home/ruize/openvmm-restore-v1/research/vmtime-reset-installation/workspace/vm/devices/firmware/hcl_compat_uefi_nvram_resources)
   Compiling loader_defs v0.0.0 (/home/ruize/openvmm-restore-v1/research/vmtime-reset-installation/workspace/vm/loader/loader_defs)
   Compiling vmbus_core v0.0.0 (/home/ruize/openvmm-restore-v1/research/vmtime-reset-installation/workspace/vm/devices/vmbus/vmbus_core)
   Compiling uefi_specs v0.0.0 (/home/ruize/openvmm-restore-v1/research/vmtime-reset-installation/workspace/vm/devices/firmware/uefi_specs)
   Compiling hybrid_vsock v0.0.0 (/home/ruize/openvmm-restore-v1/research/vmtime-reset-installation/workspace/support/hybrid_vsock)
   Compiling vpci_protocol v0.0.0 (/home/ruize/openvmm-restore-v1/research/vmtime-reset-installation/workspace/vm/devices/pci/vpci_protocol)
   Compiling tdisp v0.0.0 (/home/ruize/openvmm-restore-v1/research/vmtime-reset-installation/workspace/vm/devices/tdisp)
   Compiling vmcore v0.0.0 (/home/ruize/openvmm-restore-v1/research/vmtime-reset-installation/workspace/vm/vmcore)
   Compiling chipset_resources v0.0.0 (/home/ruize/openvmm-restore-v1/research/vmtime-reset-installation/workspace/vm/devices/chipset_resources)
   Compiling input_core v0.0.0 (/home/ruize/openvmm-restore-v1/research/vmtime-reset-installation/workspace/vm/devices/input_core)
   Compiling power_resources v0.0.0 (/home/ruize/openvmm-restore-v1/research/vmtime-reset-installation/workspace/vm/power_resources)
   Compiling serial_core v0.0.0 (/home/ruize/openvmm-restore-v1/research/vmtime-reset-installation/workspace/vm/devices/serial/serial_core)
   Compiling missing_dev_resources v0.0.0 (/home/ruize/openvmm-restore-v1/research/vmtime-reset-installation/workspace/vm/devices/missing_dev_resources)
   Compiling video_core v0.0.0 (/home/ruize/openvmm-restore-v1/research/vmtime-reset-installation/workspace/vm/devices/video_core)
   Compiling ide_resources v0.0.0 (/home/ruize/openvmm-restore-v1/research/vmtime-reset-installation/workspace/vm/devices/storage/ide_resources)
warning: unexpected `cfg` condition name: `verus_keep_ghost`
  --> vm/vmcore/src/vmtime.rs:54:7
   |
54 | #[cfg(verus_keep_ghost)]
   |       ^^^^^^^^^^^^^^^^
   |
   = help: expected names are: `docsrs`, `feature`, `test`, and `trick_rust_analyzer_into_highlighting_interpolated_bits` and 31 more
   = help: consider using a Cargo feature instead
   = help: or consider adding in `Cargo.toml` the `check-cfg` lint config for the lint:
            [lints.rust]
            unexpected_cfgs = { level = "warn", check-cfg = ['cfg(verus_keep_ghost)'] }
   = help: or consider adding `println!("cargo::rustc-check-cfg=cfg(verus_keep_ghost)");` to the top of the `build.rs`
   = note: see <https://doc.rust-lang.org/nightly/rustc/check-cfg/cargo-specifics.html> for more information about checking conditional configuration
   = note: requested on the command line with `-W unexpected-cfgs`

   Compiling scsi_buffers v0.0.0 (/home/ruize/openvmm-restore-v1/research/vmtime-reset-installation/workspace/vm/devices/storage/scsi_buffers)
   Compiling vmbus_ring v0.0.0 (/home/ruize/openvmm-restore-v1/research/vmtime-reset-installation/workspace/vm/devices/vmbus/vmbus_ring)
   Compiling uefi_nvram_storage v0.0.0 (/home/ruize/openvmm-restore-v1/research/vmtime-reset-installation/workspace/vm/devices/firmware/uefi_nvram_storage)
   Compiling hcl_compat_uefi_nvram_storage v0.0.0 (/home/ruize/openvmm-restore-v1/research/vmtime-reset-installation/workspace/vm/devices/firmware/hcl_compat_uefi_nvram_storage)
   Compiling chipset_device v0.0.0 (/home/ruize/openvmm-restore-v1/research/vmtime-reset-installation/workspace/vm/chipset_device)
   Compiling disk_backend v0.0.0 (/home/ruize/openvmm-restore-v1/research/vmtime-reset-installation/workspace/vm/devices/storage/disk_backend)
   Compiling vmbus_channel v0.0.0 (/home/ruize/openvmm-restore-v1/research/vmtime-reset-installation/workspace/vm/devices/vmbus/vmbus_channel)
   Compiling generation_id v0.0.0 (/home/ruize/openvmm-restore-v1/research/vmtime-reset-installation/workspace/vm/devices/firmware/generation_id)
   Compiling scsi_core v0.0.0 (/home/ruize/openvmm-restore-v1/research/vmtime-reset-installation/workspace/vm/devices/storage/scsi_core)
   Compiling state_unit v0.0.0 (/home/ruize/openvmm-restore-v1/research/vmtime-reset-installation/workspace/vmm_core/state_unit)
   Compiling pci_core v0.0.0 (/home/ruize/openvmm-restore-v1/research/vmtime-reset-installation/workspace/vm/devices/pci/pci_core)
   Compiling chipset_device_resources v0.0.0 (/home/ruize/openvmm-restore-v1/research/vmtime-reset-installation/workspace/vm/chipset_device_resources)
   Compiling floppy_pcat_stub v0.0.0 (/home/ruize/openvmm-restore-v1/research/vmtime-reset-installation/workspace/vm/devices/storage/floppy_pcat_stub)
   Compiling framebuffer v0.0.0 (/home/ruize/openvmm-restore-v1/research/vmtime-reset-installation/workspace/vm/devices/framebuffer)
   Compiling floppy v0.0.0 (/home/ruize/openvmm-restore-v1/research/vmtime-reset-installation/workspace/vm/devices/storage/floppy)
   Compiling chipset v0.0.0 (/home/ruize/openvmm-restore-v1/research/vmtime-reset-installation/workspace/vm/devices/chipset)
warning: `vmcore` (lib) generated 1 warning
   Compiling vmbus_async v0.0.0 (/home/ruize/openvmm-restore-v1/research/vmtime-reset-installation/workspace/vm/devices/vmbus/vmbus_async)
   Compiling vmbus_server v0.0.0 (/home/ruize/openvmm-restore-v1/research/vmtime-reset-installation/workspace/vm/devices/vmbus/vmbus_server)
   Compiling pci_resources v0.0.0 (/home/ruize/openvmm-restore-v1/research/vmtime-reset-installation/workspace/vm/devices/pci/pci_resources)
   Compiling pci_bus v0.0.0 (/home/ruize/openvmm-restore-v1/research/vmtime-reset-installation/workspace/vm/devices/pci/pci_bus)
   Compiling ide v0.0.0 (/home/ruize/openvmm-restore-v1/research/vmtime-reset-installation/workspace/vm/devices/storage/ide)
   Compiling missing_dev v0.0.0 (/home/ruize/openvmm-restore-v1/research/vmtime-reset-installation/workspace/vm/devices/missing_dev)
   Compiling vpci v0.0.0 (/home/ruize/openvmm-restore-v1/research/vmtime-reset-installation/workspace/vm/devices/pci/vpci)
   Compiling cxl_spec v0.0.0 (/home/ruize/openvmm-restore-v1/research/vmtime-reset-installation/workspace/vm/devices/cxl)
   Compiling chipset_legacy v0.0.0 (/home/ruize/openvmm-restore-v1/research/vmtime-reset-installation/workspace/vm/devices/chipset_legacy)
   Compiling vm_topology v0.0.0 (/home/ruize/openvmm-restore-v1/research/vmtime-reset-installation/workspace/vm/vmcore/vm_topology)
   Compiling pcie v0.0.0 (/home/ruize/openvmm-restore-v1/research/vmtime-reset-installation/workspace/vm/devices/pci/pcie)
   Compiling acpi v0.0.0 (/home/ruize/openvmm-restore-v1/research/vmtime-reset-installation/workspace/vm/acpi)
warning: unexpected `cfg` condition name: `verus_keep_ghost`
  --> vm/vmcore/vm_topology/src/processor.rs:25:7
   |
25 | #[cfg(verus_keep_ghost)]
   |       ^^^^^^^^^^^^^^^^
   |
   = help: expected names are: `docsrs`, `feature`, `guest_arch`, `guest_is_native`, `test`, and `trick_rust_analyzer_into_highlighting_interpolated_bits` and 31 more
   = help: consider using a Cargo feature instead
   = help: or consider adding in `Cargo.toml` the `check-cfg` lint config for the lint:
            [lints.rust]
            unexpected_cfgs = { level = "warn", check-cfg = ['cfg(verus_keep_ghost)'] }
   = help: or consider adding `println!("cargo::rustc-check-cfg=cfg(verus_keep_ghost)");` to the top of the `build.rs`
   = note: see <https://doc.rust-lang.org/nightly/rustc/check-cfg/cargo-specifics.html> for more information about checking conditional configuration
   = note: requested on the command line with `-W unexpected-cfgs`

   Compiling firmware_pcat v0.0.0 (/home/ruize/openvmm-restore-v1/research/vmtime-reset-installation/workspace/vm/devices/firmware/firmware_pcat)
   Compiling virt v0.0.0 (/home/ruize/openvmm-restore-v1/research/vmtime-reset-installation/workspace/vmm_core/virt)
   Compiling loader v0.0.0 (/home/ruize/openvmm-restore-v1/research/vmtime-reset-installation/workspace/vm/loader)
warning: `vm_topology` (lib) generated 1 warning
   Compiling vmotherboard v0.0.0 (/home/ruize/openvmm-restore-v1/research/vmtime-reset-installation/workspace/vmm_core/vmotherboard)
   Compiling vmm_core_defs v0.0.0 (/home/ruize/openvmm-restore-v1/research/vmtime-reset-installation/workspace/vmm_core/vmm_core_defs)
   Compiling vmm_core v0.0.0 (/home/ruize/openvmm-restore-v1/research/vmtime-reset-installation/workspace/vmm_core)
warning: missing documentation for the crate
   --> /home/ruize/openvmm-restore-v1/research/vmtime-reset-installation/probe.rs:4:1
    |
  4 | / use futures::future::poll_fn;
  5 | | use pal_async::DefaultPool;
  6 | | use std::future::Future;
  7 | | use std::pin::Pin;
...   |
191 | |     println!("production StateUnits -> run_vmtime -> advance: 7 ticks + 1234 ns = 19 ticks");
192 | | }
    | |_^
    |
    = note: requested on the command line with `-W missing-docs`

warning: `vmm_core` (test "vmtime_reset_installation") generated 1 warning
    Finished `test` profile [unoptimized + debuginfo] target(s) in 15.19s
────────────
 Nextest run ID d20df2d2-084a-412a-8108-ebbdebd4badd with nextest profile: agent
    Starting 6 tests across 1 binary
  stdout ───

    running 1 test
    registration-before: old observation only while reset pending; then VmTime(91)
    test registration_before_reset_must_ack_before_reset_completes ... ok

    test result: ok. 1 passed; 0 failed; 0 ignored; 0 measured; 5 filtered out; finished in 0.00s


  stdout ───

    running 1 test
    cancelled-reset: local updated before installation; queued operation still executes
    test cancelled_reset_is_not_a_completed_installation ... ok

    test result: ok. 1 passed; 0 failed; 0 ignored; 0 measured; 5 filtered out; finished in 0.00s


  stdout ───

    running 1 test
      2026-09-20T11:06:21.307882Z  INFO state_unit: new
        at vmm_core/state_unit/src/lib.rs:1144
        in state_unit::state_change with operation: "advance_time"

      2026-09-20T11:06:21.307934Z  INFO state_unit: new
        at vmm_core/state_unit/src/lib.rs:1257
        in state_unit::device_state_change with device: "vmtime"
        in state_unit::state_change with operation: "advance_time"

      2026-09-20T11:06:21.308003Z DEBUG state_unit: device state change complete, duration: 52.656µs
        at vmm_core/state_unit/src/lib.rs:1264
        in state_unit::device_state_change with device: "vmtime"
        in state_unit::state_change with operation: "advance_time"

      2026-09-20T11:06:21.308034Z  INFO state_unit: close, time.busy: 36.4µs, time.idle: 64.9µs
        at vmm_core/state_unit/src/lib.rs:1257
        in state_unit::device_state_change with device: "vmtime"
        in state_unit::state_change with operation: "advance_time"

      2026-09-20T11:06:21.308067Z  INFO state_unit: state change complete, duration: 150.751µs
        at vmm_core/state_unit/src/lib.rs:1141
        in state_unit::state_change with operation: "advance_time"

      2026-09-20T11:06:21.308091Z  INFO state_unit: close, time.busy: 130µs, time.idle: 85.9µs
        at vmm_core/state_unit/src/lib.rs:1144
        in state_unit::state_change with operation: "advance_time"

    production StateUnits -> run_vmtime -> advance: 7 ticks + 1234 ns = 19 ticks
    test real_state_unit_advance_routes_the_duration_while_stopped ... ok

    test result: ok. 1 passed; 0 failed; 0 ignored; 0 measured; 5 filtered out; finished in 0.00s


  stdout ───

    running 1 test
    cancelled-registration: no source published; subsequent source = VmTime(91)
    test cancelled_registration_does_not_supply_an_old_source ... ok

    test result: ok. 1 passed; 0 failed; 0 ignored; 0 measured; 5 filtered out; finished in 0.00s


  stdout ───

    running 1 test
    healthy: local save, existing access, and later registration = VmTime(91)
    test healthy_reset_and_registration_after_reset ... ok

    test result: ok. 1 passed; 0 failed; 0 ignored; 0 measured; 5 filtered out; finished in 0.00s


        SLOW [>  5.000s] (───) vmm_core::vmtime_reset_installation discarded_secondary_error_leaves_a_surviving_stale_access
        SLOW [> 10.000s] (───) vmm_core::vmtime_reset_installation discarded_secondary_error_leaves_a_surviving_stale_access
        SLOW [> 15.000s] (───) vmm_core::vmtime_reset_installation discarded_secondary_error_leaves_a_surviving_stale_access
        SLOW [> 20.000s] (───) vmm_core::vmtime_reset_installation discarded_secondary_error_leaves_a_surviving_stale_access
        SLOW [> 25.000s] (───) vmm_core::vmtime_reset_installation discarded_secondary_error_leaves_a_surviving_stale_access
 TERMINATING [> 30.000s] (───) vmm_core::vmtime_reset_installation discarded_secondary_error_leaves_a_surviving_stale_access
     TIMEOUT [  30.007s] (6/6) vmm_core::vmtime_reset_installation discarded_secondary_error_leaves_a_surviving_stale_access
  stdout ───

    running 1 test

    (test timed out)

────────────
     Summary [  30.009s] 6 tests run: 5 passed, 1 timed out, 0 skipped
     TIMEOUT [  30.007s] (6/6) vmm_core::vmtime_reset_installation discarded_secondary_error_leaves_a_surviving_stale_access
error: test run failed
